[themewagon.github.io/MediLab/index.html]
[backblue.gif]
[fade.gif]
[index.html]
[themewagon.github.io/MediLab/assets/img/favicon.png]
[themewagon.github.io/MediLab/assets/img/apple-touch-icon.png]
[themewagon.github.io/MediLab/assets/vendor/bootstrap/css/bootstrap.min.css]
[themewagon.github.io/MediLab/assets/vendor/bootstrap-icons/bootstrap-icons.css]
[themewagon.github.io/MediLab/assets/vendor/aos/aos.css]
[themewagon.github.io/MediLab/assets/vendor/fontawesome-free/css/all.min.css]
[themewagon.github.io/MediLab/assets/vendor/glightbox/css/glightbox.min.css]
[themewagon.github.io/MediLab/assets/vendor/swiper/swiper-bundle.min.css]
[themewagon.github.io/MediLab/assets/css/main.css]
[themewagon.github.io/MediLab/index-2.html]
[themewagon.github.io/MediLab/assets/img/hero-bg.jpg]
[themewagon.github.io/MediLab/assets/img/about.jpg]
[themewagon.github.io/MediLab/assets/img/departments-1.jpg]
[themewagon.github.io/MediLab/assets/img/departments-2.jpg]
[themewagon.github.io/MediLab/assets/img/departments-3.jpg]
[themewagon.github.io/MediLab/assets/img/departments-4.jpg]
[themewagon.github.io/MediLab/assets/img/departments-5.jpg]
[themewagon.github.io/MediLab/assets/img/doctors/doctors-1.jpg]
[themewagon.github.io/MediLab/assets/img/doctors/doctors-2.jpg]
[themewagon.github.io/MediLab/assets/img/doctors/doctors-3.jpg]
[themewagon.github.io/MediLab/assets/img/doctors/doctors-4.jpg]
[themewagon.github.io/MediLab/assets/img/testimonials/testimonials-1.jpg]
[themewagon.github.io/MediLab/assets/img/testimonials/testimonials-2.jpg]
[themewagon.github.io/MediLab/assets/img/testimonials/testimonials-3.jpg]
[themewagon.github.io/MediLab/assets/img/testimonials/testimonials-4.jpg]
[themewagon.github.io/MediLab/assets/img/testimonials/testimonials-5.jpg]
[themewagon.github.io/MediLab/assets/img/gallery/gallery-1.jpg]
[themewagon.github.io/MediLab/assets/img/gallery/gallery-2.jpg]
[themewagon.github.io/MediLab/assets/img/gallery/gallery-3.jpg]
[themewagon.github.io/MediLab/assets/img/gallery/gallery-4.jpg]
[themewagon.github.io/MediLab/assets/img/gallery/gallery-5.jpg]
[themewagon.github.io/MediLab/assets/img/gallery/gallery-6.jpg]
[themewagon.github.io/MediLab/assets/img/gallery/gallery-7.jpg]
[themewagon.github.io/MediLab/assets/img/gallery/gallery-8.jpg]
[themewagon.github.io/MediLab/assets/vendor/bootstrap/js/bootstrap.bundle.min.js]
[themewagon.github.io/MediLab/assets/vendor/php-email-form/validate.js]
[themewagon.github.io/MediLab/assets/vendor/aos/aos.js]
[themewagon.github.io/MediLab/assets/vendor/glightbox/js/glightbox.min.js]
[themewagon.github.io/MediLab/assets/vendor/purecounter/purecounter_vanilla.js]
[themewagon.github.io/MediLab/assets/vendor/swiper/swiper-bundle.min.js]
[themewagon.github.io/MediLab/assets/js/main.js]
[themewagon.github.io/MediLab/index.html]
[themewagon.github.io/MediLab/assets/vendor/bootstrap/css/bootstrap.min.css]
[themewagon.github.io/MediLab/assets/vendor/bootstrap-icons/fonts/bootstrap-icons0107.woff2]
[themewagon.github.io/MediLab/assets/vendor/bootstrap-icons/fonts/bootstrap-icons0107.woff]
[themewagon.github.io/MediLab/assets/vendor/bootstrap-icons/bootstrap-icons.css]
[themewagon.github.io/MediLab/assets/vendor/aos/aos.css]
[themewagon.github.io/MediLab/assets/vendor/fontawesome-free/webfonts/fa-brands-400.woff2]
[themewagon.github.io/MediLab/assets/vendor/fontawesome-free/webfonts/fa-brands-400.ttf]
[themewagon.github.io/MediLab/assets/vendor/fontawesome-free/webfonts/fa-regular-400.woff2]
[themewagon.github.io/MediLab/assets/vendor/fontawesome-free/webfonts/fa-regular-400.ttf]
[themewagon.github.io/MediLab/assets/vendor/fontawesome-free/webfonts/fa-solid-900.woff2]
[themewagon.github.io/MediLab/assets/vendor/fontawesome-free/webfonts/fa-solid-900.ttf]
[themewagon.github.io/MediLab/assets/vendor/fontawesome-free/webfonts/fa-v4compatibility.woff2]
[themewagon.github.io/MediLab/assets/vendor/fontawesome-free/webfonts/fa-v4compatibility.ttf]
[themewagon.github.io/MediLab/assets/vendor/fontawesome-free/css/all.min.css]
[themewagon.github.io/MediLab/assets/vendor/glightbox/css/glightbox.min.css]
[themewagon.github.io/MediLab/assets/vendor/swiper/swiper-bundle.min.css]
[themewagon.github.io/MediLab/assets/css/main.css]
[themewagon.github.io/MediLab/index-2.html]
