[themes.potenzaglobalsolutions.com/html/mentor-bootstrap-4-admin-dashboard-template/index.html]
[backblue.gif]
[fade.gif]
[index.html]
[themes.potenzaglobalsolutions.com/html/mentor-bootstrap-4-admin-dashboard-template/assets/img/favicon.ico]
[themes.potenzaglobalsolutions.com/html/mentor-bootstrap-4-admin-dashboard-template/index-2.html]
[themes.potenzaglobalsolutions.com/html/mentor-bootstrap-4-admin-dashboard-template/assets/img/logo.png]
[themes.potenzaglobalsolutions.com/html/mentor-bootstrap-4-admin-dashboard-template/assets/img/logo-icon.png]
[themes.potenzaglobalsolutions.com/html/mentor-bootstrap-4-admin-dashboard-template/ui-alerts.html]
[themes.potenzaglobalsolutions.com/html/mentor-bootstrap-4-admin-dashboard-template/ui-button.html]
[themes.potenzaglobalsolutions.com/html/mentor-bootstrap-4-admin-dashboard-template/ui-cards.html]
[themes.potenzaglobalsolutions.com/html/mentor-bootstrap-4-admin-dashboard-template/ui-carousel.html]
[themes.potenzaglobalsolutions.com/html/mentor-bootstrap-4-admin-dashboard-template/ui-dropdowns.html]
[themes.potenzaglobalsolutions.com/html/mentor-bootstrap-4-admin-dashboard-template/ui-list-group.html]
[themes.potenzaglobalsolutions.com/html/mentor-bootstrap-4-admin-dashboard-template/ui-modals.html]
[themes.potenzaglobalsolutions.com/html/mentor-bootstrap-4-admin-dashboard-template/ui-progressbars.html]
[themes.potenzaglobalsolutions.com/html/mentor-bootstrap-4-admin-dashboard-template/ui-tabs.html]
[themes.potenzaglobalsolutions.com/html/mentor-bootstrap-4-admin-dashboard-template/page-account-settings.html]
[themes.potenzaglobalsolutions.com/html/mentor-bootstrap-4-admin-dashboard-template/page-clients.html]
[themes.potenzaglobalsolutions.com/html/mentor-bootstrap-4-admin-dashboard-template/page-contacts.html]
[themes.potenzaglobalsolutions.com/html/mentor-bootstrap-4-admin-dashboard-template/page-gallery.html]
[themes.potenzaglobalsolutions.com/html/mentor-bootstrap-4-admin-dashboard-template/page-pricing.html]
[themes.potenzaglobalsolutions.com/html/mentor-bootstrap-4-admin-dashboard-template/page-task-list.html]
[themes.potenzaglobalsolutions.com/html/mentor-bootstrap-4-admin-dashboard-template/page-404.html]
[themes.potenzaglobalsolutions.com/html/mentor-bootstrap-4-admin-dashboard-template/page-500.html]
[themes.potenzaglobalsolutions.com/html/mentor-bootstrap-4-admin-dashboard-template/page-coming-soon.html]
[themes.potenzaglobalsolutions.com/html/mentor-bootstrap-4-admin-dashboard-template/assets/img/avtar/03.jpg]
[themes.potenzaglobalsolutions.com/html/mentor-bootstrap-4-admin-dashboard-template/assets/img/avtar/01.jpg]
[themes.potenzaglobalsolutions.com/html/mentor-bootstrap-4-admin-dashboard-template/assets/img/avtar/02.jpg]
[themes.potenzaglobalsolutions.com/html/mentor-bootstrap-4-admin-dashboard-template/assets/img/avtar/04.jpg]
[themes.potenzaglobalsolutions.com/html/mentor-bootstrap-4-admin-dashboard-template/assets/img/avtar/05.jpg]
[themes.potenzaglobalsolutions.com/html/mentor-bootstrap-4-admin-dashboard-template/assets/img/avtar/06.jpg]
[themes.potenzaglobalsolutions.com/html/mentor-bootstrap-4-admin-dashboard-template/index-ecommerce.html]
[themes.potenzaglobalsolutions.com/html/mentor-bootstrap-4-admin-dashboard-template/index-car-dealer.html]
[themes.potenzaglobalsolutions.com/html/mentor-bootstrap-4-admin-dashboard-template/index-stock-market.html]
[themes.potenzaglobalsolutions.com/html/mentor-bootstrap-4-admin-dashboard-template/index-dating.html]
[themes.potenzaglobalsolutions.com/html/mentor-bootstrap-4-admin-dashboard-template/index-job-portal.html]
[themes.potenzaglobalsolutions.com/html/mentor-bootstrap-4-admin-dashboard-template/index-crm.html]
[themes.potenzaglobalsolutions.com/html/mentor-bootstrap-4-admin-dashboard-template/index-real-estate.html]
[themes.potenzaglobalsolutions.com/html/mentor-bootstrap-4-admin-dashboard-template/index-crypto-currency.html]
[themes.potenzaglobalsolutions.com/html/mentor-bootstrap-4-admin-dashboard-template/app-chat.html]
[themes.potenzaglobalsolutions.com/html/mentor-bootstrap-4-admin-dashboard-template/calendar-full.html]
[themes.potenzaglobalsolutions.com/html/mentor-bootstrap-4-admin-dashboard-template/calendar-list.html]
[themes.potenzaglobalsolutions.com/html/mentor-bootstrap-4-admin-dashboard-template/mail-inbox.html]
[themes.potenzaglobalsolutions.com/html/mentor-bootstrap-4-admin-dashboard-template/ui-accordions.html]
[themes.potenzaglobalsolutions.com/html/mentor-bootstrap-4-admin-dashboard-template/ui-button-icon.html]
[themes.potenzaglobalsolutions.com/html/mentor-bootstrap-4-admin-dashboard-template/ui-button-block.html]
[themes.potenzaglobalsolutions.com/html/mentor-bootstrap-4-admin-dashboard-template/ui-button-social.html]
[themes.potenzaglobalsolutions.com/html/mentor-bootstrap-4-admin-dashboard-template/ui-button-groups.html]
[themes.potenzaglobalsolutions.com/html/mentor-bootstrap-4-admin-dashboard-template/ui-badges.html]
[themes.potenzaglobalsolutions.com/html/mentor-bootstrap-4-admin-dashboard-template/ui-grid.html]
[themes.potenzaglobalsolutions.com/html/mentor-bootstrap-4-admin-dashboard-template/ui-lightbox.html]
[themes.potenzaglobalsolutions.com/html/mentor-bootstrap-4-admin-dashboard-template/ui-media.html]
[themes.potenzaglobalsolutions.com/html/mentor-bootstrap-4-admin-dashboard-template/ui-nestable-list.html]
[themes.potenzaglobalsolutions.com/html/mentor-bootstrap-4-admin-dashboard-template/ui-pagination.html]
[themes.potenzaglobalsolutions.com/html/mentor-bootstrap-4-admin-dashboard-template/ui-sweet-alert.html]
[themes.potenzaglobalsolutions.com/html/mentor-bootstrap-4-admin-dashboard-template/ui-nav.html]
[themes.potenzaglobalsolutions.com/html/mentor-bootstrap-4-admin-dashboard-template/ui-tooltips-popovers.html]
[themes.potenzaglobalsolutions.com/html/mentor-bootstrap-4-admin-dashboard-template/ui-typography.html]
[themes.potenzaglobalsolutions.com/html/mentor-bootstrap-4-admin-dashboard-template/ui-toastr.html]
[themes.potenzaglobalsolutions.com/html/mentor-bootstrap-4-admin-dashboard-template/ui-video.html]
[themes.potenzaglobalsolutions.com/html/mentor-bootstrap-4-admin-dashboard-template/icons-cryptocurrency.html]
[themes.potenzaglobalsolutions.com/html/mentor-bootstrap-4-admin-dashboard-template/icons-drip.html]
[themes.potenzaglobalsolutions.com/html/mentor-bootstrap-4-admin-dashboard-template/icons-dash.html]
[themes.potenzaglobalsolutions.com/html/mentor-bootstrap-4-admin-dashboard-template/icons-feather.html]
[themes.potenzaglobalsolutions.com/html/mentor-bootstrap-4-admin-dashboard-template/icons-fontawesome.html]
[themes.potenzaglobalsolutions.com/html/mentor-bootstrap-4-admin-dashboard-template/icons-ion.html]
[themes.potenzaglobalsolutions.com/html/mentor-bootstrap-4-admin-dashboard-template/icons-weather.html]
[themes.potenzaglobalsolutions.com/html/mentor-bootstrap-4-admin-dashboard-template/icons-material.html]
[themes.potenzaglobalsolutions.com/html/mentor-bootstrap-4-admin-dashboard-template/icons-themify.html]
[themes.potenzaglobalsolutions.com/html/mentor-bootstrap-4-admin-dashboard-template/widget-chart.html]
[themes.potenzaglobalsolutions.com/html/mentor-bootstrap-4-admin-dashboard-template/widget-list.html]
[themes.potenzaglobalsolutions.com/html/mentor-bootstrap-4-admin-dashboard-template/widget-social.html]
[themes.potenzaglobalsolutions.com/html/mentor-bootstrap-4-admin-dashboard-template/tables-basic.html]
[themes.potenzaglobalsolutions.com/html/mentor-bootstrap-4-admin-dashboard-template/tables-color.html]
[themes.potenzaglobalsolutions.com/html/mentor-bootstrap-4-admin-dashboard-template/tables-datatable.html]
[themes.potenzaglobalsolutions.com/html/mentor-bootstrap-4-admin-dashboard-template/tables-editable.html]
[themes.potenzaglobalsolutions.com/html/mentor-bootstrap-4-admin-dashboard-template/tables-export.html]
[themes.potenzaglobalsolutions.com/html/mentor-bootstrap-4-admin-dashboard-template/layout-mini.html]
[themes.potenzaglobalsolutions.com/html/mentor-bootstrap-4-admin-dashboard-template/chart-apex.html]
[themes.potenzaglobalsolutions.com/html/mentor-bootstrap-4-admin-dashboard-template/chart-flot.html]
[themes.potenzaglobalsolutions.com/html/mentor-bootstrap-4-admin-dashboard-template/chart-morris.html]
[themes.potenzaglobalsolutions.com/html/mentor-bootstrap-4-admin-dashboard-template/chart-chartist.html]
[themes.potenzaglobalsolutions.com/html/mentor-bootstrap-4-admin-dashboard-template/chart-chartjs.html]
[themes.potenzaglobalsolutions.com/html/mentor-bootstrap-4-admin-dashboard-template/chart-c3.html]
[themes.potenzaglobalsolutions.com/html/mentor-bootstrap-4-admin-dashboard-template/chart-sparkline.html]
[themes.potenzaglobalsolutions.com/html/mentor-bootstrap-4-admin-dashboard-template/chart-knob.html]
[themes.potenzaglobalsolutions.com/html/mentor-bootstrap-4-admin-dashboard-template/form-autonumeric.html]
[themes.potenzaglobalsolutions.com/html/mentor-bootstrap-4-admin-dashboard-template/form-editors.html]
[themes.potenzaglobalsolutions.com/html/mentor-bootstrap-4-admin-dashboard-template/form-elements.html]
[themes.potenzaglobalsolutions.com/html/mentor-bootstrap-4-admin-dashboard-template/form-file-upload.html]
[themes.potenzaglobalsolutions.com/html/mentor-bootstrap-4-admin-dashboard-template/form-input-groups.html]
[themes.potenzaglobalsolutions.com/html/mentor-bootstrap-4-admin-dashboard-template/form-inputmask.html]
[themes.potenzaglobalsolutions.com/html/mentor-bootstrap-4-admin-dashboard-template/form-layouts.html]
[themes.potenzaglobalsolutions.com/html/mentor-bootstrap-4-admin-dashboard-template/form-listbox.html]
[themes.potenzaglobalsolutions.com/html/mentor-bootstrap-4-admin-dashboard-template/form-pickers.html]
[themes.potenzaglobalsolutions.com/html/mentor-bootstrap-4-admin-dashboard-template/form-range-slider.html]
[themes.potenzaglobalsolutions.com/html/mentor-bootstrap-4-admin-dashboard-template/form-selects.html]
[themes.potenzaglobalsolutions.com/html/mentor-bootstrap-4-admin-dashboard-template/form-switchers.html]
[themes.potenzaglobalsolutions.com/html/mentor-bootstrap-4-admin-dashboard-template/form-validation.html]
[themes.potenzaglobalsolutions.com/html/mentor-bootstrap-4-admin-dashboard-template/maps-google.html]
[themes.potenzaglobalsolutions.com/html/mentor-bootstrap-4-admin-dashboard-template/maps-vector.html]
[themes.potenzaglobalsolutions.com/html/mentor-bootstrap-4-admin-dashboard-template/maps-mapael.html]
[themes.potenzaglobalsolutions.com/html/mentor-bootstrap-4-admin-dashboard-template/page-employees.html]
[themes.potenzaglobalsolutions.com/html/mentor-bootstrap-4-admin-dashboard-template/page-faq.html]
[themes.potenzaglobalsolutions.com/html/mentor-bootstrap-4-admin-dashboard-template/page-file-manager.html]
[themes.potenzaglobalsolutions.com/html/mentor-bootstrap-4-admin-dashboard-template/auth-login.html]
[themes.potenzaglobalsolutions.com/html/mentor-bootstrap-4-admin-dashboard-template/auth-register.html]
[themes.potenzaglobalsolutions.com/html/mentor-bootstrap-4-admin-dashboard-template/auth-lockscreen.html]
[themes.potenzaglobalsolutions.com/html/mentor-bootstrap-4-admin-dashboard-template/assets/js/vendors.js]
[themes.potenzaglobalsolutions.com/html/mentor-bootstrap-4-admin-dashboard-template/assets/js/app.js]
[themes.potenzaglobalsolutions.com/html/mentor-bootstrap-4-admin-dashboard-template/index.html]
[themes.potenzaglobalsolutions.com/html/mentor-bootstrap-4-admin-dashboard-template/assets/css/vendors.css]
[themes.potenzaglobalsolutions.com/html/mentor-bootstrap-4-admin-dashboard-template/assets/fonts/cryptocurrency-icons.eot]
[themes.potenzaglobalsolutions.com/html/mentor-bootstrap-4-admin-dashboard-template/assets/fonts/cryptocurrency-iconsd41d.eot]
[themes.potenzaglobalsolutions.com/html/mentor-bootstrap-4-admin-dashboard-template/assets/fonts/cryptocurrency-icons.woff2]
[themes.potenzaglobalsolutions.com/html/mentor-bootstrap-4-admin-dashboard-template/assets/fonts/cryptocurrency-icons.woff]
[themes.potenzaglobalsolutions.com/html/mentor-bootstrap-4-admin-dashboard-template/assets/fonts/cryptocurrency-icons.ttf]
[themes.potenzaglobalsolutions.com/html/mentor-bootstrap-4-admin-dashboard-template/assets/fonts/dashicons.eot]
[themes.potenzaglobalsolutions.com/html/mentor-bootstrap-4-admin-dashboard-template/assets/fonts/dashiconsd41d.eot]
[themes.potenzaglobalsolutions.com/html/mentor-bootstrap-4-admin-dashboard-template/assets/fonts/dashicons.woff2]
[themes.potenzaglobalsolutions.com/html/mentor-bootstrap-4-admin-dashboard-template/assets/fonts/dashicons.woff]
[themes.potenzaglobalsolutions.com/html/mentor-bootstrap-4-admin-dashboard-template/assets/fonts/dashicons.ttf]
[themes.potenzaglobalsolutions.com/html/mentor-bootstrap-4-admin-dashboard-template/assets/fonts/dripicons.eot]
[themes.potenzaglobalsolutions.com/html/mentor-bootstrap-4-admin-dashboard-template/assets/fonts/dripiconsd41d.eot]
[themes.potenzaglobalsolutions.com/html/mentor-bootstrap-4-admin-dashboard-template/assets/fonts/dripicons.woff]
[themes.potenzaglobalsolutions.com/html/mentor-bootstrap-4-admin-dashboard-template/assets/fonts/dripicons.ttf]
[themes.potenzaglobalsolutions.com/html/mentor-bootstrap-4-admin-dashboard-template/assets/fonts/feather.eot]
[themes.potenzaglobalsolutions.com/html/mentor-bootstrap-4-admin-dashboard-template/assets/fonts/featherd41d.eot]
[themes.potenzaglobalsolutions.com/html/mentor-bootstrap-4-admin-dashboard-template/assets/fonts/feather.woff]
[themes.potenzaglobalsolutions.com/html/mentor-bootstrap-4-admin-dashboard-template/assets/fonts/feather.ttf]
[themes.potenzaglobalsolutions.com/html/mentor-bootstrap-4-admin-dashboard-template/assets/fonts/font-awesome.eot]
[themes.potenzaglobalsolutions.com/html/mentor-bootstrap-4-admin-dashboard-template/assets/fonts/font-awesomed41d.eot]
[themes.potenzaglobalsolutions.com/html/mentor-bootstrap-4-admin-dashboard-template/assets/fonts/font-awesome.woff2]
[themes.potenzaglobalsolutions.com/html/mentor-bootstrap-4-admin-dashboard-template/assets/fonts/font-awesome.woff]
[themes.potenzaglobalsolutions.com/html/mentor-bootstrap-4-admin-dashboard-template/assets/fonts/font-awesome.ttf]
[themes.potenzaglobalsolutions.com/html/mentor-bootstrap-4-admin-dashboard-template/assets/fonts/ionicons.eot]
[themes.potenzaglobalsolutions.com/html/mentor-bootstrap-4-admin-dashboard-template/assets/fonts/ioniconsd41d.eot]
[themes.potenzaglobalsolutions.com/html/mentor-bootstrap-4-admin-dashboard-template/assets/fonts/ionicons.woff2]
[themes.potenzaglobalsolutions.com/html/mentor-bootstrap-4-admin-dashboard-template/assets/fonts/ionicons.woff]
[themes.potenzaglobalsolutions.com/html/mentor-bootstrap-4-admin-dashboard-template/assets/fonts/ionicons.ttf]
[themes.potenzaglobalsolutions.com/html/mentor-bootstrap-4-admin-dashboard-template/assets/fonts/linea-weather.eot]
[themes.potenzaglobalsolutions.com/html/mentor-bootstrap-4-admin-dashboard-template/assets/fonts/linea-weatherd41d.eot]
[themes.potenzaglobalsolutions.com/html/mentor-bootstrap-4-admin-dashboard-template/assets/fonts/linea-weather.woff]
[themes.potenzaglobalsolutions.com/html/mentor-bootstrap-4-admin-dashboard-template/assets/fonts/linea-weather.ttf]
[themes.potenzaglobalsolutions.com/html/mentor-bootstrap-4-admin-dashboard-template/assets/fonts/material-icons.eot]
[themes.potenzaglobalsolutions.com/html/mentor-bootstrap-4-admin-dashboard-template/assets/fonts/material-iconsd41d.eot]
[themes.potenzaglobalsolutions.com/html/mentor-bootstrap-4-admin-dashboard-template/assets/fonts/material-icons.woff2]
[themes.potenzaglobalsolutions.com/html/mentor-bootstrap-4-admin-dashboard-template/assets/fonts/material-icons.woff]
[themes.potenzaglobalsolutions.com/html/mentor-bootstrap-4-admin-dashboard-template/assets/fonts/material-icons.ttf]
[themes.potenzaglobalsolutions.com/html/mentor-bootstrap-4-admin-dashboard-template/assets/fonts/themify-icons.eot]
[themes.potenzaglobalsolutions.com/html/mentor-bootstrap-4-admin-dashboard-template/assets/fonts/themify-iconsd41d.eot]
[themes.potenzaglobalsolutions.com/html/mentor-bootstrap-4-admin-dashboard-template/assets/fonts/themify-icons.woff]
[themes.potenzaglobalsolutions.com/html/mentor-bootstrap-4-admin-dashboard-template/assets/fonts/themify-icons.ttf]
[themes.potenzaglobalsolutions.com/html/mentor-bootstrap-4-admin-dashboard-template/assets/fonts/summernotec360.eot]
[themes.potenzaglobalsolutions.com/html/mentor-bootstrap-4-admin-dashboard-template/assets/fonts/summernotec360.woff]
[themes.potenzaglobalsolutions.com/html/mentor-bootstrap-4-admin-dashboard-template/assets/fonts/summernotec360.ttf]
[themes.potenzaglobalsolutions.com/html/mentor-bootstrap-4-admin-dashboard-template/assets/css/style.css]
[themes.potenzaglobalsolutions.com/html/mentor-bootstrap-4-admin-dashboard-template/assets/img/loader/loader.svg]
[themes.potenzaglobalsolutions.com/html/mentor-bootstrap-4-admin-dashboard-template/index-2.html]
[themes.potenzaglobalsolutions.com/html/mentor-bootstrap-4-admin-dashboard-template/ui-alerts.html]
[themes.potenzaglobalsolutions.com/html/mentor-bootstrap-4-admin-dashboard-template/ui-button.html]
[themes.potenzaglobalsolutions.com/html/mentor-bootstrap-4-admin-dashboard-template/assets/img/widget/01.jpg]
[themes.potenzaglobalsolutions.com/html/mentor-bootstrap-4-admin-dashboard-template/assets/img/widget/02.jpg]
[themes.potenzaglobalsolutions.com/html/mentor-bootstrap-4-admin-dashboard-template/assets/img/widget/08.jpg]
[themes.potenzaglobalsolutions.com/html/mentor-bootstrap-4-admin-dashboard-template/assets/img/widget/09.jpg]
[themes.potenzaglobalsolutions.com/html/mentor-bootstrap-4-admin-dashboard-template/assets/img/widget/10.jpg]
[themes.potenzaglobalsolutions.com/html/mentor-bootstrap-4-admin-dashboard-template/assets/img/widget/07.jpg]
[themes.potenzaglobalsolutions.com/html/mentor-bootstrap-4-admin-dashboard-template/assets/img/widget/06.jpg]
[themes.potenzaglobalsolutions.com/html/mentor-bootstrap-4-admin-dashboard-template/assets/img/widget/05.jpg]
[themes.potenzaglobalsolutions.com/html/mentor-bootstrap-4-admin-dashboard-template/ui-cards.html]
[themes.potenzaglobalsolutions.com/html/mentor-bootstrap-4-admin-dashboard-template/assets/img/slider/slide-1.jpg]
[themes.potenzaglobalsolutions.com/html/mentor-bootstrap-4-admin-dashboard-template/assets/img/slider/slide-2.jpg]
[themes.potenzaglobalsolutions.com/html/mentor-bootstrap-4-admin-dashboard-template/assets/img/slider/slide-3.jpg]
[themes.potenzaglobalsolutions.com/html/mentor-bootstrap-4-admin-dashboard-template/ui-carousel.html]
[themes.potenzaglobalsolutions.com/html/mentor-bootstrap-4-admin-dashboard-template/assets/img/slider/slide-4.jpg]
[themes.potenzaglobalsolutions.com/html/mentor-bootstrap-4-admin-dashboard-template/ui-dropdowns.html]
[themes.potenzaglobalsolutions.com/html/mentor-bootstrap-4-admin-dashboard-template/ui-list-group.html]
[themes.potenzaglobalsolutions.com/html/mentor-bootstrap-4-admin-dashboard-template/ui-modals.html]
[themes.potenzaglobalsolutions.com/html/mentor-bootstrap-4-admin-dashboard-template/ui-progressbars.html]
[themes.potenzaglobalsolutions.com/html/mentor-bootstrap-4-admin-dashboard-template/ui-tabs.html]
[themes.potenzaglobalsolutions.com/html/mentor-bootstrap-4-admin-dashboard-template/page-account-settings.html]
[themes.potenzaglobalsolutions.com/html/mentor-bootstrap-4-admin-dashboard-template/assets/img/avtar/07.jpg]
[themes.potenzaglobalsolutions.com/html/mentor-bootstrap-4-admin-dashboard-template/assets/img/avtar/08.jpg]
[themes.potenzaglobalsolutions.com/html/mentor-bootstrap-4-admin-dashboard-template/assets/img/avtar/09.jpg]
[themes.potenzaglobalsolutions.com/html/mentor-bootstrap-4-admin-dashboard-template/page-clients.html]
[themes.potenzaglobalsolutions.com/html/mentor-bootstrap-4-admin-dashboard-template/page-contacts.html]
[themes.potenzaglobalsolutions.com/html/mentor-bootstrap-4-admin-dashboard-template/assets/img/widget/03.jpg]
[themes.potenzaglobalsolutions.com/html/mentor-bootstrap-4-admin-dashboard-template/assets/img/widget/04.jpg]
[themes.potenzaglobalsolutions.com/html/mentor-bootstrap-4-admin-dashboard-template/page-gallery.html]
[themes.potenzaglobalsolutions.com/html/mentor-bootstrap-4-admin-dashboard-template/page-pricing.html]
[themes.potenzaglobalsolutions.com/html/mentor-bootstrap-4-admin-dashboard-template/page-task-list.html]
[themes.potenzaglobalsolutions.com/html/mentor-bootstrap-4-admin-dashboard-template/page-404.html]
[themes.potenzaglobalsolutions.com/html/mentor-bootstrap-4-admin-dashboard-template/page-500.html]
[themes.potenzaglobalsolutions.com/html/mentor-bootstrap-4-admin-dashboard-template/page-coming-soon.html]
[themes.potenzaglobalsolutions.com/html/mentor-bootstrap-4-admin-dashboard-template/assets/img/logo-light.png]
[themes.potenzaglobalsolutions.com/html/mentor-bootstrap-4-admin-dashboard-template/assets/img/product.jpg]
[themes.potenzaglobalsolutions.com/html/mentor-bootstrap-4-admin-dashboard-template/index-ecommerce.html]
[themes.potenzaglobalsolutions.com/html/mentor-bootstrap-4-admin-dashboard-template/assets/img/flags/au.png]
[themes.potenzaglobalsolutions.com/html/mentor-bootstrap-4-admin-dashboard-template/assets/img/flags/bd.png]
[themes.potenzaglobalsolutions.com/html/mentor-bootstrap-4-admin-dashboard-template/assets/img/flags/ca.png]
[themes.potenzaglobalsolutions.com/html/mentor-bootstrap-4-admin-dashboard-template/assets/img/flags/in.png]
[themes.potenzaglobalsolutions.com/html/mentor-bootstrap-4-admin-dashboard-template/assets/img/flags/cn.png]
[themes.potenzaglobalsolutions.com/html/mentor-bootstrap-4-admin-dashboard-template/assets/img/flags/es.png]
[themes.potenzaglobalsolutions.com/html/mentor-bootstrap-4-admin-dashboard-template/assets/img/flags/lk.png]
[themes.potenzaglobalsolutions.com/html/mentor-bootstrap-4-admin-dashboard-template/index-car-dealer.html]
[themes.potenzaglobalsolutions.com/html/mentor-bootstrap-4-admin-dashboard-template/index-stock-market.html]
[themes.potenzaglobalsolutions.com/html/mentor-bootstrap-4-admin-dashboard-template/index-dating.html]
[themes.potenzaglobalsolutions.com/html/mentor-bootstrap-4-admin-dashboard-template/assets/img/browser-logo/google.png]
[themes.potenzaglobalsolutions.com/html/mentor-bootstrap-4-admin-dashboard-template/assets/img/browser-logo/envato.png]
[themes.potenzaglobalsolutions.com/html/mentor-bootstrap-4-admin-dashboard-template/assets/img/browser-logo/invision.png]
[themes.potenzaglobalsolutions.com/html/mentor-bootstrap-4-admin-dashboard-template/assets/img/browser-logo/slack.png]
[themes.potenzaglobalsolutions.com/html/mentor-bootstrap-4-admin-dashboard-template/assets/img/browser-logo/bootstrap.png]
[themes.potenzaglobalsolutions.com/html/mentor-bootstrap-4-admin-dashboard-template/index-job-portal.html]
[themes.potenzaglobalsolutions.com/html/mentor-bootstrap-4-admin-dashboard-template/index-crm.html]
[themes.potenzaglobalsolutions.com/html/mentor-bootstrap-4-admin-dashboard-template/assets/img/avtar/10.jpg]
[themes.potenzaglobalsolutions.com/html/mentor-bootstrap-4-admin-dashboard-template/assets/img/real-estate/01.jpg]
[themes.potenzaglobalsolutions.com/html/mentor-bootstrap-4-admin-dashboard-template/assets/img/real-estate/02.jpg]
[themes.potenzaglobalsolutions.com/html/mentor-bootstrap-4-admin-dashboard-template/assets/img/real-estate/03.jpg]
[themes.potenzaglobalsolutions.com/html/mentor-bootstrap-4-admin-dashboard-template/assets/img/real-estate/04.jpg]
[themes.potenzaglobalsolutions.com/html/mentor-bootstrap-4-admin-dashboard-template/assets/img/real-estate/05.jpg]
[themes.potenzaglobalsolutions.com/html/mentor-bootstrap-4-admin-dashboard-template/assets/img/real-estate/06.jpg]
[themes.potenzaglobalsolutions.com/html/mentor-bootstrap-4-admin-dashboard-template/index-real-estate.html]
[themes.potenzaglobalsolutions.com/html/mentor-bootstrap-4-admin-dashboard-template/index-crypto-currency.html]
[themes.potenzaglobalsolutions.com/html/mentor-bootstrap-4-admin-dashboard-template/app-chat.html]
[themes.potenzaglobalsolutions.com/html/mentor-bootstrap-4-admin-dashboard-template/calendar-full.html]
[themes.potenzaglobalsolutions.com/html/mentor-bootstrap-4-admin-dashboard-template/calendar-list.html]
[themes.potenzaglobalsolutions.com/html/mentor-bootstrap-4-admin-dashboard-template/mail-inbox.html]
[themes.potenzaglobalsolutions.com/html/mentor-bootstrap-4-admin-dashboard-template/ui-accordions.html]
[themes.potenzaglobalsolutions.com/html/mentor-bootstrap-4-admin-dashboard-template/ui-button-icon.html]
[themes.potenzaglobalsolutions.com/html/mentor-bootstrap-4-admin-dashboard-template/ui-button-block.html]
[themes.potenzaglobalsolutions.com/html/mentor-bootstrap-4-admin-dashboard-template/ui-button-social.html]
[themes.potenzaglobalsolutions.com/html/mentor-bootstrap-4-admin-dashboard-template/ui-button-groups.html]
[themes.potenzaglobalsolutions.com/html/mentor-bootstrap-4-admin-dashboard-template/ui-badges.html]
[themes.potenzaglobalsolutions.com/html/mentor-bootstrap-4-admin-dashboard-template/ui-grid.html]
[themes.potenzaglobalsolutions.com/html/mentor-bootstrap-4-admin-dashboard-template/ui-lightbox.html]
[themes.potenzaglobalsolutions.com/html/mentor-bootstrap-4-admin-dashboard-template/ui-media.html]
[themes.potenzaglobalsolutions.com/html/mentor-bootstrap-4-admin-dashboard-template/ui-nestable-list.html]
[themes.potenzaglobalsolutions.com/html/mentor-bootstrap-4-admin-dashboard-template/ui-pagination.html]
[themes.potenzaglobalsolutions.com/html/mentor-bootstrap-4-admin-dashboard-template/ui-sweet-alert.html]
[themes.potenzaglobalsolutions.com/html/mentor-bootstrap-4-admin-dashboard-template/ui-nav.html]
[themes.potenzaglobalsolutions.com/html/mentor-bootstrap-4-admin-dashboard-template/ui-tooltips-popovers.html]
[themes.potenzaglobalsolutions.com/html/mentor-bootstrap-4-admin-dashboard-template/ui-typography.html]
[themes.potenzaglobalsolutions.com/html/mentor-bootstrap-4-admin-dashboard-template/ui-toastr.html]
[themes.potenzaglobalsolutions.com/html/mentor-bootstrap-4-admin-dashboard-template/ui-video.html]
[themes.potenzaglobalsolutions.com/html/mentor-bootstrap-4-admin-dashboard-template/icons-cryptocurrency.html]
[themes.potenzaglobalsolutions.com/html/mentor-bootstrap-4-admin-dashboard-template/icons-drip.html]
[themes.potenzaglobalsolutions.com/html/mentor-bootstrap-4-admin-dashboard-template/icons-dash.html]
[themes.potenzaglobalsolutions.com/html/mentor-bootstrap-4-admin-dashboard-template/icons-feather.html]
[themes.potenzaglobalsolutions.com/html/mentor-bootstrap-4-admin-dashboard-template/icons-fontawesome.html]
[themes.potenzaglobalsolutions.com/html/mentor-bootstrap-4-admin-dashboard-template/icons-ion.html]
[themes.potenzaglobalsolutions.com/html/mentor-bootstrap-4-admin-dashboard-template/icons-weather.html]
[themes.potenzaglobalsolutions.com/html/mentor-bootstrap-4-admin-dashboard-template/icons-material.html]
[themes.potenzaglobalsolutions.com/html/mentor-bootstrap-4-admin-dashboard-template/icons-themify.html]
[themes.potenzaglobalsolutions.com/html/mentor-bootstrap-4-admin-dashboard-template/widget-chart.html]
[themes.potenzaglobalsolutions.com/html/mentor-bootstrap-4-admin-dashboard-template/assets/img/flags/gb.png]
[themes.potenzaglobalsolutions.com/html/mentor-bootstrap-4-admin-dashboard-template/assets/img/flags/nz.png]
[themes.potenzaglobalsolutions.com/html/mentor-bootstrap-4-admin-dashboard-template/assets/img/file-icon/ai.png]
[themes.potenzaglobalsolutions.com/html/mentor-bootstrap-4-admin-dashboard-template/assets/img/file-icon/css.png]
[themes.potenzaglobalsolutions.com/html/mentor-bootstrap-4-admin-dashboard-template/assets/img/file-icon/dbf.png]
[themes.potenzaglobalsolutions.com/html/mentor-bootstrap-4-admin-dashboard-template/assets/img/file-icon/doc.png]
[themes.potenzaglobalsolutions.com/html/mentor-bootstrap-4-admin-dashboard-template/assets/img/file-icon/dwg.png]
[themes.potenzaglobalsolutions.com/html/mentor-bootstrap-4-admin-dashboard-template/assets/img/file-icon/exe.png]
[themes.potenzaglobalsolutions.com/html/mentor-bootstrap-4-admin-dashboard-template/widget-list.html]
[themes.potenzaglobalsolutions.com/html/mentor-bootstrap-4-admin-dashboard-template/widget-social.html]
[themes.potenzaglobalsolutions.com/html/mentor-bootstrap-4-admin-dashboard-template/tables-basic.html]
[themes.potenzaglobalsolutions.com/html/mentor-bootstrap-4-admin-dashboard-template/tables-color.html]
[themes.potenzaglobalsolutions.com/html/mentor-bootstrap-4-admin-dashboard-template/tables-datatable.html]
[themes.potenzaglobalsolutions.com/html/mentor-bootstrap-4-admin-dashboard-template/tables-editable.html]
[themes.potenzaglobalsolutions.com/html/mentor-bootstrap-4-admin-dashboard-template/tables-export.html]
[themes.potenzaglobalsolutions.com/html/mentor-bootstrap-4-admin-dashboard-template/layout-mini.html]
[themes.potenzaglobalsolutions.com/html/mentor-bootstrap-4-admin-dashboard-template/chart-apex.html]
[themes.potenzaglobalsolutions.com/html/mentor-bootstrap-4-admin-dashboard-template/chart-flot.html]
[themes.potenzaglobalsolutions.com/html/mentor-bootstrap-4-admin-dashboard-template/chart-morris.html]
[themes.potenzaglobalsolutions.com/html/mentor-bootstrap-4-admin-dashboard-template/chart-chartist.html]
[themes.potenzaglobalsolutions.com/html/mentor-bootstrap-4-admin-dashboard-template/chart-chartjs.html]
[themes.potenzaglobalsolutions.com/html/mentor-bootstrap-4-admin-dashboard-template/chart-c3.html]
[themes.potenzaglobalsolutions.com/html/mentor-bootstrap-4-admin-dashboard-template/chart-sparkline.html]
[themes.potenzaglobalsolutions.com/html/mentor-bootstrap-4-admin-dashboard-template/chart-knob.html]
[themes.potenzaglobalsolutions.com/html/mentor-bootstrap-4-admin-dashboard-template/form-autonumeric.html]
[themes.potenzaglobalsolutions.com/html/mentor-bootstrap-4-admin-dashboard-template/form-editors.html]
[themes.potenzaglobalsolutions.com/html/mentor-bootstrap-4-admin-dashboard-template/form-elements.html]
[themes.potenzaglobalsolutions.com/html/mentor-bootstrap-4-admin-dashboard-template/form-file-upload.html]
[themes.potenzaglobalsolutions.com/html/mentor-bootstrap-4-admin-dashboard-template/form-input-groups.html]
[themes.potenzaglobalsolutions.com/html/mentor-bootstrap-4-admin-dashboard-template/form-inputmask.html]
[themes.potenzaglobalsolutions.com/html/mentor-bootstrap-4-admin-dashboard-template/form-layouts.html]
[themes.potenzaglobalsolutions.com/html/mentor-bootstrap-4-admin-dashboard-template/form-listbox.html]
[themes.potenzaglobalsolutions.com/html/mentor-bootstrap-4-admin-dashboard-template/form-pickers.html]
[themes.potenzaglobalsolutions.com/html/mentor-bootstrap-4-admin-dashboard-template/form-range-slider.html]
[themes.potenzaglobalsolutions.com/html/mentor-bootstrap-4-admin-dashboard-template/form-selects.html]
[themes.potenzaglobalsolutions.com/html/mentor-bootstrap-4-admin-dashboard-template/form-switchers.html]
[themes.potenzaglobalsolutions.com/html/mentor-bootstrap-4-admin-dashboard-template/form-validation.html]
[themes.potenzaglobalsolutions.com/html/mentor-bootstrap-4-admin-dashboard-template/maps-google.html]
[themes.potenzaglobalsolutions.com/html/mentor-bootstrap-4-admin-dashboard-template/maps-vector.html]
[themes.potenzaglobalsolutions.com/html/mentor-bootstrap-4-admin-dashboard-template/maps-mapael.html]
[themes.potenzaglobalsolutions.com/html/mentor-bootstrap-4-admin-dashboard-template/page-employees.html]
[themes.potenzaglobalsolutions.com/html/mentor-bootstrap-4-admin-dashboard-template/page-faq.html]
[themes.potenzaglobalsolutions.com/html/mentor-bootstrap-4-admin-dashboard-template/assets/img/file-icon/svg.png]
[themes.potenzaglobalsolutions.com/html/mentor-bootstrap-4-admin-dashboard-template/assets/img/file-icon/html.png]
[themes.potenzaglobalsolutions.com/html/mentor-bootstrap-4-admin-dashboard-template/assets/img/file-icon/jpg.png]
[themes.potenzaglobalsolutions.com/html/mentor-bootstrap-4-admin-dashboard-template/assets/img/file-icon/pdf.png]
[themes.potenzaglobalsolutions.com/html/mentor-bootstrap-4-admin-dashboard-template/assets/img/file-icon/png.png]
[themes.potenzaglobalsolutions.com/html/mentor-bootstrap-4-admin-dashboard-template/assets/img/file-icon/psd.png]
[themes.potenzaglobalsolutions.com/html/mentor-bootstrap-4-admin-dashboard-template/assets/img/file-icon/rtf.png]
[themes.potenzaglobalsolutions.com/html/mentor-bootstrap-4-admin-dashboard-template/assets/img/file-icon/xls.png]
[themes.potenzaglobalsolutions.com/html/mentor-bootstrap-4-admin-dashboard-template/assets/img/file-icon/xml.png]
[themes.potenzaglobalsolutions.com/html/mentor-bootstrap-4-admin-dashboard-template/assets/img/file-icon/zip.png]
[themes.potenzaglobalsolutions.com/html/mentor-bootstrap-4-admin-dashboard-template/page-file-manager.html]
[themes.potenzaglobalsolutions.com/html/mentor-bootstrap-4-admin-dashboard-template/auth-login.html]
[themes.potenzaglobalsolutions.com/html/mentor-bootstrap-4-admin-dashboard-template/auth-register.html]
[themes.potenzaglobalsolutions.com/html/mentor-bootstrap-4-admin-dashboard-template/auth-lockscreen.html]
[themes.potenzaglobalsolutions.com/html/mentor-bootstrap-4-admin-dashboard-template/assets/css/mCSB_buttons.html]
[themes.potenzaglobalsolutions.com/html/mentor-bootstrap-4-admin-dashboard-template/assets/css/owl.video.play.html]
[themes.potenzaglobalsolutions.com/html/mentor-bootstrap-4-admin-dashboard-template/assets/fonts/cryptocurrency-icons.svg]
[themes.potenzaglobalsolutions.com/html/mentor-bootstrap-4-admin-dashboard-template/assets/fonts/dashicons.svg]
[themes.potenzaglobalsolutions.com/html/mentor-bootstrap-4-admin-dashboard-template/assets/fonts/dripicons.svg]
[themes.potenzaglobalsolutions.com/html/mentor-bootstrap-4-admin-dashboard-template/assets/fonts/feather.svg]
[themes.potenzaglobalsolutions.com/html/mentor-bootstrap-4-admin-dashboard-template/assets/fonts/font-awesome.svg]
[themes.potenzaglobalsolutions.com/html/mentor-bootstrap-4-admin-dashboard-template/assets/fonts/ionicons.svg]
[themes.potenzaglobalsolutions.com/html/mentor-bootstrap-4-admin-dashboard-template/assets/fonts/linea-weather.svg]
[themes.potenzaglobalsolutions.com/html/mentor-bootstrap-4-admin-dashboard-template/assets/fonts/material-icons.svg]
[themes.potenzaglobalsolutions.com/html/mentor-bootstrap-4-admin-dashboard-template/assets/fonts/themify-icons.svg]
[themes.potenzaglobalsolutions.com/html/mentor-bootstrap-4-admin-dashboard-template/assets/img/export/xlsx.svg]
[themes.potenzaglobalsolutions.com/html/mentor-bootstrap-4-admin-dashboard-template/assets/img/export/csv.svg]
[themes.potenzaglobalsolutions.com/html/mentor-bootstrap-4-admin-dashboard-template/assets/img/export/txt.svg]
[themes.potenzaglobalsolutions.com/html/mentor-bootstrap-4-admin-dashboard-template/assets/img/marker/red.html]
[themes.potenzaglobalsolutions.com/html/mentor-bootstrap-4-admin-dashboard-template/assets/img/marker/blue.html]
[themes.potenzaglobalsolutions.com/html/mentor-bootstrap-4-admin-dashboard-template/assets/img/marker/purple.html]
[themes.potenzaglobalsolutions.com/html/mentor-bootstrap-4-admin-dashboard-template/assets/img/bg/coming-soon-bg.svg]
[themes.potenzaglobalsolutions.com/html/mentor-bootstrap-4-admin-dashboard-template/assets/img/widget/010.html]
[themes.potenzaglobalsolutions.com/html/mentor-bootstrap-4-admin-dashboard-template/assets/img/bg/login.svg]
