[techzaa.in/oreal/index.html]
[backblue.gif]
[fade.gif]
[index.html]
[techzaa.in/oreal/assets/images/favicon.ico]
[techzaa.in/oreal/assets/css/vendor.min.css]
[techzaa.in/oreal/assets/css/icons.min.css]
[techzaa.in/oreal/assets/css/app.min.css]
[techzaa.in/oreal/assets/js/config.min.js]
[techzaa.in/oreal/assets/images/users/avatar-1.jpg]
[techzaa.in/oreal/assets/images/users/avatar-3.jpg]
[techzaa.in/oreal/assets/images/users/avatar-5.jpg]
[techzaa.in/oreal/pages-calendar.html]
[techzaa.in/oreal/pages-pricing.html]
[techzaa.in/oreal/pages-faqs.html]
[techzaa.in/oreal/auth-lock-screen.html]
[techzaa.in/oreal/auth-signin.html]
[techzaa.in/oreal/index-2.html]
[techzaa.in/oreal/assets/images/logo-sm.png]
[techzaa.in/oreal/assets/images/logo-dark.png]
[techzaa.in/oreal/assets/images/logo-light.png]
[techzaa.in/oreal/layouts-dark-sidenav.html]
[techzaa.in/oreal/layouts-dark-topnav.html]
[techzaa.in/oreal/layouts-simple-sidenav.html]
[techzaa.in/oreal/layouts-small-sidenav.html]
[techzaa.in/oreal/layouts-small-hover.html]
[techzaa.in/oreal/layouts-small-hover-active.html]
[techzaa.in/oreal/layouts-hidden-sidenav.html]
[techzaa.in/oreal/layouts-rtl.html]
[techzaa.in/oreal/layouts-rtl-dark.html]
[techzaa.in/oreal/layouts-dark.html]
[techzaa.in/oreal/orders.html]
[techzaa.in/oreal/transactions.html]
[techzaa.in/oreal/reviews.html]
[techzaa.in/oreal/messages.html]
[techzaa.in/oreal/property-grid.html]
[techzaa.in/oreal/property-list.html]
[techzaa.in/oreal/property-details.html]
[techzaa.in/oreal/property-add.html]
[techzaa.in/oreal/agents-list.html]
[techzaa.in/oreal/agents-grid.html]
[techzaa.in/oreal/agents-details.html]
[techzaa.in/oreal/agents-add.html]
[techzaa.in/oreal/customers-list.html]
[techzaa.in/oreal/customers-grid.html]
[techzaa.in/oreal/customers-details.html]
[techzaa.in/oreal/customers-add.html]
[techzaa.in/oreal/post.html]
[techzaa.in/oreal/post-details.html]
[techzaa.in/oreal/post-create.html]
[techzaa.in/oreal/pages-starter.html]
[techzaa.in/oreal/pages-invoice.html]
[techzaa.in/oreal/pages-comingsoon.html]
[techzaa.in/oreal/pages-timeline.html]
[techzaa.in/oreal/pages-maintenance.html]
[techzaa.in/oreal/pages-404.html]
[techzaa.in/oreal/pages-404-alt.html]
[techzaa.in/oreal/auth-signup.html]
[techzaa.in/oreal/auth-password.html]
[techzaa.in/oreal/widgets.html]
[techzaa.in/oreal/ui-accordion.html]
[techzaa.in/oreal/ui-alerts.html]
[techzaa.in/oreal/ui-avatar.html]
[techzaa.in/oreal/ui-badge.html]
[techzaa.in/oreal/ui-breadcrumb.html]
[techzaa.in/oreal/ui-buttons.html]
[techzaa.in/oreal/ui-card.html]
[techzaa.in/oreal/ui-carousel.html]
[techzaa.in/oreal/ui-collapse.html]
[techzaa.in/oreal/ui-dropdown.html]
[techzaa.in/oreal/ui-list-group.html]
[techzaa.in/oreal/ui-modal.html]
[techzaa.in/oreal/ui-tabs.html]
[techzaa.in/oreal/ui-offcanvas.html]
[techzaa.in/oreal/ui-pagination.html]
[techzaa.in/oreal/ui-placeholders.html]
[techzaa.in/oreal/ui-popovers.html]
[techzaa.in/oreal/ui-progress.html]
[techzaa.in/oreal/ui-scrollspy.html]
[techzaa.in/oreal/ui-spinners.html]
[techzaa.in/oreal/ui-toasts.html]
[techzaa.in/oreal/ui-tooltips.html]
[techzaa.in/oreal/extended-ratings.html]
[techzaa.in/oreal/extended-sweetalert.html]
[techzaa.in/oreal/extended-swiper-silder.html]
[techzaa.in/oreal/extended-scrollbar.html]
[techzaa.in/oreal/extended-toastify.html]
[techzaa.in/oreal/charts-apex-area.html]
[techzaa.in/oreal/charts-apex-bar.html]
[techzaa.in/oreal/charts-apex-bubble.html]
[techzaa.in/oreal/charts-apex-candlestick.html]
[techzaa.in/oreal/charts-apex-column.html]
[techzaa.in/oreal/charts-apex-heatmap.html]
[techzaa.in/oreal/charts-apex-line.html]
[techzaa.in/oreal/charts-apex-mixed.html]
[techzaa.in/oreal/charts-apex-timeline.html]
[techzaa.in/oreal/charts-apex-boxplot.html]
[techzaa.in/oreal/charts-apex-treemap.html]
[techzaa.in/oreal/charts-apex-pie.html]
[techzaa.in/oreal/charts-apex-radar.html]
[techzaa.in/oreal/charts-apex-radialbar.html]
[techzaa.in/oreal/charts-apex-scatter.html]
[techzaa.in/oreal/charts-apex-polar-area.html]
[techzaa.in/oreal/forms-basic.html]
[techzaa.in/oreal/forms-checkbox-radio.html]
[techzaa.in/oreal/forms-choices.html]
[techzaa.in/oreal/forms-clipboard.html]
[techzaa.in/oreal/forms-flatepicker.html]
[techzaa.in/oreal/forms-validation.html]
[techzaa.in/oreal/forms-wizard.html]
[techzaa.in/oreal/forms-fileuploads.html]
[techzaa.in/oreal/forms-editors.html]
[techzaa.in/oreal/forms-input-mask.html]
[techzaa.in/oreal/forms-range-slider.html]
[techzaa.in/oreal/tables-basic.html]
[techzaa.in/oreal/tables-gridjs.html]
[techzaa.in/oreal/icons-remix.html]
[techzaa.in/oreal/icons-solar.html]
[techzaa.in/oreal/maps-google.html]
[techzaa.in/oreal/maps-vector.html]
[techzaa.in/oreal/assets/images/properties/p-9.jpg]
[techzaa.in/oreal/assets/images/properties/p-7.jpg]
[techzaa.in/oreal/assets/images/properties/p-8.jpg]
[techzaa.in/oreal/assets/images/properties/p-6.jpg]
[techzaa.in/oreal/assets/images/properties/p-10.jpg]
[techzaa.in/oreal/assets/images/users/avatar-4.jpg]
[techzaa.in/oreal/assets/images/users/avatar-6.jpg]
[techzaa.in/oreal/assets/images/users/avatar-7.jpg]
[techzaa.in/oreal/assets/images/users/avatar-8.jpg]
[techzaa.in/oreal/assets/js/app.js]
[techzaa.in/oreal/assets/vendor/jsvectormap/jsvectormap.min.js]
[techzaa.in/oreal/assets/js/vendor.js]
[techzaa.in/oreal/assets/vendor/jsvectormap/maps/world-merc.js]
[techzaa.in/oreal/assets/vendor/jsvectormap/maps/world.js]
[techzaa.in/oreal/assets/js/pages/dashboard.js]
[techzaa.in/oreal/index.html]
[techzaa.in/oreal/assets/css/vendor.min.css]
[techzaa.in/oreal/assets/fonts/iconoir14a7.eot]
[techzaa.in/oreal/assets/fonts/iconoir14a7.ttf]
[techzaa.in/oreal/assets/fonts/iconoir14a7.woff]
[techzaa.in/oreal/assets/fonts/iconoir14a7.woff2]
[techzaa.in/oreal/assets/fonts/remixicon0c93.eot]
[techzaa.in/oreal/assets/fonts/remixicon0c93.woff2]
[techzaa.in/oreal/assets/fonts/remixicon0c93.woff]
[techzaa.in/oreal/assets/fonts/remixicon0c93.ttf]
[techzaa.in/oreal/assets/fonts/boxicons.eot]
[techzaa.in/oreal/assets/fonts/boxicons.woff2]
[techzaa.in/oreal/assets/fonts/boxicons.woff]
[techzaa.in/oreal/assets/fonts/boxicons.ttf]
[techzaa.in/oreal/assets/css/icons.min.css]
[techzaa.in/oreal/assets/images/users/chat.jpg]
[techzaa.in/oreal/assets/css/app.min.css]
[techzaa.in/oreal/assets/vendor/fullcalendar/index.global.min.js]
[techzaa.in/oreal/pages-calendar.html]
[techzaa.in/oreal/pages-pricing.html]
[techzaa.in/oreal/pages-faqs.html]
[techzaa.in/oreal/auth-lock-screen.html]
[techzaa.in/oreal/auth-signin.html]
[techzaa.in/oreal/index-2.html]
[techzaa.in/oreal/layouts-dark-sidenav.html]
[techzaa.in/oreal/layouts-dark-topnav.html]
[techzaa.in/oreal/layouts-simple-sidenav.html]
[techzaa.in/oreal/layouts-small-sidenav.html]
[techzaa.in/oreal/layouts-small-hover.html]
[techzaa.in/oreal/layouts-small-hover-active.html]
[techzaa.in/oreal/layouts-hidden-sidenav.html]
[techzaa.in/oreal/assets/js/pages/app-calendar.js]
[techzaa.in/oreal/layouts-rtl.html]
[techzaa.in/oreal/layouts-rtl-dark.html]
[techzaa.in/oreal/layouts-dark.html]
[techzaa.in/oreal/assets/images/users/avatar-2.jpg]
[techzaa.in/oreal/assets/css/app-rtl.min.css]
[techzaa.in/oreal/assets/images/users/avatar-9.jpg]
[techzaa.in/oreal/assets/images/users/avatar-10.jpg]
[techzaa.in/oreal/orders.html]
[techzaa.in/oreal/assets/images/chip.png]
[techzaa.in/oreal/assets/images/contactless-payment.png]
[techzaa.in/oreal/transactions.html]
[techzaa.in/oreal/assets/images/properties/p-2.jpg]
[techzaa.in/oreal/assets/images/properties/p-3.jpg]
[techzaa.in/oreal/assets/images/properties/p-4.jpg]
[techzaa.in/oreal/assets/images/properties/p-5.jpg]
[techzaa.in/oreal/reviews.html]
[techzaa.in/oreal/assets/images/users/avatar-11.jpg]
[techzaa.in/oreal/assets/images/users/avatar-12.jpg]
[techzaa.in/oreal/assets/images/small/img-4.jpg]
[techzaa.in/oreal/assets/images/small/img-6.jpg]
[techzaa.in/oreal/assets/images/small/img-7.jpg]
[techzaa.in/oreal/assets/images/small/img-1.jpg]
[techzaa.in/oreal/assets/images/small/img-2.jpg]
[techzaa.in/oreal/assets/images/small/img-3.jpg]
[techzaa.in/oreal/assets/js/pages/app-chat.js]
[techzaa.in/oreal/messages.html]
[techzaa.in/oreal/assets/images/properties/p-1.jpg]
[techzaa.in/oreal/assets/js/pages/property-grid.js]
[techzaa.in/oreal/property-grid.html]
[techzaa.in/oreal/property-list.html]
[techzaa.in/oreal/assets/images/properties/p-11.jpg]
[techzaa.in/oreal/property-details.html]
[techzaa.in/oreal/property-add.html]
[techzaa.in/oreal/agents-list.html]
[techzaa.in/oreal/assets/images/home-2.png]
[techzaa.in/oreal/agents-grid.html]
[techzaa.in/oreal/assets/js/pages/agent-grid.js]
[techzaa.in/oreal/assets/images/properties/p-12.jpg]
[techzaa.in/oreal/assets/images/trophy.png]
[techzaa.in/oreal/assets/js/pages/agent-detail.js]
[techzaa.in/oreal/agents-details.html]
[techzaa.in/oreal/agents-add.html]
[techzaa.in/oreal/customers-list.html]
[techzaa.in/oreal/customers-grid.html]
[techzaa.in/oreal/assets/images/properties/p-14.jpg]
[techzaa.in/oreal/assets/images/properties/p-13.jpg]
[techzaa.in/oreal/assets/images/properties/p-15.jpg]
[techzaa.in/oreal/assets/js/pages/customer-detail.js]
[techzaa.in/oreal/customers-details.html]
[techzaa.in/oreal/customers-add.html]
[techzaa.in/oreal/assets/images/properties/p-16.jpg]
[techzaa.in/oreal/post.html]
[techzaa.in/oreal/assets/images/blog/blog.png]
[techzaa.in/oreal/assets/images/small/img-5.jpg]
[techzaa.in/oreal/assets/images/small/img-8.jpg]
[techzaa.in/oreal/assets/images/small/img-9.jpg]
[techzaa.in/oreal/assets/images/small/img-10.jpg]
[techzaa.in/oreal/post-details.html]
[techzaa.in/oreal/assets/js/pages/app-blog-create.js]
[techzaa.in/oreal/post-create.html]
[techzaa.in/oreal/pages-starter.html]
[techzaa.in/oreal/pages-invoice.html]
[techzaa.in/oreal/assets/js/pages/coming-soon.js]
[techzaa.in/oreal/pages-comingsoon.html]
[techzaa.in/oreal/pages-timeline.html]
[techzaa.in/oreal/pages-maintenance.html]
[techzaa.in/oreal/pages-404.html]
[techzaa.in/oreal/pages-404-alt.html]
[techzaa.in/oreal/auth-signup.html]
[techzaa.in/oreal/auth-password.html]
[techzaa.in/oreal/assets/js/pages/widgets.js]
[techzaa.in/oreal/widgets.html]
[techzaa.in/oreal/ui-accordion.html]
[techzaa.in/oreal/ui-alerts.html]
[techzaa.in/oreal/ui-avatar.html]
[techzaa.in/oreal/ui-badge.html]
[techzaa.in/oreal/ui-breadcrumb.html]
[techzaa.in/oreal/ui-buttons.html]
[techzaa.in/oreal/ui-card.html]
[techzaa.in/oreal/ui-carousel.html]
[techzaa.in/oreal/ui-collapse.html]
[techzaa.in/oreal/ui-dropdown.html]
[techzaa.in/oreal/ui-list-group.html]
[techzaa.in/oreal/ui-modal.html]
[techzaa.in/oreal/ui-tabs.html]
[techzaa.in/oreal/ui-offcanvas.html]
[techzaa.in/oreal/ui-pagination.html]
[techzaa.in/oreal/ui-placeholders.html]
[techzaa.in/oreal/ui-popovers.html]
[techzaa.in/oreal/ui-progress.html]
[techzaa.in/oreal/ui-scrollspy.html]
[techzaa.in/oreal/ui-spinners.html]
[techzaa.in/oreal/ui-toasts.html]
[techzaa.in/oreal/ui-tooltips.html]
[techzaa.in/oreal/assets/js/components/extended-rating.js]
[techzaa.in/oreal/extended-ratings.html]
[techzaa.in/oreal/assets/js/components/extended-sweetalert.js]
[techzaa.in/oreal/extended-sweetalert.html]
[techzaa.in/oreal/extended-swiper-silder.html]
[techzaa.in/oreal/extended-scrollbar.html]
[techzaa.in/oreal/extended-toastify.html]
[techzaa.in/oreal/assets/js/components/apexchart-area.js]
[techzaa.in/oreal/charts-apex-area.html]
[techzaa.in/oreal/assets/js/components/apexchart-bar.js]
[techzaa.in/oreal/charts-apex-bar.html]
[techzaa.in/oreal/assets/js/components/apexchart-bubble.js]
[techzaa.in/oreal/charts-apex-bubble.html]
[techzaa.in/oreal/assets/js/components/apexchart-candlestick.js]
[techzaa.in/oreal/charts-apex-candlestick.html]
[techzaa.in/oreal/assets/js/components/apexchart-column.js]
[techzaa.in/oreal/charts-apex-column.html]
[techzaa.in/oreal/assets/js/components/apexchart-heatmap.js]
[techzaa.in/oreal/charts-apex-heatmap.html]
[techzaa.in/oreal/assets/js/components/apexchart-line.js]
[techzaa.in/oreal/charts-apex-line.html]
[techzaa.in/oreal/assets/js/components/apexchart-mixed.js]
[techzaa.in/oreal/charts-apex-mixed.html]
[techzaa.in/oreal/assets/js/components/apexchart-timeline.js]
[techzaa.in/oreal/charts-apex-timeline.html]
[techzaa.in/oreal/assets/js/components/apexchart-boxplot.js]
[techzaa.in/oreal/charts-apex-boxplot.html]
[techzaa.in/oreal/assets/js/components/apexchart-treemap.js]
[techzaa.in/oreal/charts-apex-treemap.html]
[techzaa.in/oreal/assets/js/components/apexchart-pie.js]
[techzaa.in/oreal/charts-apex-pie.html]
[techzaa.in/oreal/assets/js/components/apexchart-radar.js]
[techzaa.in/oreal/charts-apex-radar.html]
[techzaa.in/oreal/assets/js/components/apexchart-radialbar.js]
[techzaa.in/oreal/charts-apex-radialbar.html]
[techzaa.in/oreal/assets/js/components/apexchart-scatter.js]
[techzaa.in/oreal/charts-apex-scatter.html]
[techzaa.in/oreal/charts-apex-polar-area.html]
[techzaa.in/oreal/forms-basic.html]
[techzaa.in/oreal/forms-checkbox-radio.html]
[techzaa.in/oreal/forms-choices.html]
[techzaa.in/oreal/assets/js/components/apexchart-polar-area.js]
[techzaa.in/oreal/forms-clipboard.html]
[techzaa.in/oreal/assets/js/components/form-clipboard.js]
[techzaa.in/oreal/assets/js/components/form-flatepicker.js]
[techzaa.in/oreal/forms-flatepicker.html]
[techzaa.in/oreal/forms-validation.html]
[techzaa.in/oreal/assets/images/users/dummy-avatar.jpg]
[techzaa.in/oreal/forms-wizard.html]
[techzaa.in/oreal/assets/js/components/form-fileupload.js]
[techzaa.in/oreal/forms-fileuploads.html]
[techzaa.in/oreal/assets/js/components/form-quilljs.js]
[techzaa.in/oreal/forms-editors.html]
[techzaa.in/oreal/forms-input-mask.html]
[techzaa.in/oreal/assets/js/components/form-slider.js]
[techzaa.in/oreal/forms-range-slider.html]
[techzaa.in/oreal/tables-basic.html]
[techzaa.in/oreal/assets/vendor/gridjs/theme/mermaid.min.css]
[techzaa.in/oreal/assets/vendor/gridjs/gridjs.umd.js]
[techzaa.in/oreal/assets/js/components/table-gridjs.js]
[techzaa.in/oreal/tables-gridjs.html]
[techzaa.in/oreal/icons-remix.html]
[techzaa.in/oreal/icons-solar.html]
[techzaa.in/oreal/assets/vendor/gmaps/gmaps.min.js]
[techzaa.in/oreal/assets/js/components/maps-google.js]
[techzaa.in/oreal/maps-google.html]
[techzaa.in/oreal/assets/js/components/maps-canada.js]
[techzaa.in/oreal/assets/js/components/maps-iraq.js]
[techzaa.in/oreal/assets/js/components/maps-russia.js]
[techzaa.in/oreal/assets/js/components/maps-spain.js]
[techzaa.in/oreal/assets/js/components/maps-vector.js]
[techzaa.in/oreal/maps-vector.html]
[techzaa.in/oreal/assets/fonts/iconoir14a7.svg]
[techzaa.in/oreal/assets/fonts/remixicon0c93.svg]
[techzaa.in/oreal/assets/fonts/boxiconsd41d.svg]
[techzaa.in/oreal/assets/css/app-rtl.min.css]
[techzaa.in/oreal/assets/images/card/visa.svg]
[techzaa.in/oreal/assets/images/card/mastercard.svg]
[techzaa.in/oreal/assets/images/card/paypal.svg]
[techzaa.in/oreal/assets/images/maintenance.svg]
[techzaa.in/oreal/assets/images/404.svg]
[techzaa.in/oreal/assets/vendor/gridjs/theme/mermaid.min.css]
