[bootstrapget.com/demos/admini-admin-template/index.html]
[backblue.gif]
[fade.gif]
[index.html]
[bootstrapget.com/demos/admini-admin-template/assets/fonts/bootstrap/bootstrap-icons.css]
[bootstrapget.com/demos/admini-admin-template/assets/css/main.min.css]
[bootstrapget.com/demos/admini-admin-template/assets/vendor/overlay-scroll/OverlayScrollbars.min.css]
[bootstrapget.com/demos/admini-admin-template/index-2.html]
[bootstrapget.com/demos/admini-admin-template/crm.html]
[bootstrapget.com/demos/admini-admin-template/customers.html]
[bootstrapget.com/demos/admini-admin-template/contracts.html]
[bootstrapget.com/demos/admini-admin-template/projects.html]
[bootstrapget.com/demos/admini-admin-template/expenses.html]
[bootstrapget.com/demos/admini-admin-template/subscriptions.html]
[bootstrapget.com/demos/admini-admin-template/tasks.html]
[bootstrapget.com/demos/admini-admin-template/support.html]
[bootstrapget.com/demos/admini-admin-template/accordions.html]
[bootstrapget.com/demos/admini-admin-template/alerts.html]
[bootstrapget.com/demos/admini-admin-template/buttons.html]
[bootstrapget.com/demos/admini-admin-template/badges.html]
[bootstrapget.com/demos/admini-admin-template/cards.html]
[bootstrapget.com/demos/admini-admin-template/advanced-cards.html]
[bootstrapget.com/demos/admini-admin-template/carousel.html]
[bootstrapget.com/demos/admini-admin-template/dropdowns.html]
[bootstrapget.com/demos/admini-admin-template/icons.html]
[bootstrapget.com/demos/admini-admin-template/list-items.html]
[bootstrapget.com/demos/admini-admin-template/modals.html]
[bootstrapget.com/demos/admini-admin-template/progress.html]
[bootstrapget.com/demos/admini-admin-template/popovers.html]
[bootstrapget.com/demos/admini-admin-template/placeholders.html]
[bootstrapget.com/demos/admini-admin-template/tabs.html]
[bootstrapget.com/demos/admini-admin-template/tooltips.html]
[bootstrapget.com/demos/admini-admin-template/typography.html]
[bootstrapget.com/demos/admini-admin-template/form-inputs.html]
[bootstrapget.com/demos/admini-admin-template/form-checkbox-radio.html]
[bootstrapget.com/demos/admini-admin-template/form-file-input.html]
[bootstrapget.com/demos/admini-admin-template/form-validations.html]
[bootstrapget.com/demos/admini-admin-template/date-time-pickers.html]
[bootstrapget.com/demos/admini-admin-template/form-layouts.html]
[bootstrapget.com/demos/admini-admin-template/tables.html]
[bootstrapget.com/demos/admini-admin-template/calendar.html]
[bootstrapget.com/demos/admini-admin-template/contacts.html]
[bootstrapget.com/demos/admini-admin-template/apex.html]
[bootstrapget.com/demos/admini-admin-template/morris.html]
[bootstrapget.com/demos/admini-admin-template/create-invoice.html]
[bootstrapget.com/demos/admini-admin-template/view-invoice.html]
[bootstrapget.com/demos/admini-admin-template/invoice-list.html]
[bootstrapget.com/demos/admini-admin-template/maps.html]
[bootstrapget.com/demos/admini-admin-template/profile.html]
[bootstrapget.com/demos/admini-admin-template/login.html]
[bootstrapget.com/demos/admini-admin-template/signup.html]
[bootstrapget.com/demos/admini-admin-template/forgot-password.html]
[bootstrapget.com/demos/admini-admin-template/reset-password.html]
[bootstrapget.com/demos/admini-admin-template/page-not-found.html]
[bootstrapget.com/demos/admini-admin-template/comingsoon.html]
[bootstrapget.com/demos/admini-admin-template/widgets.html]
[bootstrapget.com/demos/admini-admin-template/settings.html]
[bootstrapget.com/demos/admini-admin-template/faq.html]
[bootstrapget.com/demos/admini-admin-template/contact-us.html]
[bootstrapget.com/demos/admini-admin-template/assets/images/user1.png]
[bootstrapget.com/demos/admini-admin-template/assets/images/user2.png]
[bootstrapget.com/demos/admini-admin-template/assets/images/user3.png]
[bootstrapget.com/demos/admini-admin-template/assets/images/user4.png]
[bootstrapget.com/demos/admini-admin-template/assets/images/products/product3.png]
[bootstrapget.com/demos/admini-admin-template/assets/images/products/product4.png]
[bootstrapget.com/demos/admini-admin-template/assets/images/products/product5.png]
[bootstrapget.com/demos/admini-admin-template/assets/js/jquery.min.js]
[bootstrapget.com/demos/admini-admin-template/assets/js/bootstrap.bundle.min.js]
[bootstrapget.com/demos/admini-admin-template/assets/js/moment.min.js]
[bootstrapget.com/demos/admini-admin-template/assets/vendor/overlay-scroll/jquery.overlayScrollbars.min.js]
[bootstrapget.com/demos/admini-admin-template/assets/vendor/overlay-scroll/custom-scrollbar.js]
[bootstrapget.com/demos/admini-admin-template/assets/vendor/apex/apexcharts.min.js]
[bootstrapget.com/demos/admini-admin-template/assets/vendor/apex/custom/home/sparkline.js]
[bootstrapget.com/demos/admini-admin-template/assets/vendor/apex/custom/home/revenue.js]
[bootstrapget.com/demos/admini-admin-template/assets/vendor/apex/custom/home/sales.js]
[bootstrapget.com/demos/admini-admin-template/assets/vendor/apex/custom/home/income.js]
[bootstrapget.com/demos/admini-admin-template/assets/vendor/apex/custom/home/visits-conversions.js]
[bootstrapget.com/demos/admini-admin-template/assets/vendor/rating/raty.js]
[bootstrapget.com/demos/admini-admin-template/assets/vendor/rating/raty-custom.js]
[bootstrapget.com/demos/admini-admin-template/assets/js/custom.js]
[bootstrapget.com/demos/admini-admin-template/index.html]
[bootstrapget.com/demos/admini-admin-template/assets/images/favicon.svg]
[bootstrapget.com/demos/admini-admin-template/assets/fonts/bootstrap/bootstrap-icons.woff2]
[bootstrapget.com/demos/admini-admin-template/assets/fonts/bootstrap/bootstrap-icons.woff]
[bootstrapget.com/demos/admini-admin-template/assets/fonts/bootstrap/bootstrap-icons.css]
[bootstrapget.com/demos/admini-admin-template/assets/css/main.min.css]
[bootstrapget.com/demos/admini-admin-template/assets/vendor/overlay-scroll/OverlayScrollbars.min.css]
[bootstrapget.com/demos/admini-admin-template/index-2.html]
[bootstrapget.com/demos/admini-admin-template/assets/images/logo.svg]
[bootstrapget.com/demos/admini-admin-template/leads.html]
[bootstrapget.com/demos/admini-admin-template/spinners.html]
[bootstrapget.com/demos/admini-admin-template/input-masks.html]
[bootstrapget.com/demos/admini-admin-template/input-tags.html]
[bootstrapget.com/demos/admini-admin-template/default.html]
[bootstrapget.com/demos/admini-admin-template/assets/images/user5.png]
[bootstrapget.com/demos/admini-admin-template/assets/vendor/apex/custom/crm/invoices.js]
[bootstrapget.com/demos/admini-admin-template/assets/vendor/apex/custom/crm/deals.js]
[bootstrapget.com/demos/admini-admin-template/assets/vendor/apex/custom/crm/tickets.js]
[bootstrapget.com/demos/admini-admin-template/assets/vendor/apex/custom/crm/leads.js]
[bootstrapget.com/demos/admini-admin-template/crm.html]
[bootstrapget.com/demos/admini-admin-template/assets/vendor/datatables/dataTables.bs5.css]
[bootstrapget.com/demos/admini-admin-template/assets/vendor/datatables/dataTables.bs5-custom.css]
[bootstrapget.com/demos/admini-admin-template/assets/vendor/datatables/buttons/dataTables.bs5-custom.css]
[bootstrapget.com/demos/admini-admin-template/assets/vendor/datatables/dataTables.min.js]
[bootstrapget.com/demos/admini-admin-template/assets/vendor/datatables/dataTables.bootstrap.min.js]
[bootstrapget.com/demos/admini-admin-template/assets/vendor/datatables/custom/custom-datatables.js]
[bootstrapget.com/demos/admini-admin-template/assets/vendor/datatables/buttons/dataTables.buttons.min.js]
[bootstrapget.com/demos/admini-admin-template/assets/vendor/datatables/buttons/jszip.min.js]
[bootstrapget.com/demos/admini-admin-template/assets/vendor/datatables/buttons/pdfmake.min.js]
[bootstrapget.com/demos/admini-admin-template/assets/vendor/datatables/buttons/buttons.html5.min.js]
[bootstrapget.com/demos/admini-admin-template/assets/vendor/datatables/buttons/buttons.print.min.js]
[bootstrapget.com/demos/admini-admin-template/customers.html]
[bootstrapget.com/demos/admini-admin-template/assets/vendor/datatables/buttons/buttons.colVis.min.js]
[bootstrapget.com/demos/admini-admin-template/assets/vendor/apex/custom/contracts/type.js]
[bootstrapget.com/demos/admini-admin-template/assets/vendor/apex/custom/contracts/value.js]
[bootstrapget.com/demos/admini-admin-template/contracts.html]
[bootstrapget.com/demos/admini-admin-template/assets/vendor/datatables/buttons/vfs_fonts.js]
[bootstrapget.com/demos/admini-admin-template/assets/vendor/apex/custom/projects/projects.js]
[bootstrapget.com/demos/admini-admin-template/projects.html]
[bootstrapget.com/demos/admini-admin-template/expenses.html]
[bootstrapget.com/demos/admini-admin-template/subscriptions.html]
[bootstrapget.com/demos/admini-admin-template/assets/images/user.png]
[bootstrapget.com/demos/admini-admin-template/tasks.html]
[bootstrapget.com/demos/admini-admin-template/support.html]
[bootstrapget.com/demos/admini-admin-template/assets/images/products/product8.jpg]
[bootstrapget.com/demos/admini-admin-template/assets/images/products/product5.jpg]
[bootstrapget.com/demos/admini-admin-template/assets/images/products/product9.jpg]
[bootstrapget.com/demos/admini-admin-template/assets/images/products/product2.jpg]
[bootstrapget.com/demos/admini-admin-template/assets/images/products/product7.jpg]
[bootstrapget.com/demos/admini-admin-template/assets/images/products/product6.jpg]
[bootstrapget.com/demos/admini-admin-template/assets/images/products/product4.jpg]
[bootstrapget.com/demos/admini-admin-template/assets/images/products/product3.jpg]
[bootstrapget.com/demos/admini-admin-template/assets/images/products/product1.jpg]
[bootstrapget.com/demos/admini-admin-template/accordions.html]
[bootstrapget.com/demos/admini-admin-template/alerts.html]
[bootstrapget.com/demos/admini-admin-template/buttons.html]
[bootstrapget.com/demos/admini-admin-template/badges.html]
[bootstrapget.com/demos/admini-admin-template/cards.html]
[bootstrapget.com/demos/admini-admin-template/advanced-cards.html]
[bootstrapget.com/demos/admini-admin-template/carousel.html]
[bootstrapget.com/demos/admini-admin-template/dropdowns.html]
[bootstrapget.com/demos/admini-admin-template/icons.html]
[bootstrapget.com/demos/admini-admin-template/list-items.html]
[bootstrapget.com/demos/admini-admin-template/modals.html]
[bootstrapget.com/demos/admini-admin-template/progress.html]
[bootstrapget.com/demos/admini-admin-template/popovers.html]
[bootstrapget.com/demos/admini-admin-template/placeholders.html]
[bootstrapget.com/demos/admini-admin-template/assets/images/products/product10.jpg]
[bootstrapget.com/demos/admini-admin-template/tabs.html]
[bootstrapget.com/demos/admini-admin-template/tooltips.html]
[bootstrapget.com/demos/admini-admin-template/typography.html]
[bootstrapget.com/demos/admini-admin-template/form-inputs.html]
[bootstrapget.com/demos/admini-admin-template/form-checkbox-radio.html]
[bootstrapget.com/demos/admini-admin-template/form-file-input.html]
[bootstrapget.com/demos/admini-admin-template/assets/js/validations.js]
[bootstrapget.com/demos/admini-admin-template/form-validations.html]
[bootstrapget.com/demos/admini-admin-template/assets/vendor/daterange/daterange.css]
[bootstrapget.com/demos/admini-admin-template/assets/js/modernizr.js]
[bootstrapget.com/demos/admini-admin-template/assets/vendor/daterange/daterange.js]
[bootstrapget.com/demos/admini-admin-template/assets/vendor/daterange/custom-daterange.js]
[bootstrapget.com/demos/admini-admin-template/date-time-pickers.html]
[bootstrapget.com/demos/admini-admin-template/form-layouts.html]
[bootstrapget.com/demos/admini-admin-template/tables.html]
[bootstrapget.com/demos/admini-admin-template/assets/vendor/calendar/css/main.min.css]
[bootstrapget.com/demos/admini-admin-template/assets/vendor/calendar/css/custom.css]
[bootstrapget.com/demos/admini-admin-template/assets/vendor/calendar/js/main.min.js]
[bootstrapget.com/demos/admini-admin-template/assets/vendor/calendar/custom/daygrid-calendar.js]
[bootstrapget.com/demos/admini-admin-template/calendar.html]
[bootstrapget.com/demos/admini-admin-template/contacts.html]
[bootstrapget.com/demos/admini-admin-template/assets/vendor/apex/custom/graphs/area.js]
[bootstrapget.com/demos/admini-admin-template/assets/vendor/apex/custom/graphs/line.js]
[bootstrapget.com/demos/admini-admin-template/assets/vendor/apex/custom/graphs/bar.js]
[bootstrapget.com/demos/admini-admin-template/assets/vendor/apex/custom/graphs/column-area.js]
[bootstrapget.com/demos/admini-admin-template/assets/vendor/apex/custom/graphs/candlestick.js]
[bootstrapget.com/demos/admini-admin-template/assets/vendor/apex/custom/graphs/heatmap.js]
[bootstrapget.com/demos/admini-admin-template/assets/vendor/apex/custom/graphs/donut.js]
[bootstrapget.com/demos/admini-admin-template/assets/vendor/apex/custom/graphs/pie.js]
[bootstrapget.com/demos/admini-admin-template/apex.html]
[bootstrapget.com/demos/admini-admin-template/assets/vendor/morris/morris.css]
[bootstrapget.com/demos/admini-admin-template/assets/vendor/morris/raphael-min.js]
[bootstrapget.com/demos/admini-admin-template/assets/vendor/morris/morris.min.js]
[bootstrapget.com/demos/admini-admin-template/assets/vendor/morris/custom/area.js]
[bootstrapget.com/demos/admini-admin-template/assets/vendor/morris/custom/barColors.js]
[bootstrapget.com/demos/admini-admin-template/assets/vendor/morris/custom/dayData.js]
[bootstrapget.com/demos/admini-admin-template/assets/vendor/morris/custom/donutColors.js]
[bootstrapget.com/demos/admini-admin-template/assets/vendor/morris/custom/donutFormatter.js]
[bootstrapget.com/demos/admini-admin-template/assets/vendor/morris/custom/morrisBar.js]
[bootstrapget.com/demos/admini-admin-template/assets/vendor/morris/custom/negativeValues.js]
[bootstrapget.com/demos/admini-admin-template/assets/vendor/morris/custom/stackedBar.js]
[bootstrapget.com/demos/admini-admin-template/morris.html]
[bootstrapget.com/demos/admini-admin-template/create-invoice.html]
[bootstrapget.com/demos/admini-admin-template/view-invoice.html]
[bootstrapget.com/demos/admini-admin-template/invoice-list.html]
[bootstrapget.com/demos/admini-admin-template/assets/vendor/nouislider/css/nouislider.css]
[bootstrapget.com/demos/admini-admin-template/assets/vendor/nouislider/js/nouislider.js]
[bootstrapget.com/demos/admini-admin-template/assets/js/raphael.min.js]
[bootstrapget.com/demos/admini-admin-template/assets/vendor/mapael/jquery.mapael.min.js]
[bootstrapget.com/demos/admini-admin-template/assets/vendor/mapael/maps/france_departments.min.js]
[bootstrapget.com/demos/admini-admin-template/assets/vendor/mapael/maps/usa_states.min.js]
[bootstrapget.com/demos/admini-admin-template/assets/vendor/mapael/maps/world_countries.min.js]
[bootstrapget.com/demos/admini-admin-template/assets/vendor/mapael/custom/population.js]
[bootstrapget.com/demos/admini-admin-template/assets/vendor/mapael/custom/plotted-cities.js]
[bootstrapget.com/demos/admini-admin-template/assets/vendor/mapael/custom/range-areas.js]
[bootstrapget.com/demos/admini-admin-template/maps.html]
[bootstrapget.com/demos/admini-admin-template/assets/vendor/apex/custom/profile/income.js]
[bootstrapget.com/demos/admini-admin-template/profile.html]
[bootstrapget.com/demos/admini-admin-template/login.html]
[bootstrapget.com/demos/admini-admin-template/signup.html]
[bootstrapget.com/demos/admini-admin-template/forgot-password.html]
[bootstrapget.com/demos/admini-admin-template/reset-password.html]
[bootstrapget.com/demos/admini-admin-template/page-not-found.html]
[bootstrapget.com/demos/admini-admin-template/comingsoon.html]
[bootstrapget.com/demos/admini-admin-template/assets/images/products/product1.png]
[bootstrapget.com/demos/admini-admin-template/assets/images/products/product2.png]
[bootstrapget.com/demos/admini-admin-template/widgets.html]
[bootstrapget.com/demos/admini-admin-template/assets/vendor/apex/custom/widgets/sparkline.js]
[bootstrapget.com/demos/admini-admin-template/settings.html]
[bootstrapget.com/demos/admini-admin-template/faq.html]
[bootstrapget.com/demos/admini-admin-template/contact-us.html]
[bootstrapget.com/demos/admini-admin-template/assets/vendor/apex/custom/leads/leads.js]
[bootstrapget.com/demos/admini-admin-template/assets/vendor/apex/custom/leads/value.js]
[bootstrapget.com/demos/admini-admin-template/leads.html]
[bootstrapget.com/demos/admini-admin-template/spinners.html]
[bootstrapget.com/demos/admini-admin-template/assets/images/cards/mastercard.png]
[bootstrapget.com/demos/admini-admin-template/assets/images/cards/visa.png]
[bootstrapget.com/demos/admini-admin-template/assets/images/cards/american-express.png]
[bootstrapget.com/demos/admini-admin-template/assets/images/cards/jcb.png]
[bootstrapget.com/demos/admini-admin-template/assets/images/cards/diners.png]
[bootstrapget.com/demos/admini-admin-template/assets/images/cards/discover.png]
[bootstrapget.com/demos/admini-admin-template/assets/vendor/input-masks/cleave.min.js]
[bootstrapget.com/demos/admini-admin-template/assets/vendor/input-masks/cleave-phone.js]
[bootstrapget.com/demos/admini-admin-template/input-masks.html]
[bootstrapget.com/demos/admini-admin-template/assets/vendor/input-masks/cleave-custom.js]
[bootstrapget.com/demos/admini-admin-template/assets/vendor/input-tags/tagsinput.css]
[bootstrapget.com/demos/admini-admin-template/assets/vendor/input-tags/tagsinput.min.js]
[bootstrapget.com/demos/admini-admin-template/assets/vendor/input-tags/typeahead.js]
[bootstrapget.com/demos/admini-admin-template/assets/vendor/input-tags/tagsinput-custom.js]
[bootstrapget.com/demos/admini-admin-template/input-tags.html]
[bootstrapget.com/demos/admini-admin-template/default.html]
[bootstrapget.com/demos/admini-admin-template/assets/vendor/datatables/dataTables.bs5.css]
[bootstrapget.com/demos/admini-admin-template/assets/vendor/datatables/dataTables.bs5-custom.css]
[bootstrapget.com/demos/admini-admin-template/assets/vendor/datatables/buttons/dataTables.bs5-custom.css]
[bootstrapget.com/demos/admini-admin-template/assets/images/placeholder.svg]
[bootstrapget.com/demos/admini-admin-template/assets/vendor/daterange/daterange.css]
[bootstrapget.com/demos/admini-admin-template/assets/images/flags/1x1/hk.svg]
[bootstrapget.com/demos/admini-admin-template/assets/images/flags/1x1/au.svg]
[bootstrapget.com/demos/admini-admin-template/assets/images/flags/1x1/tz.svg]
[bootstrapget.com/demos/admini-admin-template/assets/images/flags/1x1/ru.svg]
[bootstrapget.com/demos/admini-admin-template/assets/images/flags/1x1/de.svg]
[bootstrapget.com/demos/admini-admin-template/assets/vendor/calendar/css/main.min.css]
[bootstrapget.com/demos/admini-admin-template/assets/vendor/calendar/css/custom.css]
[bootstrapget.com/demos/admini-admin-template/assets/vendor/morris/morris.css]
[bootstrapget.com/demos/admini-admin-template/assets/vendor/nouislider/css/nouislider.css]
[bootstrapget.com/demos/admini-admin-template/assets/images/error.svg]
[bootstrapget.com/demos/admini-admin-template/assets/images/coming-soon.svg]
[bootstrapget.com/demos/admini-admin-template/assets/vendor/input-tags/tagsinput.css]
