[preview.pichforest.com/probic/layouts/index.html]
[backblue.gif]
[fade.gif]
[index.html]
[preview.pichforest.com/probic/layouts/assets/images/favicon.ico]
[preview.pichforest.com/probic/layouts/assets/libs/choices.js/public/assets/styles/choices.min.css]
[preview.pichforest.com/probic/layouts/assets/libs/flatpickr/flatpickr.min.css]
[preview.pichforest.com/probic/layouts/assets/libs/dragula/dragula.min.css]
[preview.pichforest.com/probic/layouts/assets/css/bootstrap.min.css]
[preview.pichforest.com/probic/layouts/assets/css/icons.min.css]
[preview.pichforest.com/probic/layouts/assets/css/app.min.css]
[preview.pichforest.com/probic/layouts/index-2.html]
[preview.pichforest.com/probic/layouts/assets/images/logo-light-sm.png]
[preview.pichforest.com/probic/layouts/assets/images/logo-dark.png]
[preview.pichforest.com/probic/layouts/assets/images/logo-light.png]
[preview.pichforest.com/probic/layouts/ui-alerts.html]
[preview.pichforest.com/probic/layouts/ui-buttons.html]
[preview.pichforest.com/probic/layouts/ui-cards.html]
[preview.pichforest.com/probic/layouts/ui-dropdowns.html]
[preview.pichforest.com/probic/layouts/ui-modals.html]
[preview.pichforest.com/probic/layouts/ui-progressbars.html]
[preview.pichforest.com/probic/layouts/ui-tabs-accordions.html]
[preview.pichforest.com/probic/layouts/ui-typography.html]
[preview.pichforest.com/probic/layouts/assets/images/illustrator/1.png]
[preview.pichforest.com/probic/layouts/assets/images/flags/us.jpg]
[preview.pichforest.com/probic/layouts/assets/images/flags/spain.jpg]
[preview.pichforest.com/probic/layouts/assets/images/flags/germany.jpg]
[preview.pichforest.com/probic/layouts/assets/images/flags/italy.jpg]
[preview.pichforest.com/probic/layouts/assets/images/flags/russia.jpg]
[preview.pichforest.com/probic/layouts/assets/images/brands/slack.png]
[preview.pichforest.com/probic/layouts/assets/images/brands/behance.png]
[preview.pichforest.com/probic/layouts/assets/images/brands/dribbble.png]
[preview.pichforest.com/probic/layouts/assets/images/brands/dropbox.png]
[preview.pichforest.com/probic/layouts/assets/images/brands/mail_chimp.png]
[preview.pichforest.com/probic/layouts/assets/images/brands/github.png]
[preview.pichforest.com/probic/layouts/assets/images/users/avatar-3.jpg]
[preview.pichforest.com/probic/layouts/assets/images/users/avatar-4.jpg]
[preview.pichforest.com/probic/layouts/assets/images/users/avatar-10.jpg]
[preview.pichforest.com/probic/layouts/user-profile.html]
[preview.pichforest.com/probic/layouts/apps-chat.html]
[preview.pichforest.com/probic/layouts/project-file-manager.html]
[preview.pichforest.com/probic/layouts/auth-signout.html]
[preview.pichforest.com/probic/layouts/assets/images/logo-sm.png]
[preview.pichforest.com/probic/layouts/assets/images/logo-brand-light.png]
[preview.pichforest.com/probic/layouts/team-projects.html]
[preview.pichforest.com/probic/layouts/team-employee.html]
[preview.pichforest.com/probic/layouts/project-tasks-list.html]
[preview.pichforest.com/probic/layouts/project-activity.html]
[preview.pichforest.com/probic/layouts/auth-singin.html]
[preview.pichforest.com/probic/layouts/auth-signup.html]
[preview.pichforest.com/probic/layouts/auth-forgot-password.html]
[preview.pichforest.com/probic/layouts/auth-reset-password.html]
[preview.pichforest.com/probic/layouts/auth-email-verification.html]
[preview.pichforest.com/probic/layouts/auth-2step-verification.html]
[preview.pichforest.com/probic/layouts/pages-starter.html]
[preview.pichforest.com/probic/layouts/error-404-1.html]
[preview.pichforest.com/probic/layouts/error-404-2.html]
[preview.pichforest.com/probic/layouts/error-500-1.html]
[preview.pichforest.com/probic/layouts/error-500-2.html]
[preview.pichforest.com/probic/layouts/ui-badges.html]
[preview.pichforest.com/probic/layouts/ui-carousel.html]
[preview.pichforest.com/probic/layouts/ui-grid.html]
[preview.pichforest.com/probic/layouts/ui-images.html]
[preview.pichforest.com/probic/layouts/ui-offcanvas.html]
[preview.pichforest.com/probic/layouts/ui-placeholders.html]
[preview.pichforest.com/probic/layouts/ui-pagination.html]
[preview.pichforest.com/probic/layouts/ui-tooltips-popovers.html]
[preview.pichforest.com/probic/layouts/ui-spinner.html]
[preview.pichforest.com/probic/layouts/ui-video.html]
[preview.pichforest.com/probic/layouts/ui-colors.html]
[preview.pichforest.com/probic/layouts/ui-utilities.html]
[preview.pichforest.com/probic/layouts/form-elements.html]
[preview.pichforest.com/probic/layouts/tables-basic.html]
[preview.pichforest.com/probic/layouts/charts-apex.html]
[preview.pichforest.com/probic/layouts/icons-feathericons.html]
[preview.pichforest.com/probic/layouts/assets/images/users/avatar-1.jpg]
[preview.pichforest.com/probic/layouts/assets/images/users/avatar-2.jpg]
[preview.pichforest.com/probic/layouts/assets/images/users/avatar-5.jpg]
[preview.pichforest.com/probic/layouts/assets/images/users/avatar-6.jpg]
[preview.pichforest.com/probic/layouts/assets/images/users/avatar-7.jpg]
[preview.pichforest.com/probic/layouts/assets/images/users/avatar-8.jpg]
[preview.pichforest.com/probic/layouts/assets/images/users/avatar-9.jpg]
[preview.pichforest.com/probic/layouts/assets/images/small/img-6.png]
[preview.pichforest.com/probic/layouts/assets/images/small/img-9.png]
[preview.pichforest.com/probic/layouts/assets/images/small/img-5.png]
[preview.pichforest.com/probic/layouts/assets/images/small/img-7.png]
[preview.pichforest.com/probic/layouts/assets/libs/bootstrap/js/bootstrap.bundle.min.js]
[preview.pichforest.com/probic/layouts/assets/libs/metismenujs/metismenujs.min.js]
[preview.pichforest.com/probic/layouts/assets/libs/simplebar/simplebar.min.js]
[preview.pichforest.com/probic/layouts/assets/libs/feather-icons/feather.min.js]
[preview.pichforest.com/probic/layouts/assets/libs/dragula/dragula.min.js]
[preview.pichforest.com/probic/layouts/assets/libs/dom-autoscroller/dom-autoscroller.min.js]
[preview.pichforest.com/probic/layouts/assets/libs/choices.js/public/assets/scripts/choices.min.js]
[preview.pichforest.com/probic/layouts/assets/libs/flatpickr/flatpickr.min.js]
[preview.pichforest.com/probic/layouts/assets/js/pages/moment.js]
[preview.pichforest.com/probic/layouts/assets/js/pages/kanbanboard.init.js]
[preview.pichforest.com/probic/layouts/assets/js/pages/remove.init.js]
[preview.pichforest.com/probic/layouts/assets/js/pages/flatpickr.init.js]
[preview.pichforest.com/probic/layouts/assets/js/pages/choices.init.js]
[preview.pichforest.com/probic/layouts/assets/js/app.js]
[preview.pichforest.com/probic/layouts/index.html]
[preview.pichforest.com/probic/layouts/assets/libs/choices.js/public/assets/styles/choices.min.css]
[preview.pichforest.com/probic/layouts/assets/libs/flatpickr/flatpickr.min.css]
[preview.pichforest.com/probic/layouts/assets/libs/dragula/dragula.min.css]
[preview.pichforest.com/probic/layouts/assets/css/bootstrap.min.css]
[preview.pichforest.com/probic/layouts/assets/fonts/fa-brands-400.eot]
[preview.pichforest.com/probic/layouts/assets/fonts/fa-brands-400d41d.eot]
[preview.pichforest.com/probic/layouts/assets/fonts/fa-brands-400.woff2]
[preview.pichforest.com/probic/layouts/assets/fonts/fa-brands-400.woff]
[preview.pichforest.com/probic/layouts/assets/fonts/fa-brands-400.ttf]
[preview.pichforest.com/probic/layouts/assets/fonts/fa-regular-400.eot]
[preview.pichforest.com/probic/layouts/assets/fonts/fa-regular-400d41d.eot]
[preview.pichforest.com/probic/layouts/assets/fonts/fa-regular-400.woff2]
[preview.pichforest.com/probic/layouts/assets/fonts/fa-regular-400.woff]
[preview.pichforest.com/probic/layouts/assets/fonts/fa-regular-400.ttf]
[preview.pichforest.com/probic/layouts/assets/fonts/fa-solid-900.eot]
[preview.pichforest.com/probic/layouts/assets/fonts/fa-solid-900d41d.eot]
[preview.pichforest.com/probic/layouts/assets/fonts/fa-solid-900.woff2]
[preview.pichforest.com/probic/layouts/assets/fonts/fa-solid-900.woff]
[preview.pichforest.com/probic/layouts/assets/fonts/fa-solid-900.ttf]
[preview.pichforest.com/probic/layouts/assets/fonts/dripicons-v2.eot]
[preview.pichforest.com/probic/layouts/assets/fonts/dripicons-v2d41d.eot]
[preview.pichforest.com/probic/layouts/assets/fonts/dripicons-v2.woff]
[preview.pichforest.com/probic/layouts/assets/fonts/dripicons-v2.ttf]
[preview.pichforest.com/probic/layouts/assets/css/icons.min.css]
[preview.pichforest.com/probic/layouts/assets/css/app.min.css]
[preview.pichforest.com/probic/layouts/index-2.html]
[preview.pichforest.com/probic/layouts/assets/libs/prismjs/themes/prism.min.css]
[preview.pichforest.com/probic/layouts/assets/libs/prismjs/plugins/toolbar/prism-toolbar.min.css]
[preview.pichforest.com/probic/layouts/assets/libs/prismjs/plugins/line-numbers/prism-line-numbers.min.css]
[preview.pichforest.com/probic/layouts/assets/libs/prismjs/prism.js]
[preview.pichforest.com/probic/layouts/assets/libs/prismjs/plugins/toolbar/prism-toolbar.min.js]
[preview.pichforest.com/probic/layouts/assets/libs/prismjs/plugins/copy-to-clipboard/prism-copy-to-clipboard.min.js]
[preview.pichforest.com/probic/layouts/ui-alerts.html]
[preview.pichforest.com/probic/layouts/ui-buttons.html]
[preview.pichforest.com/probic/layouts/assets/images/small/img-1.png]
[preview.pichforest.com/probic/layouts/assets/images/small/img-2.png]
[preview.pichforest.com/probic/layouts/assets/images/small/img-3.png]
[preview.pichforest.com/probic/layouts/assets/images/small/img-4.png]
[preview.pichforest.com/probic/layouts/assets/images/small/img-8.png]
[preview.pichforest.com/probic/layouts/assets/libs/masonry-layout/masonry.pkgd.min.js]
[preview.pichforest.com/probic/layouts/ui-cards.html]
[preview.pichforest.com/probic/layouts/ui-dropdowns.html]
[preview.pichforest.com/probic/layouts/ui-modals.html]
[preview.pichforest.com/probic/layouts/ui-progressbars.html]
[preview.pichforest.com/probic/layouts/ui-tabs-accordions.html]
[preview.pichforest.com/probic/layouts/ui-typography.html]
[preview.pichforest.com/probic/layouts/assets/js/pages/team-project.init.js]
[preview.pichforest.com/probic/layouts/assets/js/pages/task-list.init.js]
[preview.pichforest.com/probic/layouts/assets/js/pages/user-profile.init.js]
[preview.pichforest.com/probic/layouts/user-profile.html]
[preview.pichforest.com/probic/layouts/assets/libs/glightbox/css/glightbox.min.css]
[preview.pichforest.com/probic/layouts/assets/libs/glightbox/js/glightbox.min.js]
[preview.pichforest.com/probic/layouts/assets/js/pages/lightbox.init.js]
[preview.pichforest.com/probic/layouts/assets/js/pages/chat.init.js]
[preview.pichforest.com/probic/layouts/apps-chat.html]
[preview.pichforest.com/probic/layouts/assets/libs/dropzone/min/dropzone.min.css]
[preview.pichforest.com/probic/layouts/assets/libs/dropzone/min/dropzone.min.js]
[preview.pichforest.com/probic/layouts/assets/js/pages/file-manager.init.js]
[preview.pichforest.com/probic/layouts/project-file-manager.html]
[preview.pichforest.com/probic/layouts/auth-signout.html]
[preview.pichforest.com/probic/layouts/team-projects.html]
[preview.pichforest.com/probic/layouts/assets/js/pages/employee.init.js]
[preview.pichforest.com/probic/layouts/team-employee.html]
[preview.pichforest.com/probic/layouts/project-tasks-list.html]
[preview.pichforest.com/probic/layouts/assets/images/small/img-10.png]
[preview.pichforest.com/probic/layouts/project-activity.html]
[preview.pichforest.com/probic/layouts/auth-singin.html]
[preview.pichforest.com/probic/layouts/auth-signup.html]
[preview.pichforest.com/probic/layouts/auth-forgot-password.html]
[preview.pichforest.com/probic/layouts/auth-reset-password.html]
[preview.pichforest.com/probic/layouts/auth-email-verification.html]
[preview.pichforest.com/probic/layouts/assets/js/pages/pass-add.init.js]
[preview.pichforest.com/probic/layouts/assets/js/pages/two-step-verification.init.js]
[preview.pichforest.com/probic/layouts/auth-2step-verification.html]
[preview.pichforest.com/probic/layouts/pages-starter.html]
[preview.pichforest.com/probic/layouts/error-404-1.html]
[preview.pichforest.com/probic/layouts/assets/images/404.png]
[preview.pichforest.com/probic/layouts/error-404-2.html]
[preview.pichforest.com/probic/layouts/error-500-1.html]
[preview.pichforest.com/probic/layouts/assets/images/500.png]
[preview.pichforest.com/probic/layouts/error-500-2.html]
[preview.pichforest.com/probic/layouts/ui-badges.html]
[preview.pichforest.com/probic/layouts/ui-carousel.html]
[preview.pichforest.com/probic/layouts/ui-grid.html]
[preview.pichforest.com/probic/layouts/ui-images.html]
[preview.pichforest.com/probic/layouts/ui-offcanvas.html]
[preview.pichforest.com/probic/layouts/ui-placeholders.html]
[preview.pichforest.com/probic/layouts/ui-pagination.html]
[preview.pichforest.com/probic/layouts/ui-tooltips-popovers.html]
[preview.pichforest.com/probic/layouts/ui-spinner.html]
[preview.pichforest.com/probic/layouts/ui-video.html]
[preview.pichforest.com/probic/layouts/ui-colors.html]
[preview.pichforest.com/probic/layouts/ui-utilities.html]
[preview.pichforest.com/probic/layouts/form-elements.html]
[preview.pichforest.com/probic/layouts/tables-basic.html]
[preview.pichforest.com/probic/layouts/assets/libs/apexcharts/apexcharts.min.js]
[preview.pichforest.com/probic/layouts/charts-apex.html]
[preview.pichforest.com/probic/layouts/icons-feathericons.html]
[preview.pichforest.com/probic/layouts/assets/fonts/fa-brands-400.svg]
[preview.pichforest.com/probic/layouts/assets/fonts/fa-regular-400.svg]
[preview.pichforest.com/probic/layouts/assets/fonts/fa-solid-900.svg]
[preview.pichforest.com/probic/layouts/assets/fonts/dripicons-v2.svg]
[preview.pichforest.com/probic/layouts/assets/libs/prismjs/themes/prism.min.css]
[preview.pichforest.com/probic/layouts/assets/libs/prismjs/plugins/toolbar/prism-toolbar.min.css]
[preview.pichforest.com/probic/layouts/assets/libs/prismjs/plugins/line-numbers/prism-line-numbers.min.css]
[preview.pichforest.com/probic/layouts/assets/libs/glightbox/css/glightbox.min.css]
[preview.pichforest.com/probic/layouts/assets/libs/dropzone/min/dropzone.min.css]
[preview.pichforest.com/probic/layouts/assets/js/pages/apexcharts.init.js]
