[dashlite.net/demo7/pharmacy/index.html]
[backblue.gif]
[fade.gif]
[index.html]
[dashlite.net/demo7/pharmacy/index-2.html]
[dashlite.net/demo7/pharmacy/add-customer.html]
[dashlite.net/demo7/pharmacy/customer.html]
[dashlite.net/demo7/pharmacy/customer-ledger.html]
[dashlite.net/demo7/pharmacy/add-medicine.html]
[dashlite.net/demo7/pharmacy/medicine-list.html]
[dashlite.net/demo7/pharmacy/medicine-details.html]
[dashlite.net/demo7/pharmacy/manufacturer.html]
[dashlite.net/demo7/pharmacy/manufacturer-ledger.html]
[dashlite.net/demo7/pharmacy/add-wastage-return.html]
[dashlite.net/demo7/pharmacy/wastage-return.html]
[dashlite.net/demo7/pharmacy/add-manufacturer-return.html]
[dashlite.net/demo7/pharmacy/manufacturer-return.html]
[dashlite.net/demo7/pharmacy/member.html]
[dashlite.net/demo7/pharmacy/members-profile-regular.html]
[dashlite.net/demo7/pharmacy/attendence.html]
[dashlite.net/demo7/pharmacy/salary.html]
[dashlite.net/demo7/pharmacy/income-list.html]
[dashlite.net/demo7/pharmacy/expense-list.html]
[dashlite.net/demo7/pharmacy/invoice-list.html]
[dashlite.net/demo7/pharmacy/invoice-details.html]
[dashlite.net/demo7/pharmacy/sales-report.html]
[dashlite.net/demo7/pharmacy/purchase-report.html]
[dashlite.net/demo7/pharmacy/stock-report.html]
[dashlite.net/demo7/pharmacy/support.html]
[dashlite.net/demo7/pharmacy/general-settings.html]
[dashlite.net/demo7/pharmacy/account-log.html]
[dashlite.net/demo7/pharmacy/index.html]
[dashlite.net/demo7/pharmacy/index-2.html]
[dashlite.net/demo7/pharmacy/add-customer.html]
[dashlite.net/demo7/pharmacy/customer.html]
[dashlite.net/demo7/pharmacy/customer-ledger.html]
[dashlite.net/demo7/pharmacy/add-medicine.html]
[dashlite.net/demo7/pharmacy/medicine-list.html]
[dashlite.net/demo7/pharmacy/medicine-details.html]
[dashlite.net/demo7/pharmacy/manufacturer.html]
[dashlite.net/demo7/pharmacy/manufacturer-ledger.html]
[dashlite.net/demo7/pharmacy/add-wastage-return.html]
[dashlite.net/demo7/pharmacy/wastage-return.html]
[dashlite.net/demo7/pharmacy/add-manufacturer-return.html]
[dashlite.net/demo7/pharmacy/manufacturer-return.html]
[dashlite.net/demo7/pharmacy/add-member.html]
[dashlite.net/demo7/pharmacy/Members-profile-regular.1c.delayed]
[dashlite.net/demo7/pharmacy/member.html]
[dashlite.net/demo7/pharmacy/members-profile-notification.html]
[dashlite.net/demo7/pharmacy/members-profile-activity.html]
[dashlite.net/demo7/pharmacy/members-profile-regular.html]
[dashlite.net/demo7/pharmacy/members-profile-setting.html]
[dashlite.net/demo7/pharmacy/attendence.html]
[dashlite.net/demo7/pharmacy/salary.html]
[dashlite.net/demo7/pharmacy/income-list.html]
[dashlite.net/demo7/pharmacy/expense-list.html]
[dashlite.net/demo7/pharmacy/invoice-print.html]
[dashlite.net/demo7/pharmacy/invoice-list.html]
[dashlite.net/demo7/pharmacy/invoice-details.html]
[dashlite.net/demo7/pharmacy/sales-report.html]
[dashlite.net/demo7/pharmacy/purchase-report.html]
[dashlite.net/demo7/pharmacy/stock-report.html]
[dashlite.net/demo7/pharmacy/support.html]
[dashlite.net/demo7/pharmacy/member-settings.html]
[dashlite.net/demo7/pharmacy/email-settings.html]
[dashlite.net/demo7/pharmacy/general-settings.html]
[dashlite.net/demo7/pharmacy/account-log.html]
[dashlite.net/demo7/pharmacy/add-member.html]
[dashlite.net/demo7/pharmacy/Members-profile-regular-2.html]
[dashlite.net/demo7/pharmacy/members-profile-notification.html]
[dashlite.net/demo7/pharmacy/members-profile-activity.html]
[dashlite.net/demo7/pharmacy/members-profile-setting.html]
[dashlite.net/demo7/pharmacy/invoice-print.html]
[dashlite.net/demo7/pharmacy/member-settings.html]
[dashlite.net/demo7/pharmacy/email-settings.html]
[dashlite.net/demo7/pharmacy/security-settings.html]
[dashlite.net/demo7/pharmacy/security-settings.html]
