[bootstrapget.com/demos/medflex-medical-admin-template/index.html]
[backblue.gif]
[fade.gif]
[index.html]
[bootstrapget.com/demos/medflex-medical-admin-template/assets/fonts/remix/remixicon.css]
[bootstrapget.com/demos/medflex-medical-admin-template/assets/css/main.min.css]
[bootstrapget.com/demos/medflex-medical-admin-template/assets/vendor/overlay-scroll/OverlayScrollbars.min.css]
[bootstrapget.com/demos/medflex-medical-admin-template/index-2.html]
[bootstrapget.com/demos/medflex-medical-admin-template/assets/images/products/1.jpg]
[bootstrapget.com/demos/medflex-medical-admin-template/assets/images/products/2.jpg]
[bootstrapget.com/demos/medflex-medical-admin-template/assets/images/products/8.jpg]
[bootstrapget.com/demos/medflex-medical-admin-template/assets/images/products/9.jpg]
[bootstrapget.com/demos/medflex-medical-admin-template/assets/images/user3.png]
[bootstrapget.com/demos/medflex-medical-admin-template/assets/images/user1.png]
[bootstrapget.com/demos/medflex-medical-admin-template/assets/images/user4.png]
[bootstrapget.com/demos/medflex-medical-admin-template/login.html]
[bootstrapget.com/demos/medflex-medical-admin-template/assets/images/user6.png]
[bootstrapget.com/demos/medflex-medical-admin-template/dashboard2.html]
[bootstrapget.com/demos/medflex-medical-admin-template/dashboard3.html]
[bootstrapget.com/demos/medflex-medical-admin-template/doctor-dashboard.html]
[bootstrapget.com/demos/medflex-medical-admin-template/doctors-list.html]
[bootstrapget.com/demos/medflex-medical-admin-template/doctors-cards.html]
[bootstrapget.com/demos/medflex-medical-admin-template/doctors-profile.html]
[bootstrapget.com/demos/medflex-medical-admin-template/add-doctors.html]
[bootstrapget.com/demos/medflex-medical-admin-template/edit-doctors.html]
[bootstrapget.com/demos/medflex-medical-admin-template/patient-dashboard.html]
[bootstrapget.com/demos/medflex-medical-admin-template/patients-list.html]
[bootstrapget.com/demos/medflex-medical-admin-template/add-patient.html]
[bootstrapget.com/demos/medflex-medical-admin-template/edit-patient.html]
[bootstrapget.com/demos/medflex-medical-admin-template/staff.html]
[bootstrapget.com/demos/medflex-medical-admin-template/add-staff.html]
[bootstrapget.com/demos/medflex-medical-admin-template/edit-staff.html]
[bootstrapget.com/demos/medflex-medical-admin-template/appointments.html]
[bootstrapget.com/demos/medflex-medical-admin-template/appointments-list.html]
[bootstrapget.com/demos/medflex-medical-admin-template/book-appointment.html]
[bootstrapget.com/demos/medflex-medical-admin-template/edit-appointment.html]
[bootstrapget.com/demos/medflex-medical-admin-template/departments-list.html]
[bootstrapget.com/demos/medflex-medical-admin-template/add-department.html]
[bootstrapget.com/demos/medflex-medical-admin-template/edit-department.html]
[bootstrapget.com/demos/medflex-medical-admin-template/income.html]
[bootstrapget.com/demos/medflex-medical-admin-template/payments.html]
[bootstrapget.com/demos/medflex-medical-admin-template/invoices.html]
[bootstrapget.com/demos/medflex-medical-admin-template/invoice-details.html]
[bootstrapget.com/demos/medflex-medical-admin-template/create-invoice.html]
[bootstrapget.com/demos/medflex-medical-admin-template/expenses.html]
[bootstrapget.com/demos/medflex-medical-admin-template/hr-approvals.html]
[bootstrapget.com/demos/medflex-medical-admin-template/staff-attendance.html]
[bootstrapget.com/demos/medflex-medical-admin-template/staff-leaves.html]
[bootstrapget.com/demos/medflex-medical-admin-template/staff-holidays.html]
[bootstrapget.com/demos/medflex-medical-admin-template/salaries.html]
[bootstrapget.com/demos/medflex-medical-admin-template/payslip.html]
[bootstrapget.com/demos/medflex-medical-admin-template/room-statistics.html]
[bootstrapget.com/demos/medflex-medical-admin-template/rooms-allotted.html]
[bootstrapget.com/demos/medflex-medical-admin-template/rooms-by-dept.html]
[bootstrapget.com/demos/medflex-medical-admin-template/available-rooms.html]
[bootstrapget.com/demos/medflex-medical-admin-template/book-room.html]
[bootstrapget.com/demos/medflex-medical-admin-template/add-room.html]
[bootstrapget.com/demos/medflex-medical-admin-template/edit-room.html]
[bootstrapget.com/demos/medflex-medical-admin-template/ambulance-list.html]
[bootstrapget.com/demos/medflex-medical-admin-template/add-ambulance.html]
[bootstrapget.com/demos/medflex-medical-admin-template/edit-ambulance.html]
[bootstrapget.com/demos/medflex-medical-admin-template/ambulance-call-list.html]
[bootstrapget.com/demos/medflex-medical-admin-template/events.html]
[bootstrapget.com/demos/medflex-medical-admin-template/gallery.html]
[bootstrapget.com/demos/medflex-medical-admin-template/news.html]
[bootstrapget.com/demos/medflex-medical-admin-template/alerts.html]
[bootstrapget.com/demos/medflex-medical-admin-template/avatars.html]
[bootstrapget.com/demos/medflex-medical-admin-template/badges.html]
[bootstrapget.com/demos/medflex-medical-admin-template/buttons.html]
[bootstrapget.com/demos/medflex-medical-admin-template/button-groups.html]
[bootstrapget.com/demos/medflex-medical-admin-template/cards.html]
[bootstrapget.com/demos/medflex-medical-admin-template/advanced-cards.html]
[bootstrapget.com/demos/medflex-medical-admin-template/dropdowns.html]
[bootstrapget.com/demos/medflex-medical-admin-template/list-items.html]
[bootstrapget.com/demos/medflex-medical-admin-template/progress.html]
[bootstrapget.com/demos/medflex-medical-admin-template/placeholders.html]
[bootstrapget.com/demos/medflex-medical-admin-template/spinners.html]
[bootstrapget.com/demos/medflex-medical-admin-template/accordions.html]
[bootstrapget.com/demos/medflex-medical-admin-template/carousel.html]
[bootstrapget.com/demos/medflex-medical-admin-template/modals.html]
[bootstrapget.com/demos/medflex-medical-admin-template/popovers.html]
[bootstrapget.com/demos/medflex-medical-admin-template/tabs.html]
[bootstrapget.com/demos/medflex-medical-admin-template/tooltips.html]
[bootstrapget.com/demos/medflex-medical-admin-template/form-inputs.html]
[bootstrapget.com/demos/medflex-medical-admin-template/form-checkbox-radio.html]
[bootstrapget.com/demos/medflex-medical-admin-template/form-file-input.html]
[bootstrapget.com/demos/medflex-medical-admin-template/form-validations.html]
[bootstrapget.com/demos/medflex-medical-admin-template/date-time-pickers.html]
[bootstrapget.com/demos/medflex-medical-admin-template/form-masks.html]
[bootstrapget.com/demos/medflex-medical-admin-template/form-tags.html]
[bootstrapget.com/demos/medflex-medical-admin-template/tables.html]
[bootstrapget.com/demos/medflex-medical-admin-template/apex.html]
[bootstrapget.com/demos/medflex-medical-admin-template/morris.html]
[bootstrapget.com/demos/medflex-medical-admin-template/maps.html]
[bootstrapget.com/demos/medflex-medical-admin-template/icons.html]
[bootstrapget.com/demos/medflex-medical-admin-template/settings.html]
[bootstrapget.com/demos/medflex-medical-admin-template/typography.html]
[bootstrapget.com/demos/medflex-medical-admin-template/signup.html]
[bootstrapget.com/demos/medflex-medical-admin-template/forgot-password.html]
[bootstrapget.com/demos/medflex-medical-admin-template/reset-password.html]
[bootstrapget.com/demos/medflex-medical-admin-template/page-not-found.html]
[bootstrapget.com/demos/medflex-medical-admin-template/maintenance.html]
[bootstrapget.com/demos/medflex-medical-admin-template/default.html]
[bootstrapget.com/demos/medflex-medical-admin-template/assets/js/jquery.min.js]
[bootstrapget.com/demos/medflex-medical-admin-template/assets/js/bootstrap.bundle.min.js]
[bootstrapget.com/demos/medflex-medical-admin-template/assets/js/moment.min.js]
[bootstrapget.com/demos/medflex-medical-admin-template/assets/vendor/overlay-scroll/jquery.overlayScrollbars.min.js]
[bootstrapget.com/demos/medflex-medical-admin-template/assets/vendor/overlay-scroll/custom-scrollbar.js]
[bootstrapget.com/demos/medflex-medical-admin-template/assets/vendor/apex/custom/home/patients.js]
[bootstrapget.com/demos/medflex-medical-admin-template/assets/vendor/apex/apexcharts.min.js]
[bootstrapget.com/demos/medflex-medical-admin-template/assets/vendor/apex/custom/home/treatment.js]
[bootstrapget.com/demos/medflex-medical-admin-template/assets/vendor/apex/custom/home/available-beds.js]
[bootstrapget.com/demos/medflex-medical-admin-template/assets/vendor/apex/custom/home/earnings.js]
[bootstrapget.com/demos/medflex-medical-admin-template/assets/vendor/apex/custom/home/gender-age.js]
[bootstrapget.com/demos/medflex-medical-admin-template/assets/vendor/apex/custom/home/claims.js]
[bootstrapget.com/demos/medflex-medical-admin-template/assets/js/custom.js]
[bootstrapget.com/demos/medflex-medical-admin-template/index.html]
[bootstrapget.com/demos/medflex-medical-admin-template/assets/images/favicon.svg]
[bootstrapget.com/demos/medflex-medical-admin-template/assets/fonts/remix/remixicon0b0b.eot]
[bootstrapget.com/demos/medflex-medical-admin-template/assets/fonts/remix/remixicon0b0b.woff2]
[bootstrapget.com/demos/medflex-medical-admin-template/assets/fonts/remix/remixicon0b0b.woff]
[bootstrapget.com/demos/medflex-medical-admin-template/assets/fonts/remix/remixicon0b0b.ttf]
[bootstrapget.com/demos/medflex-medical-admin-template/assets/fonts/remix/remixicon.css]
[bootstrapget.com/demos/medflex-medical-admin-template/assets/images/bg.jpg]
[bootstrapget.com/demos/medflex-medical-admin-template/assets/images/login-bg.jpg]
[bootstrapget.com/demos/medflex-medical-admin-template/assets/images/error-bg.jpg]
[bootstrapget.com/demos/medflex-medical-admin-template/assets/css/main.min.css]
[bootstrapget.com/demos/medflex-medical-admin-template/assets/vendor/overlay-scroll/OverlayScrollbars.min.css]
[bootstrapget.com/demos/medflex-medical-admin-template/index-2.html]
[bootstrapget.com/demos/medflex-medical-admin-template/assets/images/logo.svg]
[bootstrapget.com/demos/medflex-medical-admin-template/assets/images/logo-sm.svg]
[bootstrapget.com/demos/medflex-medical-admin-template/assets/images/flags/1x1/fr.svg]
[bootstrapget.com/demos/medflex-medical-admin-template/assets/images/flags/1x1/us.svg]
[bootstrapget.com/demos/medflex-medical-admin-template/assets/images/flags/1x1/in.svg]
[bootstrapget.com/demos/medflex-medical-admin-template/assets/images/flags/1x1/br.svg]
[bootstrapget.com/demos/medflex-medical-admin-template/assets/images/flags/1x1/tr.svg]
[bootstrapget.com/demos/medflex-medical-admin-template/assets/images/flags/1x1/gb.svg]
[bootstrapget.com/demos/medflex-medical-admin-template/login.html]
[bootstrapget.com/demos/medflex-medical-admin-template/assets/images/user2.png]
[bootstrapget.com/demos/medflex-medical-admin-template/assets/images/user.png]
[bootstrapget.com/demos/medflex-medical-admin-template/assets/images/user5.png]
[bootstrapget.com/demos/medflex-medical-admin-template/assets/vendor/apex/custom/dashboard2/activity.js]
[bootstrapget.com/demos/medflex-medical-admin-template/assets/vendor/apex/custom/dashboard2/income.js]
[bootstrapget.com/demos/medflex-medical-admin-template/assets/vendor/apex/custom/dashboard2/orders.js]
[bootstrapget.com/demos/medflex-medical-admin-template/assets/vendor/rating/raty.js]
[bootstrapget.com/demos/medflex-medical-admin-template/assets/vendor/rating/raty-custom.js]
[bootstrapget.com/demos/medflex-medical-admin-template/dashboard2.html]
[bootstrapget.com/demos/medflex-medical-admin-template/assets/images/patient3.png]
[bootstrapget.com/demos/medflex-medical-admin-template/assets/images/patient5.png]
[bootstrapget.com/demos/medflex-medical-admin-template/assets/images/patient4.png]
[bootstrapget.com/demos/medflex-medical-admin-template/assets/vendor/apex/custom/dentist/patients.js]
[bootstrapget.com/demos/medflex-medical-admin-template/assets/vendor/apex/custom/dentist/appointments.js]
[bootstrapget.com/demos/medflex-medical-admin-template/assets/vendor/apex/custom/dentist/surgeries.js]
[bootstrapget.com/demos/medflex-medical-admin-template/assets/vendor/apex/custom/dentist/income.js]
[bootstrapget.com/demos/medflex-medical-admin-template/assets/vendor/apex/custom/dentist/earnings.js]
[bootstrapget.com/demos/medflex-medical-admin-template/assets/vendor/apex/custom/dentist/gender-age.js]
[bootstrapget.com/demos/medflex-medical-admin-template/assets/vendor/apex/custom/dentist/claims.js]
[bootstrapget.com/demos/medflex-medical-admin-template/dashboard3.html]
[bootstrapget.com/demos/medflex-medical-admin-template/assets/images/patient1.png]
[bootstrapget.com/demos/medflex-medical-admin-template/assets/images/patient2.png]
[bootstrapget.com/demos/medflex-medical-admin-template/assets/images/patient.png]
[bootstrapget.com/demos/medflex-medical-admin-template/assets/vendor/apex/custom/doc-dashboard/patients.js]
[bootstrapget.com/demos/medflex-medical-admin-template/assets/vendor/apex/custom/doc-dashboard/appointments.js]
[bootstrapget.com/demos/medflex-medical-admin-template/assets/vendor/apex/custom/doc-dashboard/gender.js]
[bootstrapget.com/demos/medflex-medical-admin-template/assets/vendor/apex/custom/doc-dashboard/surgeries.js]
[bootstrapget.com/demos/medflex-medical-admin-template/assets/vendor/apex/custom/doc-dashboard/income.js]
[bootstrapget.com/demos/medflex-medical-admin-template/doctor-dashboard.html]
[bootstrapget.com/demos/medflex-medical-admin-template/assets/vendor/datatables/dataTables.bs5.css]
[bootstrapget.com/demos/medflex-medical-admin-template/assets/vendor/datatables/dataTables.bs5-custom.css]
[bootstrapget.com/demos/medflex-medical-admin-template/assets/vendor/datatables/buttons/dataTables.bs5-custom.css]
[bootstrapget.com/demos/medflex-medical-admin-template/assets/vendor/datatables/dataTables.min.js]
[bootstrapget.com/demos/medflex-medical-admin-template/assets/vendor/datatables/dataTables.bootstrap.min.js]
[bootstrapget.com/demos/medflex-medical-admin-template/assets/vendor/datatables/custom/custom-datatables.js]
[bootstrapget.com/demos/medflex-medical-admin-template/doctors-list.html]
[bootstrapget.com/demos/medflex-medical-admin-template/doctors-cards.html]
[bootstrapget.com/demos/medflex-medical-admin-template/doctors-profile.html]
[bootstrapget.com/demos/medflex-medical-admin-template/assets/vendor/dropzone/dropzone.min.css]
[bootstrapget.com/demos/medflex-medical-admin-template/assets/vendor/quill/quill.core.css]
[bootstrapget.com/demos/medflex-medical-admin-template/assets/vendor/dropzone/dropzone.min.js]
[bootstrapget.com/demos/medflex-medical-admin-template/assets/vendor/quill/quill.min.js]
[bootstrapget.com/demos/medflex-medical-admin-template/assets/vendor/quill/custom.js]
[bootstrapget.com/demos/medflex-medical-admin-template/add-doctors.html]
[bootstrapget.com/demos/medflex-medical-admin-template/edit-doctors.html]
[bootstrapget.com/demos/medflex-medical-admin-template/assets/vendor/apex/custom/patients/sparklines.js]
[bootstrapget.com/demos/medflex-medical-admin-template/assets/vendor/apex/custom/patients/insuranceClaims.js]
[bootstrapget.com/demos/medflex-medical-admin-template/assets/vendor/apex/custom/patients/medicalExpenses.js]
[bootstrapget.com/demos/medflex-medical-admin-template/assets/vendor/apex/custom/patients/healthActivity.js]
[bootstrapget.com/demos/medflex-medical-admin-template/patient-dashboard.html]
[bootstrapget.com/demos/medflex-medical-admin-template/patients-list.html]
[bootstrapget.com/demos/medflex-medical-admin-template/add-patient.html]
[bootstrapget.com/demos/medflex-medical-admin-template/edit-patient.html]
[bootstrapget.com/demos/medflex-medical-admin-template/staff.html]
[bootstrapget.com/demos/medflex-medical-admin-template/add-staff.html]
[bootstrapget.com/demos/medflex-medical-admin-template/edit-staff.html]
[bootstrapget.com/demos/medflex-medical-admin-template/assets/vendor/calendar/css/main.min.css]
[bootstrapget.com/demos/medflex-medical-admin-template/assets/vendor/calendar/css/custom.css]
[bootstrapget.com/demos/medflex-medical-admin-template/assets/vendor/calendar/js/main.min.js]
[bootstrapget.com/demos/medflex-medical-admin-template/assets/vendor/calendar/custom/appointments-calendar.js]
[bootstrapget.com/demos/medflex-medical-admin-template/appointments.html]
[bootstrapget.com/demos/medflex-medical-admin-template/appointments-list.html]
[bootstrapget.com/demos/medflex-medical-admin-template/book-appointment.html]
[bootstrapget.com/demos/medflex-medical-admin-template/edit-appointment.html]
[bootstrapget.com/demos/medflex-medical-admin-template/assets/vendor/apex/custom/department/department-list.js]
[bootstrapget.com/demos/medflex-medical-admin-template/assets/vendor/apex/custom/department/employees.js]
[bootstrapget.com/demos/medflex-medical-admin-template/departments-list.html]
[bootstrapget.com/demos/medflex-medical-admin-template/add-department.html]
[bootstrapget.com/demos/medflex-medical-admin-template/edit-department.html]
[bootstrapget.com/demos/medflex-medical-admin-template/assets/vendor/apex/custom/income/income.js]
[bootstrapget.com/demos/medflex-medical-admin-template/assets/js/table-random-colors.js]
[bootstrapget.com/demos/medflex-medical-admin-template/income.html]
[bootstrapget.com/demos/medflex-medical-admin-template/assets/vendor/apex/custom/payments/payments.js]
[bootstrapget.com/demos/medflex-medical-admin-template/assets/vendor/datatables/buttons/dataTables.buttons.min.js]
[bootstrapget.com/demos/medflex-medical-admin-template/assets/vendor/datatables/buttons/jszip.min.js]
[bootstrapget.com/demos/medflex-medical-admin-template/assets/vendor/datatables/buttons/pdfmake.min.js]
[bootstrapget.com/demos/medflex-medical-admin-template/assets/vendor/datatables/buttons/buttons.html5.min.js]
[bootstrapget.com/demos/medflex-medical-admin-template/assets/vendor/datatables/buttons/buttons.print.min.js]
[bootstrapget.com/demos/medflex-medical-admin-template/assets/vendor/datatables/buttons/vfs_fonts.js]
[bootstrapget.com/demos/medflex-medical-admin-template/assets/vendor/datatables/buttons/buttons.colVis.min.js]
[bootstrapget.com/demos/medflex-medical-admin-template/payments.html]
[bootstrapget.com/demos/medflex-medical-admin-template/invoices.html]
[bootstrapget.com/demos/medflex-medical-admin-template/invoice-details.html]
[bootstrapget.com/demos/medflex-medical-admin-template/assets/vendor/daterange/daterange.css]
[bootstrapget.com/demos/medflex-medical-admin-template/assets/vendor/daterange/daterange.js]
[bootstrapget.com/demos/medflex-medical-admin-template/assets/vendor/daterange/custom-daterange.js]
[bootstrapget.com/demos/medflex-medical-admin-template/create-invoice.html]
[bootstrapget.com/demos/medflex-medical-admin-template/assets/vendor/apex/custom/expenses/expenses.js]
[bootstrapget.com/demos/medflex-medical-admin-template/expenses.html]
[bootstrapget.com/demos/medflex-medical-admin-template/hr-approvals.html]
[bootstrapget.com/demos/medflex-medical-admin-template/staff-attendance.html]
[bootstrapget.com/demos/medflex-medical-admin-template/staff-leaves.html]
[bootstrapget.com/demos/medflex-medical-admin-template/assets/vendor/calendar/custom/google-view-calendar.js]
[bootstrapget.com/demos/medflex-medical-admin-template/staff-holidays.html]
[bootstrapget.com/demos/medflex-medical-admin-template/salaries.html]
[bootstrapget.com/demos/medflex-medical-admin-template/payslip.html]
[bootstrapget.com/demos/medflex-medical-admin-template/assets/vendor/apex/custom/rooms/admissions.js]
[bootstrapget.com/demos/medflex-medical-admin-template/room-statistics.html]
[bootstrapget.com/demos/medflex-medical-admin-template/rooms-allotted.html]
[bootstrapget.com/demos/medflex-medical-admin-template/assets/images/products/3.jpg]
[bootstrapget.com/demos/medflex-medical-admin-template/assets/images/products/4.jpg]
[bootstrapget.com/demos/medflex-medical-admin-template/assets/images/products/6.jpg]
[bootstrapget.com/demos/medflex-medical-admin-template/rooms-by-dept.html]
[bootstrapget.com/demos/medflex-medical-admin-template/available-rooms.html]
[bootstrapget.com/demos/medflex-medical-admin-template/book-room.html]
[bootstrapget.com/demos/medflex-medical-admin-template/add-room.html]
[bootstrapget.com/demos/medflex-medical-admin-template/edit-room.html]
[bootstrapget.com/demos/medflex-medical-admin-template/ambulance-list.html]
[bootstrapget.com/demos/medflex-medical-admin-template/add-ambulance.html]
[bootstrapget.com/demos/medflex-medical-admin-template/edit-ambulance.html]
[bootstrapget.com/demos/medflex-medical-admin-template/ambulance-call-list.html]
[bootstrapget.com/demos/medflex-medical-admin-template/assets/vendor/calendar/custom/daygrid-calendar.js]
[bootstrapget.com/demos/medflex-medical-admin-template/events.html]
[bootstrapget.com/demos/medflex-medical-admin-template/assets/vendor/gallery/gallery.css]
[bootstrapget.com/demos/medflex-medical-admin-template/assets/images/products/5.jpg]
[bootstrapget.com/demos/medflex-medical-admin-template/assets/images/products/7.jpg]
[bootstrapget.com/demos/medflex-medical-admin-template/assets/images/products/10.jpg]
[bootstrapget.com/demos/medflex-medical-admin-template/assets/images/products/11.jpg]
[bootstrapget.com/demos/medflex-medical-admin-template/assets/images/products/12.jpg]
[bootstrapget.com/demos/medflex-medical-admin-template/assets/vendor/gallery/baguetteBox.js]
[bootstrapget.com/demos/medflex-medical-admin-template/assets/vendor/gallery/plugins.js]
[bootstrapget.com/demos/medflex-medical-admin-template/assets/vendor/gallery/custom-gallery.js]
[bootstrapget.com/demos/medflex-medical-admin-template/gallery.html]
[bootstrapget.com/demos/medflex-medical-admin-template/full-post.html]
[bootstrapget.com/demos/medflex-medical-admin-template/news.html]
[bootstrapget.com/demos/medflex-medical-admin-template/alerts.html]
[bootstrapget.com/demos/medflex-medical-admin-template/avatars.html]
[bootstrapget.com/demos/medflex-medical-admin-template/badges.html]
[bootstrapget.com/demos/medflex-medical-admin-template/buttons.html]
[bootstrapget.com/demos/medflex-medical-admin-template/button-groups.html]
[bootstrapget.com/demos/medflex-medical-admin-template/cards.html]
[bootstrapget.com/demos/medflex-medical-admin-template/advanced-cards.html]
[bootstrapget.com/demos/medflex-medical-admin-template/dropdowns.html]
[bootstrapget.com/demos/medflex-medical-admin-template/list-items.html]
[bootstrapget.com/demos/medflex-medical-admin-template/progress.html]
[bootstrapget.com/demos/medflex-medical-admin-template/placeholders.html]
[bootstrapget.com/demos/medflex-medical-admin-template/spinners.html]
[bootstrapget.com/demos/medflex-medical-admin-template/accordions.html]
[bootstrapget.com/demos/medflex-medical-admin-template/carousel.html]
[bootstrapget.com/demos/medflex-medical-admin-template/modals.html]
[bootstrapget.com/demos/medflex-medical-admin-template/popovers.html]
[bootstrapget.com/demos/medflex-medical-admin-template/tabs.html]
[bootstrapget.com/demos/medflex-medical-admin-template/tooltips.html]
[bootstrapget.com/demos/medflex-medical-admin-template/form-inputs.html]
[bootstrapget.com/demos/medflex-medical-admin-template/form-checkbox-radio.html]
[bootstrapget.com/demos/medflex-medical-admin-template/form-file-input.html]
[bootstrapget.com/demos/medflex-medical-admin-template/assets/js/validations.js]
[bootstrapget.com/demos/medflex-medical-admin-template/form-validations.html]
[bootstrapget.com/demos/medflex-medical-admin-template/date-time-pickers.html]
[bootstrapget.com/demos/medflex-medical-admin-template/assets/images/cards/mastercard.png]
[bootstrapget.com/demos/medflex-medical-admin-template/assets/images/cards/visa.png]
[bootstrapget.com/demos/medflex-medical-admin-template/assets/images/cards/american-express.png]
[bootstrapget.com/demos/medflex-medical-admin-template/assets/images/cards/jcb.png]
[bootstrapget.com/demos/medflex-medical-admin-template/assets/images/cards/diners.png]
[bootstrapget.com/demos/medflex-medical-admin-template/assets/images/cards/discover.png]
[bootstrapget.com/demos/medflex-medical-admin-template/assets/vendor/input-masks/cleave.min.js]
[bootstrapget.com/demos/medflex-medical-admin-template/assets/vendor/input-masks/cleave-phone.js]
[bootstrapget.com/demos/medflex-medical-admin-template/assets/vendor/input-masks/cleave-custom.js]
[bootstrapget.com/demos/medflex-medical-admin-template/form-masks.html]
[bootstrapget.com/demos/medflex-medical-admin-template/assets/vendor/input-tags/tagsinput.css]
[bootstrapget.com/demos/medflex-medical-admin-template/assets/vendor/input-tags/tagsinput.min.js]
[bootstrapget.com/demos/medflex-medical-admin-template/assets/vendor/input-tags/typeahead.js]
[bootstrapget.com/demos/medflex-medical-admin-template/assets/vendor/input-tags/tagsinput-custom.js]
[bootstrapget.com/demos/medflex-medical-admin-template/form-tags.html]
[bootstrapget.com/demos/medflex-medical-admin-template/tables.html]
[bootstrapget.com/demos/medflex-medical-admin-template/assets/vendor/apex/custom/graphs/area.js]
[bootstrapget.com/demos/medflex-medical-admin-template/assets/vendor/apex/custom/graphs/line.js]
[bootstrapget.com/demos/medflex-medical-admin-template/assets/vendor/apex/custom/graphs/bar.js]
[bootstrapget.com/demos/medflex-medical-admin-template/assets/vendor/apex/custom/graphs/column-area.js]
[bootstrapget.com/demos/medflex-medical-admin-template/assets/vendor/apex/custom/graphs/candlestick.js]
[bootstrapget.com/demos/medflex-medical-admin-template/assets/vendor/apex/custom/graphs/heatmap.js]
[bootstrapget.com/demos/medflex-medical-admin-template/assets/vendor/apex/custom/graphs/donut.js]
[bootstrapget.com/demos/medflex-medical-admin-template/assets/vendor/apex/custom/graphs/pie.js]
[bootstrapget.com/demos/medflex-medical-admin-template/assets/vendor/apex/custom/graphs/gauge.js]
[bootstrapget.com/demos/medflex-medical-admin-template/assets/vendor/apex/custom/graphs/radial-bar.js]
[bootstrapget.com/demos/medflex-medical-admin-template/assets/vendor/apex/custom/graphs/funnel.js]
[bootstrapget.com/demos/medflex-medical-admin-template/assets/vendor/apex/custom/graphs/pyramid.js]
[bootstrapget.com/demos/medflex-medical-admin-template/apex.html]
[bootstrapget.com/demos/medflex-medical-admin-template/assets/vendor/morris/morris.css]
[bootstrapget.com/demos/medflex-medical-admin-template/assets/vendor/morris/raphael-min.js]
[bootstrapget.com/demos/medflex-medical-admin-template/assets/vendor/morris/morris.min.js]
[bootstrapget.com/demos/medflex-medical-admin-template/assets/vendor/morris/custom/area.js]
[bootstrapget.com/demos/medflex-medical-admin-template/assets/vendor/morris/custom/barColors.js]
[bootstrapget.com/demos/medflex-medical-admin-template/assets/vendor/morris/custom/dayData.js]
[bootstrapget.com/demos/medflex-medical-admin-template/assets/vendor/morris/custom/donutColors.js]
[bootstrapget.com/demos/medflex-medical-admin-template/assets/vendor/morris/custom/donutFormatter.js]
[bootstrapget.com/demos/medflex-medical-admin-template/assets/vendor/morris/custom/morrisBar.js]
[bootstrapget.com/demos/medflex-medical-admin-template/assets/vendor/morris/custom/negativeValues.js]
[bootstrapget.com/demos/medflex-medical-admin-template/assets/vendor/morris/custom/stackedBar.js]
[bootstrapget.com/demos/medflex-medical-admin-template/morris.html]
[bootstrapget.com/demos/medflex-medical-admin-template/assets/vendor/jvectormap/jquery-jvectormap-2.0.5.min.js]
[bootstrapget.com/demos/medflex-medical-admin-template/assets/vendor/jvectormap/africa-mill.js]
[bootstrapget.com/demos/medflex-medical-admin-template/assets/vendor/jvectormap/dk-mill.js]
[bootstrapget.com/demos/medflex-medical-admin-template/assets/vendor/jvectormap/europe-mill.js]
[bootstrapget.com/demos/medflex-medical-admin-template/assets/vendor/jvectormap/world-mill-en.js]
[bootstrapget.com/demos/medflex-medical-admin-template/assets/vendor/jvectormap/gdp-data.js]
[bootstrapget.com/demos/medflex-medical-admin-template/assets/vendor/jvectormap/us_aea.js]
[bootstrapget.com/demos/medflex-medical-admin-template/assets/vendor/jvectormap/usa.js]
[bootstrapget.com/demos/medflex-medical-admin-template/assets/vendor/jvectormap/continents-mill.js]
[bootstrapget.com/demos/medflex-medical-admin-template/assets/vendor/jvectormap/custom/world-map-markers2.js]
[bootstrapget.com/demos/medflex-medical-admin-template/assets/vendor/jvectormap/custom/world-map-gdp.js]
[bootstrapget.com/demos/medflex-medical-admin-template/assets/vendor/jvectormap/custom/map-usa.js]
[bootstrapget.com/demos/medflex-medical-admin-template/assets/vendor/jvectormap/custom/map-usa2.js]
[bootstrapget.com/demos/medflex-medical-admin-template/assets/vendor/jvectormap/custom/custom-denmark.js]
[bootstrapget.com/demos/medflex-medical-admin-template/assets/vendor/jvectormap/custom/map-europe.js]
[bootstrapget.com/demos/medflex-medical-admin-template/assets/vendor/jvectormap/custom/map-africa.js]
[bootstrapget.com/demos/medflex-medical-admin-template/maps.html]
[bootstrapget.com/demos/medflex-medical-admin-template/icons.html]
[bootstrapget.com/demos/medflex-medical-admin-template/settings.html]
[bootstrapget.com/demos/medflex-medical-admin-template/typography.html]
[bootstrapget.com/demos/medflex-medical-admin-template/signup.html]
[bootstrapget.com/demos/medflex-medical-admin-template/forgot-password.html]
[bootstrapget.com/demos/medflex-medical-admin-template/reset-password.html]
[bootstrapget.com/demos/medflex-medical-admin-template/page-not-found.html]
[bootstrapget.com/demos/medflex-medical-admin-template/maintenance.html]
[bootstrapget.com/demos/medflex-medical-admin-template/default.html]
[bootstrapget.com/demos/medflex-medical-admin-template/assets/fonts/remix/remixicon0b0b.html]
[bootstrapget.com/demos/medflex-medical-admin-template/assets/images/banner.svg]
[bootstrapget.com/demos/medflex-medical-admin-template/assets/images/banner2.svg]
[bootstrapget.com/demos/medflex-medical-admin-template/assets/images/banner3.svg]
[bootstrapget.com/demos/medflex-medical-admin-template/assets/images/logo-dark.svg]
[bootstrapget.com/demos/medflex-medical-admin-template/assets/images/doctor.svg]
[bootstrapget.com/demos/medflex-medical-admin-template/assets/images/award/award.svg]
[bootstrapget.com/demos/medflex-medical-admin-template/assets/images/award/award1.svg]
[bootstrapget.com/demos/medflex-medical-admin-template/assets/images/award/award2.svg]
[bootstrapget.com/demos/medflex-medical-admin-template/assets/vendor/datatables/dataTables.bs5.css]
[bootstrapget.com/demos/medflex-medical-admin-template/assets/vendor/datatables/dataTables.bs5-custom.css]
[bootstrapget.com/demos/medflex-medical-admin-template/assets/vendor/datatables/buttons/dataTables.bs5-custom.css]
[bootstrapget.com/demos/medflex-medical-admin-template/assets/vendor/dropzone/dropzone.min.css]
[bootstrapget.com/demos/medflex-medical-admin-template/assets/vendor/quill/quill.core.css]
[bootstrapget.com/demos/medflex-medical-admin-template/assets/images/reports.svg]
[bootstrapget.com/demos/medflex-medical-admin-template/assets/images/report.svg]
[bootstrapget.com/demos/medflex-medical-admin-template/assets/vendor/calendar/css/main.min.css]
[bootstrapget.com/demos/medflex-medical-admin-template/assets/vendor/calendar/css/custom.css]
[bootstrapget.com/demos/medflex-medical-admin-template/assets/vendor/daterange/daterange.css]
[bootstrapget.com/demos/medflex-medical-admin-template/invoice-list.html]
[bootstrapget.com/demos/medflex-medical-admin-template/assets/vendor/gallery/gallery.css]
[bootstrapget.com/demos/medflex-medical-admin-template/assets/images/banner.jpg]
[bootstrapget.com/demos/medflex-medical-admin-template/assets/images/mobiles/mob1.jpg]
[bootstrapget.com/demos/medflex-medical-admin-template/full-post.html]
[bootstrapget.com/demos/medflex-medical-admin-template/assets/images/placeholder.svg]
[bootstrapget.com/demos/medflex-medical-admin-template/assets/images/thumbs/4.html]
[bootstrapget.com/demos/medflex-medical-admin-template/assets/images/thumbs/8.html]
[bootstrapget.com/demos/medflex-medical-admin-template/assets/images/thumbs/3.html]
[bootstrapget.com/demos/medflex-medical-admin-template/assets/images/thumbs/2.html]
[bootstrapget.com/demos/medflex-medical-admin-template/assets/images/thumbs/5.html]
[bootstrapget.com/demos/medflex-medical-admin-template/assets/vendor/input-tags/tagsinput.css]
[bootstrapget.com/demos/medflex-medical-admin-template/assets/images/flags/1x1/hk.svg]
[bootstrapget.com/demos/medflex-medical-admin-template/assets/images/flags/1x1/au.svg]
[bootstrapget.com/demos/medflex-medical-admin-template/assets/images/flags/1x1/tz.svg]
[bootstrapget.com/demos/medflex-medical-admin-template/assets/images/flags/1x1/ru.svg]
[bootstrapget.com/demos/medflex-medical-admin-template/assets/images/flags/1x1/de.svg]
[bootstrapget.com/demos/medflex-medical-admin-template/assets/vendor/morris/morris.css]
