[bootstrapget.com/demos/adminpro-bootstrap-admin-template/index.html]
[backblue.gif]
[fade.gif]
[index.html]
[bootstrapget.com/demos/adminpro-bootstrap-admin-template/assets/fonts/icomoon/style.css]
[bootstrapget.com/demos/adminpro-bootstrap-admin-template/assets/css/main.min.css]
[bootstrapget.com/demos/adminpro-bootstrap-admin-template/assets/vendor/overlay-scroll/OverlayScrollbars.min.css]
[bootstrapget.com/demos/adminpro-bootstrap-admin-template/assets/vendor/toastify/toastify.css]
[bootstrapget.com/demos/adminpro-bootstrap-admin-template/index-2.html]
[bootstrapget.com/demos/adminpro-bootstrap-admin-template/statistics.html]
[bootstrapget.com/demos/adminpro-bootstrap-admin-template/contacts.html]
[bootstrapget.com/demos/adminpro-bootstrap-admin-template/faq.html]
[bootstrapget.com/demos/adminpro-bootstrap-admin-template/invoice-list.html]
[bootstrapget.com/demos/adminpro-bootstrap-admin-template/invoice.html]
[bootstrapget.com/demos/adminpro-bootstrap-admin-template/create-invoice.html]
[bootstrapget.com/demos/adminpro-bootstrap-admin-template/notifications.html]
[bootstrapget.com/demos/adminpro-bootstrap-admin-template/subscribers.html]
[bootstrapget.com/demos/adminpro-bootstrap-admin-template/profile.html]
[bootstrapget.com/demos/adminpro-bootstrap-admin-template/datatables.html]
[bootstrapget.com/demos/adminpro-bootstrap-admin-template/editor.html]
[bootstrapget.com/demos/adminpro-bootstrap-admin-template/placeholder.html]
[bootstrapget.com/demos/adminpro-bootstrap-admin-template/calendar.html]
[bootstrapget.com/demos/adminpro-bootstrap-admin-template/calendar-external-draggable.html]
[bootstrapget.com/demos/adminpro-bootstrap-admin-template/calendar-google.html]
[bootstrapget.com/demos/adminpro-bootstrap-admin-template/calendar-list-view.html]
[bootstrapget.com/demos/adminpro-bootstrap-admin-template/calendar-selectable.html]
[bootstrapget.com/demos/adminpro-bootstrap-admin-template/accordions.html]
[bootstrapget.com/demos/adminpro-bootstrap-admin-template/alerts.html]
[bootstrapget.com/demos/adminpro-bootstrap-admin-template/buttons.html]
[bootstrapget.com/demos/adminpro-bootstrap-admin-template/badges.html]
[bootstrapget.com/demos/adminpro-bootstrap-admin-template/cards.html]
[bootstrapget.com/demos/adminpro-bootstrap-admin-template/custom-cards.html]
[bootstrapget.com/demos/adminpro-bootstrap-admin-template/carousel.html]
[bootstrapget.com/demos/adminpro-bootstrap-admin-template/icons.html]
[bootstrapget.com/demos/adminpro-bootstrap-admin-template/list-items.html]
[bootstrapget.com/demos/adminpro-bootstrap-admin-template/modals.html]
[bootstrapget.com/demos/adminpro-bootstrap-admin-template/progress.html]
[bootstrapget.com/demos/adminpro-bootstrap-admin-template/popovers.html]
[bootstrapget.com/demos/adminpro-bootstrap-admin-template/spinners.html]
[bootstrapget.com/demos/adminpro-bootstrap-admin-template/tabs.html]
[bootstrapget.com/demos/adminpro-bootstrap-admin-template/tooltips.html]
[bootstrapget.com/demos/adminpro-bootstrap-admin-template/typography.html]
[bootstrapget.com/demos/adminpro-bootstrap-admin-template/form-inputs.html]
[bootstrapget.com/demos/adminpro-bootstrap-admin-template/form-checkbox-radio.html]
[bootstrapget.com/demos/adminpro-bootstrap-admin-template/form-file-input.html]
[bootstrapget.com/demos/adminpro-bootstrap-admin-template/form-validations.html]
[bootstrapget.com/demos/adminpro-bootstrap-admin-template/date-time-pickers.html]
[bootstrapget.com/demos/adminpro-bootstrap-admin-template/form-layouts.html]
[bootstrapget.com/demos/adminpro-bootstrap-admin-template/input-masks.html]
[bootstrapget.com/demos/adminpro-bootstrap-admin-template/input-tags.html]
[bootstrapget.com/demos/adminpro-bootstrap-admin-template/starter-page.html]
[bootstrapget.com/demos/adminpro-bootstrap-admin-template/tables.html]
[bootstrapget.com/demos/adminpro-bootstrap-admin-template/apex.html]
[bootstrapget.com/demos/adminpro-bootstrap-admin-template/morris.html]
[bootstrapget.com/demos/adminpro-bootstrap-admin-template/maps.html]
[bootstrapget.com/demos/adminpro-bootstrap-admin-template/login.html]
[bootstrapget.com/demos/adminpro-bootstrap-admin-template/signup.html]
[bootstrapget.com/demos/adminpro-bootstrap-admin-template/forgot-password.html]
[bootstrapget.com/demos/adminpro-bootstrap-admin-template/reset-password.html]
[bootstrapget.com/demos/adminpro-bootstrap-admin-template/page-not-found.html]
[bootstrapget.com/demos/adminpro-bootstrap-admin-template/maintenance.html]
[bootstrapget.com/demos/adminpro-bootstrap-admin-template/assets/images/user.png]
[bootstrapget.com/demos/adminpro-bootstrap-admin-template/assets/images/user2.png]
[bootstrapget.com/demos/adminpro-bootstrap-admin-template/assets/images/user1.png]
[bootstrapget.com/demos/adminpro-bootstrap-admin-template/assets/images/user3.png]
[bootstrapget.com/demos/adminpro-bootstrap-admin-template/account-settings.html]
[bootstrapget.com/demos/adminpro-bootstrap-admin-template/assets/images/shape1.png]
[bootstrapget.com/demos/adminpro-bootstrap-admin-template/assets/images/shape2.png]
[bootstrapget.com/demos/adminpro-bootstrap-admin-template/assets/images/shape3.png]
[bootstrapget.com/demos/adminpro-bootstrap-admin-template/assets/images/products/product2.jpg]
[bootstrapget.com/demos/adminpro-bootstrap-admin-template/assets/images/products/product3.jpg]
[bootstrapget.com/demos/adminpro-bootstrap-admin-template/assets/images/products/product5.jpg]
[bootstrapget.com/demos/adminpro-bootstrap-admin-template/assets/js/jquery.min.js]
[bootstrapget.com/demos/adminpro-bootstrap-admin-template/assets/js/bootstrap.bundle.min.js]
[bootstrapget.com/demos/adminpro-bootstrap-admin-template/assets/vendor/overlay-scroll/jquery.overlayScrollbars.min.js]
[bootstrapget.com/demos/adminpro-bootstrap-admin-template/assets/vendor/overlay-scroll/custom-scrollbar.js]
[bootstrapget.com/demos/adminpro-bootstrap-admin-template/assets/vendor/toastify/toastify.js]
[bootstrapget.com/demos/adminpro-bootstrap-admin-template/assets/vendor/toastify/custom.js]
[bootstrapget.com/demos/adminpro-bootstrap-admin-template/assets/vendor/apex/apexcharts.min.js]
[bootstrapget.com/demos/adminpro-bootstrap-admin-template/assets/vendor/apex/custom/home/incomeData.js]
[bootstrapget.com/demos/adminpro-bootstrap-admin-template/assets/vendor/apex/custom/home/usersData.js]
[bootstrapget.com/demos/adminpro-bootstrap-admin-template/assets/vendor/apex/custom/home/ordersData.js]
[bootstrapget.com/demos/adminpro-bootstrap-admin-template/assets/vendor/apex/custom/home/conversionData.js]
[bootstrapget.com/demos/adminpro-bootstrap-admin-template/assets/vendor/apex/custom/home/paymentsData.js]
[bootstrapget.com/demos/adminpro-bootstrap-admin-template/assets/vendor/apex/custom/home/sparklineData.js]
[bootstrapget.com/demos/adminpro-bootstrap-admin-template/assets/vendor/rating/raty.js]
[bootstrapget.com/demos/adminpro-bootstrap-admin-template/assets/vendor/rating/raty-custom.js]
[bootstrapget.com/demos/adminpro-bootstrap-admin-template/assets/js/custom.js]
[bootstrapget.com/demos/adminpro-bootstrap-admin-template/index.html]
[bootstrapget.com/demos/adminpro-bootstrap-admin-template/assets/images/favicon.svg]
[bootstrapget.com/demos/adminpro-bootstrap-admin-template/assets/fonts/icomoon/icomoonf160.eot]
[bootstrapget.com/demos/adminpro-bootstrap-admin-template/assets/fonts/icomoon/icomoonf160.ttf]
[bootstrapget.com/demos/adminpro-bootstrap-admin-template/assets/fonts/icomoon/icomoonf160.woff]
[bootstrapget.com/demos/adminpro-bootstrap-admin-template/assets/fonts/icomoon/style.css]
[bootstrapget.com/demos/adminpro-bootstrap-admin-template/assets/css/main.min.css]
[bootstrapget.com/demos/adminpro-bootstrap-admin-template/assets/vendor/overlay-scroll/OverlayScrollbars.min.css]
[bootstrapget.com/demos/adminpro-bootstrap-admin-template/assets/vendor/toastify/toastify.css]
[bootstrapget.com/demos/adminpro-bootstrap-admin-template/index-2.html]
[bootstrapget.com/demos/adminpro-bootstrap-admin-template/assets/images/logo.svg]
[bootstrapget.com/demos/adminpro-bootstrap-admin-template/assets/images/user4.png]
[bootstrapget.com/demos/adminpro-bootstrap-admin-template/assets/images/user5.png]
[bootstrapget.com/demos/adminpro-bootstrap-admin-template/assets/vendor/apex/custom/statistics/revenueData.js]
[bootstrapget.com/demos/adminpro-bootstrap-admin-template/assets/vendor/apex/custom/statistics/paymentsData.js]
[bootstrapget.com/demos/adminpro-bootstrap-admin-template/assets/vendor/apex/custom/statistics/sparklines.js]
[bootstrapget.com/demos/adminpro-bootstrap-admin-template/assets/vendor/jvectormap/jquery-jvectormap-2.0.5.min.js]
[bootstrapget.com/demos/adminpro-bootstrap-admin-template/assets/vendor/jvectormap/world-mill-en.js]
[bootstrapget.com/demos/adminpro-bootstrap-admin-template/assets/vendor/jvectormap/gdp-data.js]
[bootstrapget.com/demos/adminpro-bootstrap-admin-template/assets/vendor/jvectormap/continents-mill.js]
[bootstrapget.com/demos/adminpro-bootstrap-admin-template/assets/vendor/jvectormap/custom/world-map-markers3.js]
[bootstrapget.com/demos/adminpro-bootstrap-admin-template/statistics.html]
[bootstrapget.com/demos/adminpro-bootstrap-admin-template/contacts.html]
[bootstrapget.com/demos/adminpro-bootstrap-admin-template/contact-us.html]
[bootstrapget.com/demos/adminpro-bootstrap-admin-template/faq.html]
[bootstrapget.com/demos/adminpro-bootstrap-admin-template/invoice-list.html]
[bootstrapget.com/demos/adminpro-bootstrap-admin-template/invoice.html]
[bootstrapget.com/demos/adminpro-bootstrap-admin-template/assets/vendor/daterange/daterange.css]
[bootstrapget.com/demos/adminpro-bootstrap-admin-template/assets/js/moment.min.js]
[bootstrapget.com/demos/adminpro-bootstrap-admin-template/assets/vendor/daterange/daterange.js]
[bootstrapget.com/demos/adminpro-bootstrap-admin-template/assets/vendor/daterange/custom-daterange.js]
[bootstrapget.com/demos/adminpro-bootstrap-admin-template/create-invoice.html]
[bootstrapget.com/demos/adminpro-bootstrap-admin-template/notifications.html]
[bootstrapget.com/demos/adminpro-bootstrap-admin-template/subscribers.html]
[bootstrapget.com/demos/adminpro-bootstrap-admin-template/assets/images/products/product1.jpg]
[bootstrapget.com/demos/adminpro-bootstrap-admin-template/assets/vendor/apex/custom/profile/earnings.js]
[bootstrapget.com/demos/adminpro-bootstrap-admin-template/assets/vendor/apex/custom/profile/projects.js]
[bootstrapget.com/demos/adminpro-bootstrap-admin-template/profile.html]
[bootstrapget.com/demos/adminpro-bootstrap-admin-template/assets/vendor/datatables/dataTables.bs5.css]
[bootstrapget.com/demos/adminpro-bootstrap-admin-template/assets/vendor/datatables/dataTables.bs5-custom.css]
[bootstrapget.com/demos/adminpro-bootstrap-admin-template/assets/vendor/datatables/buttons/dataTables.bs5-custom.css]
[bootstrapget.com/demos/adminpro-bootstrap-admin-template/assets/vendor/datatables/dataTables.min.js]
[bootstrapget.com/demos/adminpro-bootstrap-admin-template/assets/vendor/datatables/dataTables.bootstrap.min.js]
[bootstrapget.com/demos/adminpro-bootstrap-admin-template/assets/vendor/datatables/custom/custom-datatables.js]
[bootstrapget.com/demos/adminpro-bootstrap-admin-template/assets/vendor/datatables/buttons/dataTables.buttons.min.js]
[bootstrapget.com/demos/adminpro-bootstrap-admin-template/assets/vendor/datatables/buttons/jszip.min.js]
[bootstrapget.com/demos/adminpro-bootstrap-admin-template/assets/vendor/datatables/buttons/pdfmake.min.js]
[bootstrapget.com/demos/adminpro-bootstrap-admin-template/assets/vendor/datatables/buttons/buttons.html5.min.js]
[bootstrapget.com/demos/adminpro-bootstrap-admin-template/assets/vendor/datatables/buttons/buttons.print.min.js]
[bootstrapget.com/demos/adminpro-bootstrap-admin-template/assets/vendor/datatables/buttons/vfs_fonts.js]
[bootstrapget.com/demos/adminpro-bootstrap-admin-template/assets/vendor/datatables/buttons/buttons.colVis.min.js]
[bootstrapget.com/demos/adminpro-bootstrap-admin-template/datatables.html]
[bootstrapget.com/demos/adminpro-bootstrap-admin-template/assets/vendor/quill/quill.core.css]
[bootstrapget.com/demos/adminpro-bootstrap-admin-template/assets/vendor/quill/quill.min.js]
[bootstrapget.com/demos/adminpro-bootstrap-admin-template/assets/vendor/quill/custom.js]
[bootstrapget.com/demos/adminpro-bootstrap-admin-template/editor.html]
[bootstrapget.com/demos/adminpro-bootstrap-admin-template/placeholder.html]
[bootstrapget.com/demos/adminpro-bootstrap-admin-template/assets/vendor/calendar/css/main.min.css]
[bootstrapget.com/demos/adminpro-bootstrap-admin-template/assets/vendor/calendar/css/custom.css]
[bootstrapget.com/demos/adminpro-bootstrap-admin-template/assets/vendor/calendar/js/main.min.js]
[bootstrapget.com/demos/adminpro-bootstrap-admin-template/calendar.html]
[bootstrapget.com/demos/adminpro-bootstrap-admin-template/assets/vendor/calendar/custom/daygrid-calendar.js]
[bootstrapget.com/demos/adminpro-bootstrap-admin-template/assets/vendor/calendar/custom/draggable-calendar.js]
[bootstrapget.com/demos/adminpro-bootstrap-admin-template/calendar-external-draggable.html]
[bootstrapget.com/demos/adminpro-bootstrap-admin-template/assets/vendor/calendar/custom/google-view-calendar.js]
[bootstrapget.com/demos/adminpro-bootstrap-admin-template/calendar-google.html]
[bootstrapget.com/demos/adminpro-bootstrap-admin-template/assets/vendor/calendar/custom/list-view-calendar.js]
[bootstrapget.com/demos/adminpro-bootstrap-admin-template/calendar-list-view.html]
[bootstrapget.com/demos/adminpro-bootstrap-admin-template/assets/vendor/calendar/custom/selectable-calendar.js]
[bootstrapget.com/demos/adminpro-bootstrap-admin-template/calendar-selectable.html]
[bootstrapget.com/demos/adminpro-bootstrap-admin-template/assets/images/products/product4.jpg]
[bootstrapget.com/demos/adminpro-bootstrap-admin-template/assets/images/products/product6.jpg]
[bootstrapget.com/demos/adminpro-bootstrap-admin-template/assets/images/products/product7.jpg]
[bootstrapget.com/demos/adminpro-bootstrap-admin-template/assets/images/products/product10.jpg]
[bootstrapget.com/demos/adminpro-bootstrap-admin-template/accordions.html]
[bootstrapget.com/demos/adminpro-bootstrap-admin-template/alerts.html]
[bootstrapget.com/demos/adminpro-bootstrap-admin-template/buttons.html]
[bootstrapget.com/demos/adminpro-bootstrap-admin-template/badges.html]
[bootstrapget.com/demos/adminpro-bootstrap-admin-template/assets/images/products/product9.jpg]
[bootstrapget.com/demos/adminpro-bootstrap-admin-template/assets/images/products/product8.jpg]
[bootstrapget.com/demos/adminpro-bootstrap-admin-template/cards.html]
[bootstrapget.com/demos/adminpro-bootstrap-admin-template/custom-cards.html]
[bootstrapget.com/demos/adminpro-bootstrap-admin-template/carousel.html]
[bootstrapget.com/demos/adminpro-bootstrap-admin-template/icons.html]
[bootstrapget.com/demos/adminpro-bootstrap-admin-template/list-items.html]
[bootstrapget.com/demos/adminpro-bootstrap-admin-template/modals.html]
[bootstrapget.com/demos/adminpro-bootstrap-admin-template/progress.html]
[bootstrapget.com/demos/adminpro-bootstrap-admin-template/popovers.html]
[bootstrapget.com/demos/adminpro-bootstrap-admin-template/spinners.html]
[bootstrapget.com/demos/adminpro-bootstrap-admin-template/tabs.html]
[bootstrapget.com/demos/adminpro-bootstrap-admin-template/tooltips.html]
[bootstrapget.com/demos/adminpro-bootstrap-admin-template/typography.html]
[bootstrapget.com/demos/adminpro-bootstrap-admin-template/form-inputs.html]
[bootstrapget.com/demos/adminpro-bootstrap-admin-template/form-checkbox-radio.html]
[bootstrapget.com/demos/adminpro-bootstrap-admin-template/form-file-input.html]
[bootstrapget.com/demos/adminpro-bootstrap-admin-template/assets/js/validations.js]
[bootstrapget.com/demos/adminpro-bootstrap-admin-template/form-validations.html]
[bootstrapget.com/demos/adminpro-bootstrap-admin-template/date-time-pickers.html]
[bootstrapget.com/demos/adminpro-bootstrap-admin-template/form-layouts.html]
[bootstrapget.com/demos/adminpro-bootstrap-admin-template/assets/images/cards/mastercard.png]
[bootstrapget.com/demos/adminpro-bootstrap-admin-template/assets/images/cards/visa.png]
[bootstrapget.com/demos/adminpro-bootstrap-admin-template/assets/images/cards/american-express.png]
[bootstrapget.com/demos/adminpro-bootstrap-admin-template/assets/images/cards/jcb.png]
[bootstrapget.com/demos/adminpro-bootstrap-admin-template/assets/images/cards/diners.png]
[bootstrapget.com/demos/adminpro-bootstrap-admin-template/assets/images/cards/discover.png]
[bootstrapget.com/demos/adminpro-bootstrap-admin-template/assets/vendor/input-masks/cleave.min.js]
[bootstrapget.com/demos/adminpro-bootstrap-admin-template/assets/vendor/input-masks/cleave-phone.js]
[bootstrapget.com/demos/adminpro-bootstrap-admin-template/assets/vendor/input-masks/cleave-custom.js]
[bootstrapget.com/demos/adminpro-bootstrap-admin-template/input-masks.html]
[bootstrapget.com/demos/adminpro-bootstrap-admin-template/assets/vendor/input-tags/tagsinput.css]
[bootstrapget.com/demos/adminpro-bootstrap-admin-template/assets/vendor/input-tags/tagsinput.min.js]
[bootstrapget.com/demos/adminpro-bootstrap-admin-template/assets/vendor/input-tags/typeahead.js]
[bootstrapget.com/demos/adminpro-bootstrap-admin-template/assets/vendor/input-tags/tagsinput-custom.js]
[bootstrapget.com/demos/adminpro-bootstrap-admin-template/input-tags.html]
[bootstrapget.com/demos/adminpro-bootstrap-admin-template/starter-page.html]
[bootstrapget.com/demos/adminpro-bootstrap-admin-template/tables.html]
[bootstrapget.com/demos/adminpro-bootstrap-admin-template/assets/vendor/apex/custom/graphs/area.js]
[bootstrapget.com/demos/adminpro-bootstrap-admin-template/assets/vendor/apex/custom/graphs/line.js]
[bootstrapget.com/demos/adminpro-bootstrap-admin-template/assets/vendor/apex/custom/graphs/bar.js]
[bootstrapget.com/demos/adminpro-bootstrap-admin-template/assets/vendor/apex/custom/graphs/column-area.js]
[bootstrapget.com/demos/adminpro-bootstrap-admin-template/assets/vendor/apex/custom/graphs/candlestick.js]
[bootstrapget.com/demos/adminpro-bootstrap-admin-template/assets/vendor/apex/custom/graphs/heatmap.js]
[bootstrapget.com/demos/adminpro-bootstrap-admin-template/assets/vendor/apex/custom/graphs/donut.js]
[bootstrapget.com/demos/adminpro-bootstrap-admin-template/assets/vendor/apex/custom/graphs/pie.js]
[bootstrapget.com/demos/adminpro-bootstrap-admin-template/apex.html]
[bootstrapget.com/demos/adminpro-bootstrap-admin-template/assets/vendor/morris/morris.css]
[bootstrapget.com/demos/adminpro-bootstrap-admin-template/assets/vendor/morris/raphael-min.js]
[bootstrapget.com/demos/adminpro-bootstrap-admin-template/assets/vendor/morris/morris.min.js]
[bootstrapget.com/demos/adminpro-bootstrap-admin-template/assets/vendor/morris/custom/area.js]
[bootstrapget.com/demos/adminpro-bootstrap-admin-template/assets/vendor/morris/custom/barColors.js]
[bootstrapget.com/demos/adminpro-bootstrap-admin-template/assets/vendor/morris/custom/dayData.js]
[bootstrapget.com/demos/adminpro-bootstrap-admin-template/assets/vendor/morris/custom/donutColors.js]
[bootstrapget.com/demos/adminpro-bootstrap-admin-template/assets/vendor/morris/custom/donutFormatter.js]
[bootstrapget.com/demos/adminpro-bootstrap-admin-template/assets/vendor/morris/custom/morrisBar.js]
[bootstrapget.com/demos/adminpro-bootstrap-admin-template/assets/vendor/morris/custom/negativeValues.js]
[bootstrapget.com/demos/adminpro-bootstrap-admin-template/assets/vendor/morris/custom/stackedBar.js]
[bootstrapget.com/demos/adminpro-bootstrap-admin-template/morris.html]
[bootstrapget.com/demos/adminpro-bootstrap-admin-template/assets/vendor/jvectormap/africa-mill.js]
[bootstrapget.com/demos/adminpro-bootstrap-admin-template/assets/vendor/jvectormap/dk-mill.js]
[bootstrapget.com/demos/adminpro-bootstrap-admin-template/assets/vendor/jvectormap/europe-mill.js]
[bootstrapget.com/demos/adminpro-bootstrap-admin-template/assets/vendor/jvectormap/us_aea.js]
[bootstrapget.com/demos/adminpro-bootstrap-admin-template/assets/vendor/jvectormap/usa.js]
[bootstrapget.com/demos/adminpro-bootstrap-admin-template/assets/vendor/jvectormap/custom/world-map-markers2.js]
[bootstrapget.com/demos/adminpro-bootstrap-admin-template/assets/vendor/jvectormap/custom/world-map-gdp.js]
[bootstrapget.com/demos/adminpro-bootstrap-admin-template/assets/vendor/jvectormap/custom/map-usa.js]
[bootstrapget.com/demos/adminpro-bootstrap-admin-template/assets/vendor/jvectormap/custom/map-usa2.js]
[bootstrapget.com/demos/adminpro-bootstrap-admin-template/assets/vendor/jvectormap/custom/custom-denmark.js]
[bootstrapget.com/demos/adminpro-bootstrap-admin-template/assets/vendor/jvectormap/custom/map-europe.js]
[bootstrapget.com/demos/adminpro-bootstrap-admin-template/assets/vendor/jvectormap/custom/map-africa.js]
[bootstrapget.com/demos/adminpro-bootstrap-admin-template/maps.html]
[bootstrapget.com/demos/adminpro-bootstrap-admin-template/login.html]
[bootstrapget.com/demos/adminpro-bootstrap-admin-template/signup.html]
[bootstrapget.com/demos/adminpro-bootstrap-admin-template/forgot-password.html]
[bootstrapget.com/demos/adminpro-bootstrap-admin-template/reset-password.html]
[bootstrapget.com/demos/adminpro-bootstrap-admin-template/page-not-found.html]
[bootstrapget.com/demos/adminpro-bootstrap-admin-template/maintenance.html]
[bootstrapget.com/demos/adminpro-bootstrap-admin-template/assets/images/logo-sm.svg]
[bootstrapget.com/demos/adminpro-bootstrap-admin-template/assets/images/flags/1x1/gb.svg]
[bootstrapget.com/demos/adminpro-bootstrap-admin-template/assets/images/flags/1x1/us.svg]
[bootstrapget.com/demos/adminpro-bootstrap-admin-template/assets/images/flags/1x1/in.svg]
[bootstrapget.com/demos/adminpro-bootstrap-admin-template/assets/images/flags/1x1/br.svg]
[bootstrapget.com/demos/adminpro-bootstrap-admin-template/assets/images/flags/1x1/tr.svg]
[bootstrapget.com/demos/adminpro-bootstrap-admin-template/assets/images/flags/1x1/id.svg]
[bootstrapget.com/demos/adminpro-bootstrap-admin-template/assets/vendor/dropzone/dropzone.min.css]
[bootstrapget.com/demos/adminpro-bootstrap-admin-template/assets/vendor/dropzone/dropzone.min.js]
[bootstrapget.com/demos/adminpro-bootstrap-admin-template/account-settings.html]
[bootstrapget.com/demos/adminpro-bootstrap-admin-template/assets/fonts/icomoon/icomoonf160.svg]
[bootstrapget.com/demos/adminpro-bootstrap-admin-template/assets/images/curve-line.svg]
[bootstrapget.com/demos/adminpro-bootstrap-admin-template/assets/images/login.svg]
[bootstrapget.com/demos/adminpro-bootstrap-admin-template/assets/images/bg.svg]
[bootstrapget.com/demos/adminpro-bootstrap-admin-template/contact-us.html]
[bootstrapget.com/demos/adminpro-bootstrap-admin-template/assets/vendor/daterange/daterange.css]
[bootstrapget.com/demos/adminpro-bootstrap-admin-template/assets/vendor/datatables/dataTables.bs5.css]
[bootstrapget.com/demos/adminpro-bootstrap-admin-template/assets/vendor/datatables/dataTables.bs5-custom.css]
[bootstrapget.com/demos/adminpro-bootstrap-admin-template/assets/vendor/datatables/buttons/dataTables.bs5-custom.css]
[bootstrapget.com/demos/adminpro-bootstrap-admin-template/assets/vendor/quill/quill.core.css]
[bootstrapget.com/demos/adminpro-bootstrap-admin-template/assets/images/placeholder.svg]
[bootstrapget.com/demos/adminpro-bootstrap-admin-template/assets/vendor/calendar/css/main.min.css]
[bootstrapget.com/demos/adminpro-bootstrap-admin-template/assets/vendor/calendar/css/custom.css]
[bootstrapget.com/demos/adminpro-bootstrap-admin-template/assets/images/social/facebook.svg]
[bootstrapget.com/demos/adminpro-bootstrap-admin-template/assets/images/social/linkedin.svg]
[bootstrapget.com/demos/adminpro-bootstrap-admin-template/assets/images/social/twitter.svg]
[bootstrapget.com/demos/adminpro-bootstrap-admin-template/assets/vendor/input-tags/tagsinput.css]
[bootstrapget.com/demos/adminpro-bootstrap-admin-template/assets/vendor/morris/morris.css]
[bootstrapget.com/demos/adminpro-bootstrap-admin-template/assets/images/error.svg]
[bootstrapget.com/demos/adminpro-bootstrap-admin-template/assets/images/maintenance.svg]
[bootstrapget.com/demos/adminpro-bootstrap-admin-template/assets/vendor/dropzone/dropzone.min.css]
