[bootstrapget.com/demos/venus-admin-template/index.html]
[backblue.gif]
[fade.gif]
[index.html]
[bootstrapget.com/demos/venus-admin-template/assets/fonts/bootstrap/bootstrap-icons.css]
[bootstrapget.com/demos/venus-admin-template/assets/css/main.min.css]
[bootstrapget.com/demos/venus-admin-template/assets/vendor/overlay-scroll/OverlayScrollbars.min.css]
[bootstrapget.com/demos/venus-admin-template/index-2.html]
[bootstrapget.com/demos/venus-admin-template/settings.html]
[bootstrapget.com/demos/venus-admin-template/profile.html]
[bootstrapget.com/demos/venus-admin-template/events.html]
[bootstrapget.com/demos/venus-admin-template/analytics.html]
[bootstrapget.com/demos/venus-admin-template/widgets.html]
[bootstrapget.com/demos/venus-admin-template/calendar.html]
[bootstrapget.com/demos/venus-admin-template/accordions.html]
[bootstrapget.com/demos/venus-admin-template/alerts.html]
[bootstrapget.com/demos/venus-admin-template/buttons.html]
[bootstrapget.com/demos/venus-admin-template/badges.html]
[bootstrapget.com/demos/venus-admin-template/carousel.html]
[bootstrapget.com/demos/venus-admin-template/list-items.html]
[bootstrapget.com/demos/venus-admin-template/progress.html]
[bootstrapget.com/demos/venus-admin-template/popovers.html]
[bootstrapget.com/demos/venus-admin-template/tooltips.html]
[bootstrapget.com/demos/venus-admin-template/form-inputs.html]
[bootstrapget.com/demos/venus-admin-template/form-checkbox-radio.html]
[bootstrapget.com/demos/venus-admin-template/form-file-input.html]
[bootstrapget.com/demos/venus-admin-template/form-validations.html]
[bootstrapget.com/demos/venus-admin-template/date-time-pickers.html]
[bootstrapget.com/demos/venus-admin-template/form-layouts.html]
[bootstrapget.com/demos/venus-admin-template/create-invoice.html]
[bootstrapget.com/demos/venus-admin-template/view-invoice.html]
[bootstrapget.com/demos/venus-admin-template/invoice-list.html]
[bootstrapget.com/demos/venus-admin-template/tables.html]
[bootstrapget.com/demos/venus-admin-template/subscribers.html]
[bootstrapget.com/demos/venus-admin-template/contacts.html]
[bootstrapget.com/demos/venus-admin-template/cards.html]
[bootstrapget.com/demos/venus-admin-template/advanced-cards.html]
[bootstrapget.com/demos/venus-admin-template/apex.html]
[bootstrapget.com/demos/venus-admin-template/morris.html]
[bootstrapget.com/demos/venus-admin-template/maps.html]
[bootstrapget.com/demos/venus-admin-template/tabs.html]
[bootstrapget.com/demos/venus-admin-template/modals.html]
[bootstrapget.com/demos/venus-admin-template/icons.html]
[bootstrapget.com/demos/venus-admin-template/typography.html]
[bootstrapget.com/demos/venus-admin-template/login.html]
[bootstrapget.com/demos/venus-admin-template/signup.html]
[bootstrapget.com/demos/venus-admin-template/forgot-password.html]
[bootstrapget.com/demos/venus-admin-template/page-not-found.html]
[bootstrapget.com/demos/venus-admin-template/maintenance.html]
[bootstrapget.com/demos/venus-admin-template/assets/images/user.png]
[bootstrapget.com/demos/venus-admin-template/assets/images/user2.png]
[bootstrapget.com/demos/venus-admin-template/assets/images/user1.png]
[bootstrapget.com/demos/venus-admin-template/assets/images/mobiles/mob1.jpg]
[bootstrapget.com/demos/venus-admin-template/assets/images/mobiles/mob2.jpg]
[bootstrapget.com/demos/venus-admin-template/assets/images/mobiles/mob3.jpg]
[bootstrapget.com/demos/venus-admin-template/assets/js/jquery.min.js]
[bootstrapget.com/demos/venus-admin-template/assets/js/bootstrap.bundle.min.js]
[bootstrapget.com/demos/venus-admin-template/assets/vendor/overlay-scroll/jquery.overlayScrollbars.min.js]
[bootstrapget.com/demos/venus-admin-template/assets/vendor/overlay-scroll/custom-scrollbar.js]
[bootstrapget.com/demos/venus-admin-template/assets/vendor/apex/apexcharts.min.js]
[bootstrapget.com/demos/venus-admin-template/assets/vendor/apex/custom/dash1/activity-report.js]
[bootstrapget.com/demos/venus-admin-template/assets/vendor/apex/custom/dash1/deals.js]
[bootstrapget.com/demos/venus-admin-template/assets/vendor/apex/custom/dash1/sparkline.js]
[bootstrapget.com/demos/venus-admin-template/assets/vendor/apex/custom/dash1/sparkline2.js]
[bootstrapget.com/demos/venus-admin-template/assets/vendor/rating/raty.js]
[bootstrapget.com/demos/venus-admin-template/assets/vendor/rating/raty-custom.js]
[bootstrapget.com/demos/venus-admin-template/assets/js/custom.js]
[bootstrapget.com/demos/venus-admin-template/index.html]
[bootstrapget.com/demos/venus-admin-template/assets/images/favicon.svg]
[bootstrapget.com/demos/venus-admin-template/assets/fonts/bootstrap/bootstrap-icons.woff2]
[bootstrapget.com/demos/venus-admin-template/assets/fonts/bootstrap/bootstrap-icons.woff]
[bootstrapget.com/demos/venus-admin-template/assets/fonts/bootstrap/bootstrap-icons.css]
[bootstrapget.com/demos/venus-admin-template/assets/css/main.min.css]
[bootstrapget.com/demos/venus-admin-template/assets/vendor/overlay-scroll/OverlayScrollbars.min.css]
[bootstrapget.com/demos/venus-admin-template/index-2.html]
[bootstrapget.com/demos/venus-admin-template/assets/images/logo.svg]
[bootstrapget.com/demos/venus-admin-template/assets/vendor/daterange/daterange.css]
[bootstrapget.com/demos/venus-admin-template/assets/js/modernizr.js]
[bootstrapget.com/demos/venus-admin-template/assets/js/moment.min.js]
[bootstrapget.com/demos/venus-admin-template/assets/vendor/daterange/daterange.js]
[bootstrapget.com/demos/venus-admin-template/assets/vendor/daterange/custom-daterange.js]
[bootstrapget.com/demos/venus-admin-template/settings.html]
[bootstrapget.com/demos/venus-admin-template/assets/images/user4.png]
[bootstrapget.com/demos/venus-admin-template/assets/images/user5.png]
[bootstrapget.com/demos/venus-admin-template/assets/images/user3.png]
[bootstrapget.com/demos/venus-admin-template/assets/images/flowers/img1.jpg]
[bootstrapget.com/demos/venus-admin-template/assets/images/flowers/img3.jpg]
[bootstrapget.com/demos/venus-admin-template/assets/images/flowers/img5.jpg]
[bootstrapget.com/demos/venus-admin-template/assets/images/flowers/img8.jpg]
[bootstrapget.com/demos/venus-admin-template/assets/vendor/apex/custom/profile/sales.js]
[bootstrapget.com/demos/venus-admin-template/profile.html]
[bootstrapget.com/demos/venus-admin-template/events.html]
[bootstrapget.com/demos/venus-admin-template/assets/vendor/apex/custom/dash2/sparkline.js]
[bootstrapget.com/demos/venus-admin-template/assets/vendor/apex/custom/dash2/traffic.js]
[bootstrapget.com/demos/venus-admin-template/assets/vendor/apex/custom/dash2/active-users.js]
[bootstrapget.com/demos/venus-admin-template/assets/vendor/apex/custom/dash2/sessions.js]
[bootstrapget.com/demos/venus-admin-template/analytics.html]
[bootstrapget.com/demos/venus-admin-template/assets/images/mobiles/mob4.jpg]
[bootstrapget.com/demos/venus-admin-template/assets/images/mobiles/mob5.jpg]
[bootstrapget.com/demos/venus-admin-template/assets/images/mobiles/mob6.jpg]
[bootstrapget.com/demos/venus-admin-template/assets/images/mobiles/mob7.jpg]
[bootstrapget.com/demos/venus-admin-template/assets/images/mobiles/mob8.jpg]
[bootstrapget.com/demos/venus-admin-template/widgets.html]
[bootstrapget.com/demos/venus-admin-template/assets/vendor/calendar/css/main.min.css]
[bootstrapget.com/demos/venus-admin-template/assets/vendor/calendar/css/custom.css]
[bootstrapget.com/demos/venus-admin-template/assets/vendor/calendar/js/main.min.js]
[bootstrapget.com/demos/venus-admin-template/calendar.html]
[bootstrapget.com/demos/venus-admin-template/assets/vendor/calendar/custom/daygrid-calendar.js]
[bootstrapget.com/demos/venus-admin-template/assets/images/flowers/img9.jpg]
[bootstrapget.com/demos/venus-admin-template/accordions.html]
[bootstrapget.com/demos/venus-admin-template/alerts.html]
[bootstrapget.com/demos/venus-admin-template/buttons.html]
[bootstrapget.com/demos/venus-admin-template/badges.html]
[bootstrapget.com/demos/venus-admin-template/assets/images/flowers/img6.jpg]
[bootstrapget.com/demos/venus-admin-template/assets/images/flowers/img7.jpg]
[bootstrapget.com/demos/venus-admin-template/assets/images/flowers/img2.jpg]
[bootstrapget.com/demos/venus-admin-template/assets/images/flowers/img10.jpg]
[bootstrapget.com/demos/venus-admin-template/assets/images/flowers/img4.jpg]
[bootstrapget.com/demos/venus-admin-template/carousel.html]
[bootstrapget.com/demos/venus-admin-template/list-items.html]
[bootstrapget.com/demos/venus-admin-template/progress.html]
[bootstrapget.com/demos/venus-admin-template/popovers.html]
[bootstrapget.com/demos/venus-admin-template/tooltips.html]
[bootstrapget.com/demos/venus-admin-template/form-inputs.html]
[bootstrapget.com/demos/venus-admin-template/form-checkbox-radio.html]
[bootstrapget.com/demos/venus-admin-template/form-file-input.html]
[bootstrapget.com/demos/venus-admin-template/assets/js/validations.js]
[bootstrapget.com/demos/venus-admin-template/form-validations.html]
[bootstrapget.com/demos/venus-admin-template/date-time-pickers.html]
[bootstrapget.com/demos/venus-admin-template/form-layouts.html]
[bootstrapget.com/demos/venus-admin-template/create-invoice.html]
[bootstrapget.com/demos/venus-admin-template/view-invoice.html]
[bootstrapget.com/demos/venus-admin-template/invoice-list.html]
[bootstrapget.com/demos/venus-admin-template/tables.html]
[bootstrapget.com/demos/venus-admin-template/subscribers.html]
[bootstrapget.com/demos/venus-admin-template/contacts.html]
[bootstrapget.com/demos/venus-admin-template/cards.html]
[bootstrapget.com/demos/venus-admin-template/advanced-cards.html]
[bootstrapget.com/demos/venus-admin-template/assets/vendor/apex/custom/graphs/area.js]
[bootstrapget.com/demos/venus-admin-template/assets/vendor/apex/custom/graphs/line.js]
[bootstrapget.com/demos/venus-admin-template/assets/vendor/apex/custom/graphs/bar.js]
[bootstrapget.com/demos/venus-admin-template/assets/vendor/apex/custom/graphs/candlestick.js]
[bootstrapget.com/demos/venus-admin-template/assets/vendor/apex/custom/graphs/heatmap.js]
[bootstrapget.com/demos/venus-admin-template/assets/vendor/apex/custom/graphs/donut.js]
[bootstrapget.com/demos/venus-admin-template/assets/vendor/apex/custom/graphs/pie.js]
[bootstrapget.com/demos/venus-admin-template/apex.html]
[bootstrapget.com/demos/venus-admin-template/assets/vendor/morris/morris.css]
[bootstrapget.com/demos/venus-admin-template/assets/vendor/morris/raphael-min.js]
[bootstrapget.com/demos/venus-admin-template/assets/vendor/morris/morris.min.js]
[bootstrapget.com/demos/venus-admin-template/assets/vendor/morris/custom/area.js]
[bootstrapget.com/demos/venus-admin-template/assets/vendor/morris/custom/barColors.js]
[bootstrapget.com/demos/venus-admin-template/assets/vendor/morris/custom/dayData.js]
[bootstrapget.com/demos/venus-admin-template/assets/vendor/morris/custom/donutColors.js]
[bootstrapget.com/demos/venus-admin-template/assets/vendor/morris/custom/donutFormatter.js]
[bootstrapget.com/demos/venus-admin-template/assets/vendor/morris/custom/morrisBar.js]
[bootstrapget.com/demos/venus-admin-template/assets/vendor/morris/custom/negativeValues.js]
[bootstrapget.com/demos/venus-admin-template/assets/vendor/morris/custom/stackedBar.js]
[bootstrapget.com/demos/venus-admin-template/morris.html]
[bootstrapget.com/demos/venus-admin-template/assets/vendor/jvectormap/jquery-jvectormap-2.0.5.min.js]
[bootstrapget.com/demos/venus-admin-template/assets/vendor/jvectormap/world-mill-en.js]
[bootstrapget.com/demos/venus-admin-template/assets/vendor/jvectormap/gdp-data.js]
[bootstrapget.com/demos/venus-admin-template/assets/vendor/jvectormap/us_aea.js]
[bootstrapget.com/demos/venus-admin-template/assets/vendor/jvectormap/continents-mill.js]
[bootstrapget.com/demos/venus-admin-template/assets/vendor/jvectormap/usa.js]
[bootstrapget.com/demos/venus-admin-template/assets/vendor/jvectormap/custom/world-map-markers2.js]
[bootstrapget.com/demos/venus-admin-template/assets/vendor/jvectormap/custom/map-usa.js]
[bootstrapget.com/demos/venus-admin-template/assets/vendor/jvectormap/custom/map-usa2.js]
[bootstrapget.com/demos/venus-admin-template/maps.html]
[bootstrapget.com/demos/venus-admin-template/tabs.html]
[bootstrapget.com/demos/venus-admin-template/modals.html]
[bootstrapget.com/demos/venus-admin-template/icons.html]
[bootstrapget.com/demos/venus-admin-template/typography.html]
[bootstrapget.com/demos/venus-admin-template/login.html]
[bootstrapget.com/demos/venus-admin-template/signup.html]
[bootstrapget.com/demos/venus-admin-template/forgot-password.html]
[bootstrapget.com/demos/venus-admin-template/page-not-found.html]
[bootstrapget.com/demos/venus-admin-template/maintenance.html]
[bootstrapget.com/demos/venus-admin-template/assets/images/logo-sm.svg]
[bootstrapget.com/demos/venus-admin-template/assets/images/brand-behance.svg]
[bootstrapget.com/demos/venus-admin-template/assets/images/brand-gatsby.svg]
[bootstrapget.com/demos/venus-admin-template/assets/images/brand-google.svg]
[bootstrapget.com/demos/venus-admin-template/assets/images/brand-bitcoin.svg]
[bootstrapget.com/demos/venus-admin-template/assets/images/brand-dribbble.svg]
[bootstrapget.com/demos/venus-admin-template/assets/images/user4.svg]
[bootstrapget.com/demos/venus-admin-template/assets/images/user3.svg]
[bootstrapget.com/demos/venus-admin-template/assets/images/user1.svg]
[bootstrapget.com/demos/venus-admin-template/assets/images/user5.svg]
[bootstrapget.com/demos/venus-admin-template/assets/images/user2.svg]
[bootstrapget.com/demos/venus-admin-template/assets/images/curve-line-2.svg]
[bootstrapget.com/demos/venus-admin-template/assets/images/menu-arrow.svg]
[bootstrapget.com/demos/venus-admin-template/assets/images/curve-line.svg]
[bootstrapget.com/demos/venus-admin-template/assets/images/dots.svg]
[bootstrapget.com/demos/venus-admin-template/assets/vendor/daterange/daterange.css]
[bootstrapget.com/demos/venus-admin-template/assets/images/browser/chrome.svg]
[bootstrapget.com/demos/venus-admin-template/assets/images/browser/firefox.svg]
[bootstrapget.com/demos/venus-admin-template/assets/images/browser/safari.svg]
[bootstrapget.com/demos/venus-admin-template/assets/images/browser/ie.svg]
[bootstrapget.com/demos/venus-admin-template/assets/images/browser/opera.svg]
[bootstrapget.com/demos/venus-admin-template/assets/vendor/calendar/css/main.min.css]
[bootstrapget.com/demos/venus-admin-template/assets/vendor/calendar/css/custom.css]
[bootstrapget.com/demos/venus-admin-template/assets/images/flags/1x1/hk.svg]
[bootstrapget.com/demos/venus-admin-template/assets/images/flags/1x1/au.svg]
[bootstrapget.com/demos/venus-admin-template/assets/images/flags/1x1/tz.svg]
[bootstrapget.com/demos/venus-admin-template/assets/images/flags/1x1/ru.svg]
[bootstrapget.com/demos/venus-admin-template/assets/images/flags/1x1/de.svg]
[bootstrapget.com/demos/venus-admin-template/assets/vendor/morris/morris.css]
[bootstrapget.com/demos/venus-admin-template/assets/images/logo-dark.svg]
[bootstrapget.com/demos/venus-admin-template/assets/vendor/apex/custom/graphs/column-area.js]
