[mentoring.dreamstechnologies.com/html/template/dashboard.html]
[backblue.gif]
[fade.gif]
[index.html]
[mentoring.dreamstechnologies.com/html/template/assets/img/favicon.png]
[mentoring.dreamstechnologies.com/html/template/assets/css/bootstrap.min.css]
[mentoring.dreamstechnologies.com/html/template/assets/plugins/fontawesome/css/fontawesome.min.css]
[mentoring.dreamstechnologies.com/html/template/assets/plugins/fontawesome/css/all.min.css]
[mentoring.dreamstechnologies.com/html/template/assets/css/style.css]
[mentoring.dreamstechnologies.com/html/template/assets/img/logo.png]
[mentoring.dreamstechnologies.com/html/template/index.html]
[mentoring.dreamstechnologies.com/html/template/assets/img/home-1.jpg]
[mentoring.dreamstechnologies.com/html/template/index-2.html]
[mentoring.dreamstechnologies.com/html/template/assets/img/home-2.jpg]
[mentoring.dreamstechnologies.com/html/template/assets/img/home-3.jpg]
[mentoring.dreamstechnologies.com/html/template/index-3.html]
[mentoring.dreamstechnologies.com/html/template/index-4.html]
[mentoring.dreamstechnologies.com/html/template/assets/img/home-4.jpg]
[mentoring.dreamstechnologies.com/html/template/index-5.html]
[mentoring.dreamstechnologies.com/html/template/assets/img/home-6.jpg]
[mentoring.dreamstechnologies.com/html/template/index-6.html]
[mentoring.dreamstechnologies.com/html/template/assets/img/home-8.jpg]
[mentoring.dreamstechnologies.com/html/template/index-7.html]
[mentoring.dreamstechnologies.com/html/template/assets/img/home-7.jpg]
[mentoring.dreamstechnologies.com/html/template/index-8.html]
[mentoring.dreamstechnologies.com/html/template/assets/img/home-5.jpg]
[mentoring.dreamstechnologies.com/html/template/bookings.html]
[mentoring.dreamstechnologies.com/html/template/schedule-timings.html]
[mentoring.dreamstechnologies.com/html/template/mentee-list.html]
[mentoring.dreamstechnologies.com/html/template/profile-mentee.html]
[mentoring.dreamstechnologies.com/html/template/blog.html]
[mentoring.dreamstechnologies.com/html/template/add-blog.html]
[mentoring.dreamstechnologies.com/html/template/blog-details.html]
[mentoring.dreamstechnologies.com/html/template/edit-blog.html]
[mentoring.dreamstechnologies.com/html/template/chat.html]
[mentoring.dreamstechnologies.com/html/template/invoices.html]
[mentoring.dreamstechnologies.com/html/template/profile-settings.html]
[mentoring.dreamstechnologies.com/html/template/reviews.html]
[mentoring.dreamstechnologies.com/html/template/mentor-register.html]
[mentoring.dreamstechnologies.com/html/template/map-grid.html]
[mentoring.dreamstechnologies.com/html/template/map-list.html]
[mentoring.dreamstechnologies.com/html/template/search.html]
[mentoring.dreamstechnologies.com/html/template/profile.html]
[mentoring.dreamstechnologies.com/html/template/bookings-mentee.html]
[mentoring.dreamstechnologies.com/html/template/checkout.html]
[mentoring.dreamstechnologies.com/html/template/booking-success.html]
[mentoring.dreamstechnologies.com/html/template/dashboard-mentee.html]
[mentoring.dreamstechnologies.com/html/template/favourites.html]
[mentoring.dreamstechnologies.com/html/template/chat-mentee.html]
[mentoring.dreamstechnologies.com/html/template/profile-settings-mentee.html]
[mentoring.dreamstechnologies.com/html/template/change-password.html]
[mentoring.dreamstechnologies.com/html/template/voice-call.html]
[mentoring.dreamstechnologies.com/html/template/video-call.html]
[mentoring.dreamstechnologies.com/html/template/components.html]
[mentoring.dreamstechnologies.com/html/template/invoice-view.html]
[mentoring.dreamstechnologies.com/html/template/blank-page.html]
[mentoring.dreamstechnologies.com/html/template/login.html]
[mentoring.dreamstechnologies.com/html/template/register.html]
[mentoring.dreamstechnologies.com/html/template/forgot-password.html]
[mentoring.dreamstechnologies.com/html/template/blog-list.html]
[mentoring.dreamstechnologies.com/html/template/blog-grid.html]
[mentoring.dreamstechnologies.com/html/template/admin/index.html]
[mentoring.dreamstechnologies.com/html/template/assets/img/user/user.jpg]
[mentoring.dreamstechnologies.com/html/template/assets/img/user/user2.jpg]
[mentoring.dreamstechnologies.com/html/template/assets/img/user/user1.jpg]
[mentoring.dreamstechnologies.com/html/template/assets/img/user/user3.jpg]
[mentoring.dreamstechnologies.com/html/template/assets/img/user/user4.jpg]
[mentoring.dreamstechnologies.com/html/template/assets/img/user/user5.jpg]
[mentoring.dreamstechnologies.com/html/template/assets/img/user/user6.jpg]
[mentoring.dreamstechnologies.com/html/template/assets/img/user/user7.jpg]
[mentoring.dreamstechnologies.com/html/template/booking.html]
[mentoring.dreamstechnologies.com/html/template/appointments.html]
[mentoring.dreamstechnologies.com/html/template/assets/img/icon/location-icon.svg]
[mentoring.dreamstechnologies.com/html/template/assets/img/icon/call-icon.svg]
[mentoring.dreamstechnologies.com/html/template/assets/img/icon/mail-icon.svg]
[mentoring.dreamstechnologies.com/html/template/assets/js/jquery-3.7.1.min.js]
[mentoring.dreamstechnologies.com/html/template/assets/js/bootstrap.bundle.min.js]
[mentoring.dreamstechnologies.com/html/template/assets/plugins/theia-sticky-sidebar/ResizeSensor.js]
[mentoring.dreamstechnologies.com/html/template/assets/plugins/theia-sticky-sidebar/theia-sticky-sidebar.js]
[mentoring.dreamstechnologies.com/html/template/assets/js/script.js]
[mentoring.dreamstechnologies.com/html/template/dashboard.html]
[mentoring.dreamstechnologies.com/html/template/assets/css/bootstrap.min.css]
[mentoring.dreamstechnologies.com/html/template/assets/plugins/fontawesome/css/fontawesome.min.css]
[mentoring.dreamstechnologies.com/html/template/assets/plugins/fontawesome/webfonts/fa-brands-400.woff2]
[mentoring.dreamstechnologies.com/html/template/assets/plugins/fontawesome/webfonts/fa-brands-400.ttf]
[mentoring.dreamstechnologies.com/html/template/assets/plugins/fontawesome/webfonts/fa-regular-400.woff2]
[mentoring.dreamstechnologies.com/html/template/assets/plugins/fontawesome/webfonts/fa-regular-400.ttf]
[mentoring.dreamstechnologies.com/html/template/assets/plugins/fontawesome/webfonts/fa-solid-900.woff2]
[mentoring.dreamstechnologies.com/html/template/assets/plugins/fontawesome/webfonts/fa-solid-900.ttf]
[mentoring.dreamstechnologies.com/html/template/assets/plugins/fontawesome/webfonts/fa-v4compatibility.woff2]
[mentoring.dreamstechnologies.com/html/template/assets/plugins/fontawesome/webfonts/fa-v4compatibility.ttf]
[mentoring.dreamstechnologies.com/html/template/assets/plugins/fontawesome/css/all.min.css]
[mentoring.dreamstechnologies.com/html/template/assets/fonts/MaterialIcons-Regular.eot]
[mentoring.dreamstechnologies.com/html/template/assets/fonts/MaterialIcons-Regular.woff2]
[mentoring.dreamstechnologies.com/html/template/assets/fonts/MaterialIcons-Regular.woff]
[mentoring.dreamstechnologies.com/html/template/assets/fonts/MaterialIcons-Regular.ttf]
[mentoring.dreamstechnologies.com/html/template/assets/img/footer-bg.png]
[mentoring.dreamstechnologies.com/html/template/assets/fonts/impact.ttf]
[mentoring.dreamstechnologies.com/html/template/assets/img/home_art.jpg]
[mentoring.dreamstechnologies.com/html/template/assets/img/banner-img.jpg]
[mentoring.dreamstechnologies.com/html/template/assets/img/location.svg]
[mentoring.dreamstechnologies.com/html/template/assets/img/icon/search-home.svg]
[mentoring.dreamstechnologies.com/html/template/assets/img/bg-slide.png]
[mentoring.dreamstechnologies.com/html/template/assets/img/map-pin.png]
[mentoring.dreamstechnologies.com/html/template/assets/img/banner-img-03.jpg]
[mentoring.dreamstechnologies.com/html/template/assets/img/icon/search-03.svg]
[mentoring.dreamstechnologies.com/html/template/assets/img/icon/location-03.svg]
[mentoring.dreamstechnologies.com/html/template/assets/img/white-dotted.svg]
[mentoring.dreamstechnologies.com/html/template/assets/img/search-1.png]
[mentoring.dreamstechnologies.com/html/template/assets/img/choose-mentor-bg.png]
[mentoring.dreamstechnologies.com/html/template/assets/img/icon/locate-blue.svg]
[mentoring.dreamstechnologies.com/html/template/assets/img/icon/search-blue.svg]
[mentoring.dreamstechnologies.com/html/template/assets/img/categories/bg-2.png]
[mentoring.dreamstechnologies.com/html/template/assets/img/categories/bg-1.png]
[mentoring.dreamstechnologies.com/html/template/assets/img/icon/work-icon-01.png]
[mentoring.dreamstechnologies.com/html/template/assets/img/icon/work-icon-02.png]
[mentoring.dreamstechnologies.com/html/template/assets/img/bg.jpg]
[mentoring.dreamstechnologies.com/html/template/assets/img/bg1.jpg]
[mentoring.dreamstechnologies.com/html/template/assets/img/bg-1.jpg]
[mentoring.dreamstechnologies.com/html/template/assets/img/banner-08.jpg]
[mentoring.dreamstechnologies.com/html/template/assets/img/bg.png]
[mentoring.dreamstechnologies.com/html/template/assets/img/footer-08.jpg]
[mentoring.dreamstechnologies.com/html/template/assets/img/half-circle.png]
[mentoring.dreamstechnologies.com/html/template/assets/img/home-six-banner.png]
[mentoring.dreamstechnologies.com/html/template/assets/img/bg/index-six-bg-04.png]
[mentoring.dreamstechnologies.com/html/template/assets/img/icon/location-02.svg]
[mentoring.dreamstechnologies.com/html/template/assets/img/bg/index-six-bg-03.png]
[mentoring.dreamstechnologies.com/html/template/assets/img/icon/search-blue-house.svg]
[mentoring.dreamstechnologies.com/html/template/assets/img/bg/home-four-bg-01.png]
[mentoring.dreamstechnologies.com/html/template/assets/img/bg/home-four-bg-02.png]
[mentoring.dreamstechnologies.com/html/template/assets/img/bg/home-four-bg-03.png]
[mentoring.dreamstechnologies.com/html/template/assets/img/bg/home-ban.png]
[mentoring.dreamstechnologies.com/html/template/assets/css/style.css]
[mentoring.dreamstechnologies.com/html/template/assets/css/owl.carousel.min.css]
[mentoring.dreamstechnologies.com/html/template/assets/css/owl.theme.default.min.css]
[mentoring.dreamstechnologies.com/html/template/assets/plugins/feather/feather.css]
[mentoring.dreamstechnologies.com/html/template/assets/plugins/aos/aos.css]
[mentoring.dreamstechnologies.com/html/template/assets/img/search-submit.png]
[mentoring.dreamstechnologies.com/html/template/assets/img/icon-1.png]
[mentoring.dreamstechnologies.com/html/template/assets/img/icon-2.png]
[mentoring.dreamstechnologies.com/html/template/assets/img/icon-3.png]
[mentoring.dreamstechnologies.com/html/template/assets/img/user/user15.jpg]
[mentoring.dreamstechnologies.com/html/template/assets/img/user/user9.jpg]
[mentoring.dreamstechnologies.com/html/template/assets/img/user/user13.jpg]
[mentoring.dreamstechnologies.com/html/template/assets/img/user/user11.jpg]
[mentoring.dreamstechnologies.com/html/template/assets/img/user/user12.jpg]
[mentoring.dreamstechnologies.com/html/template/assets/img/path-img1.jpg]
[mentoring.dreamstechnologies.com/html/template/assets/img/path-img2.jpg]
[mentoring.dreamstechnologies.com/html/template/assets/img/path-img3.jpg]
[mentoring.dreamstechnologies.com/html/template/assets/img/path-img4.jpg]
[mentoring.dreamstechnologies.com/html/template/assets/img/path-img5.jpg]
[mentoring.dreamstechnologies.com/html/template/assets/img/path-img6.jpg]
[mentoring.dreamstechnologies.com/html/template/assets/img/path-img7.jpg]
[mentoring.dreamstechnologies.com/html/template/assets/img/path-img8.jpg]
[mentoring.dreamstechnologies.com/html/template/assets/img/user/user30.jpg]
[mentoring.dreamstechnologies.com/html/template/assets/img/user/user31.jpg]
[mentoring.dreamstechnologies.com/html/template/assets/img/user/user32.jpg]
[mentoring.dreamstechnologies.com/html/template/assets/img/user/user29.png]
[mentoring.dreamstechnologies.com/html/template/assets/img/blog/blog-01.jpg]
[mentoring.dreamstechnologies.com/html/template/assets/img/blog/blog-02.jpg]
[mentoring.dreamstechnologies.com/html/template/assets/img/blog/blog-04.jpg]
[mentoring.dreamstechnologies.com/html/template/assets/img/city/city-01.jpg]
[mentoring.dreamstechnologies.com/html/template/assets/img/icon/user-circle-icon.svg]
[mentoring.dreamstechnologies.com/html/template/assets/img/icon/book-content-icon.svg]
[mentoring.dreamstechnologies.com/html/template/assets/img/city/city-03.jpg]
[mentoring.dreamstechnologies.com/html/template/assets/img/city/city-02.jpg]
[mentoring.dreamstechnologies.com/html/template/assets/img/city/city-04.jpg]
[mentoring.dreamstechnologies.com/html/template/assets/img/city/city-05.jpg]
[mentoring.dreamstechnologies.com/html/template/assets/img/city/city-06.jpg]
[mentoring.dreamstechnologies.com/html/template/assets/img/icon/counter-icon-1.svg]
[mentoring.dreamstechnologies.com/html/template/assets/img/icon/counter-icon-2.svg]
[mentoring.dreamstechnologies.com/html/template/assets/img/icon/counter-icon-3.svg]
[mentoring.dreamstechnologies.com/html/template/assets/img/icon/counter-icon-4.svg]
[mentoring.dreamstechnologies.com/html/template/assets/js/jquery.waypoints.js]
[mentoring.dreamstechnologies.com/html/template/assets/js/jquery.counterup.min.js]
[mentoring.dreamstechnologies.com/html/template/assets/js/owl.carousel.min.js]
[mentoring.dreamstechnologies.com/html/template/assets/js/feather.min.js]
[mentoring.dreamstechnologies.com/html/template/assets/plugins/aos/aos.js]
[mentoring.dreamstechnologies.com/html/template/index.html]
[mentoring.dreamstechnologies.com/html/template/assets/img/icon/sign-icon.svg]
[mentoring.dreamstechnologies.com/html/template/assets/img/icon/log-icon.svg]
[mentoring.dreamstechnologies.com/html/template/assets/img/bg/banner-two-bg-01.png]
[mentoring.dreamstechnologies.com/html/template/assets/img/bg/banner-two-bg-02.png]
[mentoring.dreamstechnologies.com/html/template/assets/img/bg/banner-two-bg-03.png]
[mentoring.dreamstechnologies.com/html/template/assets/img/bg/home-two-bg-05.png]
[mentoring.dreamstechnologies.com/html/template/assets/img/icon/index-title-bar.svg]
[mentoring.dreamstechnologies.com/html/template/assets/img/categories/rec-01.jpg]
[mentoring.dreamstechnologies.com/html/template/assets/img/categories/rec-02.jpg]
[mentoring.dreamstechnologies.com/html/template/assets/img/categories/rec-03.jpg]
[mentoring.dreamstechnologies.com/html/template/assets/img/categories/rec-04.jpg]
[mentoring.dreamstechnologies.com/html/template/assets/img/categories/rec-05.jpg]
[mentoring.dreamstechnologies.com/html/template/assets/img/categories/rec-06.jpg]
[mentoring.dreamstechnologies.com/html/template/assets/img/categories/rec-07.jpg]
[mentoring.dreamstechnologies.com/html/template/assets/img/bg/home-two-bg-04.png]
[mentoring.dreamstechnologies.com/html/template/assets/img/bg/home-two-bg-06.png]
[mentoring.dreamstechnologies.com/html/template/assets/img/course/trending-course-04.jpg]
[mentoring.dreamstechnologies.com/html/template/assets/img/icon/user-06.svg]
[mentoring.dreamstechnologies.com/html/template/assets/img/user/profile-01.jpg]
[mentoring.dreamstechnologies.com/html/template/assets/img/course/trending-course-01.jpg]
[mentoring.dreamstechnologies.com/html/template/assets/img/user/profile-02.jpg]
[mentoring.dreamstechnologies.com/html/template/assets/img/course/trending-course-03.jpg]
[mentoring.dreamstechnologies.com/html/template/assets/img/user/profile-03.jpg]
[mentoring.dreamstechnologies.com/html/template/assets/img/bg/home-two-bg-07.png]
[mentoring.dreamstechnologies.com/html/template/assets/img/bg/home-two-bg-08.png]
[mentoring.dreamstechnologies.com/html/template/assets/img/join.png]
[mentoring.dreamstechnologies.com/html/template/assets/img/bg/home-two-bg-09.png]
[mentoring.dreamstechnologies.com/html/template/assets/img/bg/home-two-bg-10.png]
[mentoring.dreamstechnologies.com/html/template/assets/img/user/user16.png]
[mentoring.dreamstechnologies.com/html/template/assets/img/icon/user-icon.svg]
[mentoring.dreamstechnologies.com/html/template/assets/img/user/user17.png]
[mentoring.dreamstechnologies.com/html/template/assets/img/user/user18.png]
[mentoring.dreamstechnologies.com/html/template/assets/img/user/user19.png]
[mentoring.dreamstechnologies.com/html/template/assets/img/bg/home-two-bg-11.png]
[mentoring.dreamstechnologies.com/html/template/assets/img/bg/home-two-bg-12.png]
[mentoring.dreamstechnologies.com/html/template/assets/img/city/city-07.jpg]
[mentoring.dreamstechnologies.com/html/template/assets/img/icon/user-circle-03.svg]
[mentoring.dreamstechnologies.com/html/template/assets/img/city/city-08.jpg]
[mentoring.dreamstechnologies.com/html/template/assets/img/city/city-09.jpg]
[mentoring.dreamstechnologies.com/html/template/assets/img/city/city-10.jpg]
[mentoring.dreamstechnologies.com/html/template/assets/img/user/user20.png]
[mentoring.dreamstechnologies.com/html/template/assets/img/user/user21.png]
[mentoring.dreamstechnologies.com/html/template/assets/img/blog/blog-21.jpg]
[mentoring.dreamstechnologies.com/html/template/assets/img/blog/blog-22.jpg]
[mentoring.dreamstechnologies.com/html/template/assets/img/blog/blog-23.jpg]
[mentoring.dreamstechnologies.com/html/template/assets/img/bg/home-two-bg-14.png]
[mentoring.dreamstechnologies.com/html/template/assets/img/bg/home-two-bg-13.png]
[mentoring.dreamstechnologies.com/html/template/index-2.html]
[mentoring.dreamstechnologies.com/html/template/assets/img/icon/search-white-icon.svg]
[mentoring.dreamstechnologies.com/html/template/assets/img/categories/cate-1.svg]
[mentoring.dreamstechnologies.com/html/template/assets/img/categories/cate-2.svg]
[mentoring.dreamstechnologies.com/html/template/assets/img/categories/cate-3.svg]
[mentoring.dreamstechnologies.com/html/template/assets/img/categories/cate-4.svg]
[mentoring.dreamstechnologies.com/html/template/assets/img/categories/cate-5.svg]
[mentoring.dreamstechnologies.com/html/template/assets/img/categories/cate-6.svg]
[mentoring.dreamstechnologies.com/html/template/assets/img/work-img.png]
[mentoring.dreamstechnologies.com/html/template/assets/img/blog/trend-img-01.jpg]
[mentoring.dreamstechnologies.com/html/template/assets/img/icon/user-icon-05.svg]
[mentoring.dreamstechnologies.com/html/template/assets/img/blog/trend-img-02.jpg]
[mentoring.dreamstechnologies.com/html/template/assets/img/blog/trend-img-03.jpg]
[mentoring.dreamstechnologies.com/html/template/assets/img/blog/trend-img-04.jpg]
[mentoring.dreamstechnologies.com/html/template/assets/img/blog/trend-img-05.jpg]
[mentoring.dreamstechnologies.com/html/template/assets/img/join-02.png]
[mentoring.dreamstechnologies.com/html/template/assets/img/mendor/top-mentor-01.jpg]
[mentoring.dreamstechnologies.com/html/template/assets/img/mendor/top-mentor-02.jpg]
[mentoring.dreamstechnologies.com/html/template/assets/img/mendor/top-mentor-03.jpg]
[mentoring.dreamstechnologies.com/html/template/assets/img/mendor/top-mentor-04.jpg]
[mentoring.dreamstechnologies.com/html/template/assets/img/mendor/top-mentor-05.jpg]
[mentoring.dreamstechnologies.com/html/template/assets/img/mendor/top-mentor-06.jpg]
[mentoring.dreamstechnologies.com/html/template/assets/img/mendor/top-mentor-07.jpg]
[mentoring.dreamstechnologies.com/html/template/assets/img/mendor/top-mentor-08.jpg]
[mentoring.dreamstechnologies.com/html/template/assets/img/blog/trend-img-06.jpg]
[mentoring.dreamstechnologies.com/html/template/assets/img/blog/trend-img-07.jpg]
[mentoring.dreamstechnologies.com/html/template/assets/img/polygon.svg]
[mentoring.dreamstechnologies.com/html/template/assets/img/city/city-14.jpg]
[mentoring.dreamstechnologies.com/html/template/assets/img/city/city-11.jpg]
[mentoring.dreamstechnologies.com/html/template/assets/img/city/city-12.jpg]
[mentoring.dreamstechnologies.com/html/template/assets/img/city/city-13.jpg]
[mentoring.dreamstechnologies.com/html/template/assets/img/great-option-01.png]
[mentoring.dreamstechnologies.com/html/template/assets/img/great-option-02.png]
[mentoring.dreamstechnologies.com/html/template/assets/img/blog/news-blog-01.jpg]
[mentoring.dreamstechnologies.com/html/template/assets/img/icon/time-icon.svg]
[mentoring.dreamstechnologies.com/html/template/assets/img/blog/news-blog-02.jpg]
[mentoring.dreamstechnologies.com/html/template/assets/img/blog/news-blog-03.jpg]
[mentoring.dreamstechnologies.com/html/template/assets/img/icon/subscribe-icon.svg]
[mentoring.dreamstechnologies.com/html/template/index-3.html]
[mentoring.dreamstechnologies.com/html/template/assets/img/logo-5.png]
[mentoring.dreamstechnologies.com/html/template/assets/img/logo-4.png]
[mentoring.dreamstechnologies.com/html/template/assets/img/icon/login-circle.svg]
[mentoring.dreamstechnologies.com/html/template/assets/img/object-4.png]
[mentoring.dreamstechnologies.com/html/template/assets/img/course/course-cat-01.jpg]
[mentoring.dreamstechnologies.com/html/template/assets/img/course/course-cat-02.jpg]
[mentoring.dreamstechnologies.com/html/template/assets/img/course/course-cat-03.jpg]
[mentoring.dreamstechnologies.com/html/template/assets/img/course/course-cat-04.jpg]
[mentoring.dreamstechnologies.com/html/template/assets/img/icon/feature-badge.svg]
[mentoring.dreamstechnologies.com/html/template/assets/img/icon/star-icon.svg]
[mentoring.dreamstechnologies.com/html/template/assets/img/user/user10.jpg]
[mentoring.dreamstechnologies.com/html/template/assets/img/course/trending-course-02.jpg]
[mentoring.dreamstechnologies.com/html/template/assets/img/choose-mentor.png]
[mentoring.dreamstechnologies.com/html/template/assets/img/icon/tick-icon.svg]
[mentoring.dreamstechnologies.com/html/template/assets/img/icon/trust-icon-01.svg]
[mentoring.dreamstechnologies.com/html/template/assets/img/icon/trust-icon-02.svg]
[mentoring.dreamstechnologies.com/html/template/assets/img/icon/trust-icon-03.svg]
[mentoring.dreamstechnologies.com/html/template/assets/img/icon/trust-icon-04.svg]
[mentoring.dreamstechnologies.com/html/template/assets/img/icon/trust-icon-05.svg]
[mentoring.dreamstechnologies.com/html/template/assets/img/mendor/exclusive-mentor-01.jpg]
[mentoring.dreamstechnologies.com/html/template/assets/img/mendor/exclusive-mentor-02.jpg]
[mentoring.dreamstechnologies.com/html/template/assets/img/mendor/exclusive-mentor-03.jpg]
[mentoring.dreamstechnologies.com/html/template/assets/img/mendor/exclusive-mentor-04.jpg]
[mentoring.dreamstechnologies.com/html/template/assets/img/blog/blog-18.jpg]
[mentoring.dreamstechnologies.com/html/template/assets/img/blog/blog-19.jpg]
[mentoring.dreamstechnologies.com/html/template/assets/img/blog/blog-20.jpg]
[mentoring.dreamstechnologies.com/html/template/index-4.html]
[mentoring.dreamstechnologies.com/html/template/assets/img/object-6.png]
[mentoring.dreamstechnologies.com/html/template/assets/img/icon/book-06.svg]
[mentoring.dreamstechnologies.com/html/template/assets/img/icon/course-cat-01.svg]
[mentoring.dreamstechnologies.com/html/template/assets/img/icon/course-cat-02.svg]
[mentoring.dreamstechnologies.com/html/template/assets/img/icon/course-cat-03.svg]
[mentoring.dreamstechnologies.com/html/template/assets/img/icon/course-cat-04.svg]
[mentoring.dreamstechnologies.com/html/template/assets/img/icon/course-cat-05.svg]
[mentoring.dreamstechnologies.com/html/template/assets/img/course/trending-course-05.jpg]
[mentoring.dreamstechnologies.com/html/template/assets/img/course/trending-course-06.jpg]
[mentoring.dreamstechnologies.com/html/template/assets/img/course/trending-course-07.jpg]
[mentoring.dreamstechnologies.com/html/template/assets/img/mendor/exclusive-mentor-05.jpg]
[mentoring.dreamstechnologies.com/html/template/assets/img/mendor/exclusive-mentor-06.jpg]
[mentoring.dreamstechnologies.com/html/template/assets/img/mendor/exclusive-mentor-07.jpg]
[mentoring.dreamstechnologies.com/html/template/assets/img/mendor/exclusive-mentor-08.jpg]
[mentoring.dreamstechnologies.com/html/template/assets/img/bg/home-five-bg-05.svg]
[mentoring.dreamstechnologies.com/html/template/assets/img/bg/home-five-bg-06.svg]
[mentoring.dreamstechnologies.com/html/template/assets/img/bg/home-five-bg-07.svg]
[mentoring.dreamstechnologies.com/html/template/assets/img/icon/quatation-white.svg]
[mentoring.dreamstechnologies.com/html/template/assets/img/choose-mentor-02.png]
[mentoring.dreamstechnologies.com/html/template/assets/img/course/trending-course-08.jpg]
[mentoring.dreamstechnologies.com/html/template/assets/img/mendor/join-ins-01.jpg]
[mentoring.dreamstechnologies.com/html/template/assets/img/mendor/join-ins-02.jpg]
[mentoring.dreamstechnologies.com/html/template/assets/img/course/trending-course-11.jpg]
[mentoring.dreamstechnologies.com/html/template/assets/img/course/trending-course-12.jpg]
[mentoring.dreamstechnologies.com/html/template/assets/img/course/trending-course-13.jpg]
[mentoring.dreamstechnologies.com/html/template/index-5.html]
[mentoring.dreamstechnologies.com/html/template/assets/img/logo-7.png]
[mentoring.dreamstechnologies.com/html/template/assets/img/icon/search-10.svg]
[mentoring.dreamstechnologies.com/html/template/assets/img/mendor/banner-card-01.jpg]
[mentoring.dreamstechnologies.com/html/template/assets/img/mendor/banner-card-02.jpg]
[mentoring.dreamstechnologies.com/html/template/assets/img/mendor/banner-card-03.jpg]
[mentoring.dreamstechnologies.com/html/template/assets/img/mendor/banner-card-04.jpg]
[mentoring.dreamstechnologies.com/html/template/assets/img/bg/arrow-bg.png]
[mentoring.dreamstechnologies.com/html/template/assets/img/bg/index-six-bg-01.png]
[mentoring.dreamstechnologies.com/html/template/assets/img/icon/white-arrow-up.svg]
[mentoring.dreamstechnologies.com/html/template/assets/img/course/trending-course-15.jpg]
[mentoring.dreamstechnologies.com/html/template/assets/img/course/trending-course-16.jpg]
[mentoring.dreamstechnologies.com/html/template/assets/img/course/trending-course-17.jpg]
[mentoring.dreamstechnologies.com/html/template/assets/img/course/trending-course-18.jpg]
[mentoring.dreamstechnologies.com/html/template/assets/img/course/trending-course-19.jpg]
[mentoring.dreamstechnologies.com/html/template/assets/img/improve-skill.jpg]
[mentoring.dreamstechnologies.com/html/template/assets/img/student-bg-01.png]
[mentoring.dreamstechnologies.com/html/template/assets/img/student-bg-02.png]
[mentoring.dreamstechnologies.com/html/template/assets/img/icon/calendar.svg]
[mentoring.dreamstechnologies.com/html/template/assets/img/bg/index-six-bg-02.png]
[mentoring.dreamstechnologies.com/html/template/assets/img/become-mentor.png]
[mentoring.dreamstechnologies.com/html/template/index-6.html]
[mentoring.dreamstechnologies.com/html/template/assets/plugins/select2/css/select2.min.css]
[mentoring.dreamstechnologies.com/html/template/assets/plugins/fancybox/jquery.fancybox.min.css]
[mentoring.dreamstechnologies.com/html/template/assets/plugins/slick/slick.css]
[mentoring.dreamstechnologies.com/html/template/assets/plugins/slick/slick-theme.css]
[mentoring.dreamstechnologies.com/html/template/assets/img/mendor/mendor-01.jpg]
[mentoring.dreamstechnologies.com/html/template/assets/img/mendor/mendor-05.jpg]
[mentoring.dreamstechnologies.com/html/template/assets/img/mendor/mendor-06.jpg]
[mentoring.dreamstechnologies.com/html/template/assets/img/mendor/mendor-07.jpg]
[mentoring.dreamstechnologies.com/html/template/assets/img/course/course-01.jpg]
[mentoring.dreamstechnologies.com/html/template/assets/img/course/course-02.jpg]
[mentoring.dreamstechnologies.com/html/template/assets/img/course/course-03.jpg]
[mentoring.dreamstechnologies.com/html/template/assets/img/course/course-04.jpg]
[mentoring.dreamstechnologies.com/html/template/assets/img/course/course-05.jpg]
[mentoring.dreamstechnologies.com/html/template/assets/img/course/course-06.jpg]
[mentoring.dreamstechnologies.com/html/template/assets/img/course/course-07.jpg]
[mentoring.dreamstechnologies.com/html/template/assets/img/course/course-08.jpg]
[mentoring.dreamstechnologies.com/html/template/assets/img/mendor/mendor-04.jpg]
[mentoring.dreamstechnologies.com/html/template/assets/img/mendor/mendor-03.jpg]
[mentoring.dreamstechnologies.com/html/template/assets/img/mendor/mendor-02.jpg]
[mentoring.dreamstechnologies.com/html/template/assets/img/city/student-testimonial-01.jpg]
[mentoring.dreamstechnologies.com/html/template/assets/img/icon/quatation-icon.svg]
[mentoring.dreamstechnologies.com/html/template/assets/img/city/student-testimonial-02.jpg]
[mentoring.dreamstechnologies.com/html/template/assets/img/city/student-testimonial-03.jpg]
[mentoring.dreamstechnologies.com/html/template/assets/img/city/student-testimonial-04.jpg]
[mentoring.dreamstechnologies.com/html/template/assets/img/city/student-testimonial-05.jpg]
[mentoring.dreamstechnologies.com/html/template/assets/img/blog/blog-16.jpg]
[mentoring.dreamstechnologies.com/html/template/assets/img/blog/blog-17.jpg]
[mentoring.dreamstechnologies.com/html/template/assets/plugins/select2/js/select2.min.js]
[mentoring.dreamstechnologies.com/html/template/assets/plugins/fancybox/jquery.fancybox.min.js]
[mentoring.dreamstechnologies.com/html/template/assets/plugins/slick/slick.js]
[mentoring.dreamstechnologies.com/html/template/index-7.html]
[mentoring.dreamstechnologies.com/html/template/assets/img/logo-6.png]
[mentoring.dreamstechnologies.com/html/template/assets/img/img-1.png]
[mentoring.dreamstechnologies.com/html/template/assets/img/object-5.png]
[mentoring.dreamstechnologies.com/html/template/assets/img/img-2.png]
[mentoring.dreamstechnologies.com/html/template/assets/img/categories/cate-19.png]
[mentoring.dreamstechnologies.com/html/template/assets/img/categories/cate-20.png]
[mentoring.dreamstechnologies.com/html/template/assets/img/categories/cate-21.png]
[mentoring.dreamstechnologies.com/html/template/assets/img/categories/cate-22.png]
[mentoring.dreamstechnologies.com/html/template/assets/img/categories/cate-23.png]
[mentoring.dreamstechnologies.com/html/template/assets/img/categories/cate-24.png]
[mentoring.dreamstechnologies.com/html/template/assets/img/categories/cate-25.png]
[mentoring.dreamstechnologies.com/html/template/assets/img/categories/cate-26.png]
[mentoring.dreamstechnologies.com/html/template/assets/img/img-3.png]
[mentoring.dreamstechnologies.com/html/template/assets/img/course-bg-1.png]
[mentoring.dreamstechnologies.com/html/template/assets/img/course-bg-2.png]
[mentoring.dreamstechnologies.com/html/template/assets/img/user/user-26.jpg]
[mentoring.dreamstechnologies.com/html/template/assets/img/user/user-27.jpg]
[mentoring.dreamstechnologies.com/html/template/assets/img/user/user-28.jpg]
[mentoring.dreamstechnologies.com/html/template/assets/img/user/user-29.jpg]
[mentoring.dreamstechnologies.com/html/template/index-8.html]
[mentoring.dreamstechnologies.com/html/template/bookings.html]
[mentoring.dreamstechnologies.com/html/template/schedule-timings.html]
[mentoring.dreamstechnologies.com/html/template/profile-mentee]
[mentoring.dreamstechnologies.com/html/template/assets/img/user/user8.jpg]
[mentoring.dreamstechnologies.com/html/template/mentee-list.html]
[mentoring.dreamstechnologies.com/html/template/profile-mentee.html]
[mentoring.dreamstechnologies.com/html/template/assets/img/blog/blog-03.jpg]
[mentoring.dreamstechnologies.com/html/template/assets/img/blog/blog-05.jpg]
[mentoring.dreamstechnologies.com/html/template/assets/img/blog/blog-06.jpg]
[mentoring.dreamstechnologies.com/html/template/assets/img/blog/blog-07.jpg]
[mentoring.dreamstechnologies.com/html/template/assets/img/blog/blog-08.jpg]
[mentoring.dreamstechnologies.com/html/template/assets/img/blog/blog-09.jpg]
[mentoring.dreamstechnologies.com/html/template/blog.html]
[mentoring.dreamstechnologies.com/html/template/assets/img/blog/blog-thumb-01.jpg]
[mentoring.dreamstechnologies.com/html/template/assets/img/blog/blog-thumb-02.jpg]
[mentoring.dreamstechnologies.com/html/template/assets/img/blog/blog-thumb-03.jpg]
[mentoring.dreamstechnologies.com/html/template/assets/img/blog/blog-thumb-04.jpg]
[mentoring.dreamstechnologies.com/html/template/blog-details.html]
[mentoring.dreamstechnologies.com/html/template/assets/img/blog/blog-thumb-05.jpg]
[mentoring.dreamstechnologies.com/html/template/add-blog.html]
[mentoring.dreamstechnologies.com/html/template/edit-blog.html]
[mentoring.dreamstechnologies.com/html/template/assets/img/user/user14.jpg]
[mentoring.dreamstechnologies.com/html/template/assets/img/img-02.jpg]
[mentoring.dreamstechnologies.com/html/template/assets/img/img-03.jpg]
[mentoring.dreamstechnologies.com/html/template/assets/img/img-04.jpg]
[mentoring.dreamstechnologies.com/html/template/chat.html]
[mentoring.dreamstechnologies.com/html/template/invoices.html]
[mentoring.dreamstechnologies.com/html/template/assets/css/bootstrap-datetimepicker.min.css]
[mentoring.dreamstechnologies.com/html/template/assets/js/moment.js]
[mentoring.dreamstechnologies.com/html/template/profile-settings.html]
[mentoring.dreamstechnologies.com/html/template/assets/js/bootstrap-datetimepicker.min.js]
[mentoring.dreamstechnologies.com/html/template/reviews.html]
[mentoring.dreamstechnologies.com/html/template/mentor-register.html]
[mentoring.dreamstechnologies.com/html/template/mentee-register.html]
[mentoring.dreamstechnologies.com/html/template/assets/js/map.js]
[mentoring.dreamstechnologies.com/html/template/map-grid.html]
[mentoring.dreamstechnologies.com/html/template/map-list.html]
[mentoring.dreamstechnologies.com/html/template/search.html]
[mentoring.dreamstechnologies.com/html/template/profile.html]
[mentoring.dreamstechnologies.com/html/template/bookings-mentee.html]
[mentoring.dreamstechnologies.com/html/template/checkout.html]
[mentoring.dreamstechnologies.com/html/template/booking-success.html]
[mentoring.dreamstechnologies.com/html/template/dashboard-mentee.html]
[mentoring.dreamstechnologies.com/html/template/favourites.html]
[mentoring.dreamstechnologies.com/html/template/chat-mentee.html]
[mentoring.dreamstechnologies.com/html/template/profile-settings-mentee.html]
[mentoring.dreamstechnologies.com/html/template/change-password.html]
[mentoring.dreamstechnologies.com/html/template/voice-call.html]
[mentoring.dreamstechnologies.com/html/template/assets/img/video-call.jpg]
[mentoring.dreamstechnologies.com/html/template/video-call.html]
[mentoring.dreamstechnologies.com/html/template/assets/img/img-01.jpg]
[mentoring.dreamstechnologies.com/html/template/components.html]
[mentoring.dreamstechnologies.com/html/template/invoice-view.html]
[mentoring.dreamstechnologies.com/html/template/blank-page.html]
[mentoring.dreamstechnologies.com/html/template/login.html]
[mentoring.dreamstechnologies.com/html/template/register.html]
[mentoring.dreamstechnologies.com/html/template/forgot-password.html]
[mentoring.dreamstechnologies.com/html/template/blog-list.html]
[mentoring.dreamstechnologies.com/html/template/assets/img/blog/blog-10.jpg]
[mentoring.dreamstechnologies.com/html/template/blog-grid.html]
[mentoring.dreamstechnologies.com/html/template/admin/assets/img/favicon.png]
[mentoring.dreamstechnologies.com/html/template/admin/assets/css/bootstrap.min.css]
[mentoring.dreamstechnologies.com/html/template/admin/assets/css/font-awesome.min.css]
[mentoring.dreamstechnologies.com/html/template/admin/assets/css/feathericon.min.css]
[mentoring.dreamstechnologies.com/html/template/admin/assets/plugins/morris/morris.css]
[mentoring.dreamstechnologies.com/html/template/admin/assets/css/style.css]
[mentoring.dreamstechnologies.com/html/template/admin/assets/img/logo.png]
[mentoring.dreamstechnologies.com/html/template/admin/assets/img/logo-small.png]
[mentoring.dreamstechnologies.com/html/template/admin/assets/img/user/user.jpg]
[mentoring.dreamstechnologies.com/html/template/admin/assets/img/user/user1.jpg]
[mentoring.dreamstechnologies.com/html/template/admin/assets/img/user/user2.jpg]
[mentoring.dreamstechnologies.com/html/template/admin/assets/img/user/user4.jpg]
[mentoring.dreamstechnologies.com/html/template/admin/assets/img/profiles/avatar-12.jpg]
[mentoring.dreamstechnologies.com/html/template/admin/profile.html]
[mentoring.dreamstechnologies.com/html/template/admin/settings.html]
[mentoring.dreamstechnologies.com/html/template/admin/login.html]
[mentoring.dreamstechnologies.com/html/template/admin/mentor.html]
[mentoring.dreamstechnologies.com/html/template/admin/mentee.html]
[mentoring.dreamstechnologies.com/html/template/admin/booking-list.html]
[mentoring.dreamstechnologies.com/html/template/admin/categories.html]
[mentoring.dreamstechnologies.com/html/template/admin/transactions-list.html]
[mentoring.dreamstechnologies.com/html/template/admin/invoices.html]
[mentoring.dreamstechnologies.com/html/template/admin/invoice-grid.html]
[mentoring.dreamstechnologies.com/html/template/admin/add-invoice.html]
[mentoring.dreamstechnologies.com/html/template/admin/edit-invoice.html]
[mentoring.dreamstechnologies.com/html/template/admin/view-invoice.html]
[mentoring.dreamstechnologies.com/html/template/admin/invoices-settings.html]
[mentoring.dreamstechnologies.com/html/template/admin/invoice-items.html]
[mentoring.dreamstechnologies.com/html/template/admin/blog.html]
[mentoring.dreamstechnologies.com/html/template/admin/blog-details.html]
[mentoring.dreamstechnologies.com/html/template/admin/add-blog.html]
[mentoring.dreamstechnologies.com/html/template/admin/edit-blog.html]
[mentoring.dreamstechnologies.com/html/template/admin/register.html]
[mentoring.dreamstechnologies.com/html/template/admin/forgot-password.html]
[mentoring.dreamstechnologies.com/html/template/admin/lock-screen.html]
[mentoring.dreamstechnologies.com/html/template/admin/error-404.html]
[mentoring.dreamstechnologies.com/html/template/admin/error-500.html]
[mentoring.dreamstechnologies.com/html/template/admin/blank-page.html]
[mentoring.dreamstechnologies.com/html/template/admin/components.html]
[mentoring.dreamstechnologies.com/html/template/admin/form-basic-inputs.html]
[mentoring.dreamstechnologies.com/html/template/admin/form-input-groups.html]
[mentoring.dreamstechnologies.com/html/template/admin/form-horizontal.html]
[mentoring.dreamstechnologies.com/html/template/admin/form-vertical.html]
[mentoring.dreamstechnologies.com/html/template/admin/form-mask.html]
[mentoring.dreamstechnologies.com/html/template/admin/form-validation.html]
[mentoring.dreamstechnologies.com/html/template/admin/tables-basic.html]
[mentoring.dreamstechnologies.com/html/template/admin/data-tables.html]
[mentoring.dreamstechnologies.com/html/template/admin/assets/img/profiles/avatar-08.jpg]
[mentoring.dreamstechnologies.com/html/template/admin/assets/img/profiles/avatar-07.jpg]
[mentoring.dreamstechnologies.com/html/template/admin/assets/img/profiles/avatar-17.jpg]
[mentoring.dreamstechnologies.com/html/template/admin/assets/img/profiles/avatar-06.jpg]
[mentoring.dreamstechnologies.com/html/template/admin/assets/img/profiles/avatar-14.jpg]
[mentoring.dreamstechnologies.com/html/template/admin/assets/img/user/user3.jpg]
[mentoring.dreamstechnologies.com/html/template/admin/assets/js/jquery-3.7.1.min.js]
[mentoring.dreamstechnologies.com/html/template/admin/assets/js/bootstrap.bundle.min.js]
[mentoring.dreamstechnologies.com/html/template/admin/assets/js/feather.min.js]
[mentoring.dreamstechnologies.com/html/template/admin/assets/plugins/slimscroll/jquery.slimscroll.min.js]
[mentoring.dreamstechnologies.com/html/template/admin/assets/plugins/raphael/raphael.min.js]
[mentoring.dreamstechnologies.com/html/template/admin/assets/plugins/morris/morris.min.js]
[mentoring.dreamstechnologies.com/html/template/admin/assets/js/chart.morris.js]
[mentoring.dreamstechnologies.com/html/template/admin/assets/js/script.js]
[mentoring.dreamstechnologies.com/html/template/admin/index.html]
[mentoring.dreamstechnologies.com/html/template/assets/plugins/daterangepicker/daterangepicker.css]
[mentoring.dreamstechnologies.com/html/template/assets/plugins/daterangepicker/daterangepicker.js]
[mentoring.dreamstechnologies.com/html/template/booking.html]
[mentoring.dreamstechnologies.com/html/template/appointments.html]
[mentoring.dreamstechnologies.com/html/template/assets/img/icon/location-icon.svg]
[mentoring.dreamstechnologies.com/html/template/assets/img/icon/call-icon.svg]
[mentoring.dreamstechnologies.com/html/template/assets/img/icon/mail-icon.svg]
[mentoring.dreamstechnologies.com/html/template/assets/img/location.svg]
[mentoring.dreamstechnologies.com/html/template/assets/img/icon/search-home.svg]
[mentoring.dreamstechnologies.com/html/template/assets/img/icon/search-03.svg]
[mentoring.dreamstechnologies.com/html/template/assets/img/icon/location-03.svg]
[mentoring.dreamstechnologies.com/html/template/assets/img/white-dotted.svg]
[mentoring.dreamstechnologies.com/html/template/assets/img/icon/locate-blue.svg]
[mentoring.dreamstechnologies.com/html/template/assets/img/icon/search-blue.svg]
[mentoring.dreamstechnologies.com/html/template/assets/img/icon/location-02.svg]
[mentoring.dreamstechnologies.com/html/template/assets/img/icon/search-blue-house.svg]
[mentoring.dreamstechnologies.com/html/template/assets/css/owl.video.play.png]
[mentoring.dreamstechnologies.com/html/template/assets/css/owl.carousel.min.css]
[mentoring.dreamstechnologies.com/html/template/assets/css/owl.theme.default.min.css]
[mentoring.dreamstechnologies.com/html/template/assets/plugins/feather/fonts/feather-webfont6cfa.eot]
[mentoring.dreamstechnologies.com/html/template/assets/plugins/feather/fonts/feather-webfont6cfa.woff]
[mentoring.dreamstechnologies.com/html/template/assets/plugins/feather/fonts/feather-webfont6cfa.ttf]
[mentoring.dreamstechnologies.com/html/template/assets/plugins/feather/fonts/feather-webfont6cfa.svg]
[mentoring.dreamstechnologies.com/html/template/assets/plugins/feather/feather.css]
[mentoring.dreamstechnologies.com/html/template/assets/plugins/aos/aos.css]
[mentoring.dreamstechnologies.com/html/template/assets/img/icon/user-circle-icon.svg]
[mentoring.dreamstechnologies.com/html/template/assets/img/icon/book-content-icon.svg]
[mentoring.dreamstechnologies.com/html/template/assets/img/icon/counter-icon-1.svg]
[mentoring.dreamstechnologies.com/html/template/assets/img/icon/counter-icon-2.svg]
[mentoring.dreamstechnologies.com/html/template/assets/img/icon/counter-icon-3.svg]
[mentoring.dreamstechnologies.com/html/template/assets/img/icon/counter-icon-4.svg]
[mentoring.dreamstechnologies.com/html/template/assets/img/icon/sign-icon.svg]
[mentoring.dreamstechnologies.com/html/template/assets/img/icon/log-icon.svg]
[mentoring.dreamstechnologies.com/html/template/assets/img/icon/index-title-bar.svg]
[mentoring.dreamstechnologies.com/html/template/assets/img/icon/user-06.svg]
[mentoring.dreamstechnologies.com/html/template/assets/img/icon/user-icon.svg]
[mentoring.dreamstechnologies.com/html/template/assets/img/icon/user-circle-03.svg]
[mentoring.dreamstechnologies.com/html/template/assets/img/icon/search-white-icon.svg]
[mentoring.dreamstechnologies.com/html/template/assets/img/categories/cate-1.svg]
[mentoring.dreamstechnologies.com/html/template/assets/img/categories/cate-2.svg]
[mentoring.dreamstechnologies.com/html/template/assets/img/categories/cate-3.svg]
[mentoring.dreamstechnologies.com/html/template/assets/img/categories/cate-4.svg]
[mentoring.dreamstechnologies.com/html/template/assets/img/categories/cate-5.svg]
[mentoring.dreamstechnologies.com/html/template/assets/img/categories/cate-6.svg]
[mentoring.dreamstechnologies.com/html/template/assets/img/icon/user-icon-05.svg]
[mentoring.dreamstechnologies.com/html/template/assets/img/polygon.svg]
[mentoring.dreamstechnologies.com/html/template/assets/img/icon/time-icon.svg]
[mentoring.dreamstechnologies.com/html/template/assets/img/icon/subscribe-icon.svg]
[mentoring.dreamstechnologies.com/html/template/assets/img/icon/login-circle.svg]
[mentoring.dreamstechnologies.com/html/template/assets/img/icon/feature-badge.svg]
[mentoring.dreamstechnologies.com/html/template/assets/img/icon/star-icon.svg]
[mentoring.dreamstechnologies.com/html/template/assets/img/icon/tick-icon.svg]
[mentoring.dreamstechnologies.com/html/template/assets/img/icon/trust-icon-01.svg]
[mentoring.dreamstechnologies.com/html/template/assets/img/icon/trust-icon-02.svg]
[mentoring.dreamstechnologies.com/html/template/assets/img/icon/trust-icon-03.svg]
[mentoring.dreamstechnologies.com/html/template/assets/img/icon/trust-icon-04.svg]
[mentoring.dreamstechnologies.com/html/template/assets/img/icon/trust-icon-05.svg]
[mentoring.dreamstechnologies.com/html/template/assets/img/icon/book-06.svg]
[mentoring.dreamstechnologies.com/html/template/assets/img/icon/course-cat-01.svg]
[mentoring.dreamstechnologies.com/html/template/assets/img/icon/course-cat-02.svg]
[mentoring.dreamstechnologies.com/html/template/assets/img/icon/course-cat-03.svg]
[mentoring.dreamstechnologies.com/html/template/assets/img/icon/course-cat-04.svg]
[mentoring.dreamstechnologies.com/html/template/assets/img/icon/course-cat-05.svg]
[mentoring.dreamstechnologies.com/html/template/assets/img/bg/home-five-bg-05.svg]
[mentoring.dreamstechnologies.com/html/template/assets/img/bg/home-five-bg-06.svg]
[mentoring.dreamstechnologies.com/html/template/assets/img/bg/home-five-bg-07.svg]
[mentoring.dreamstechnologies.com/html/template/assets/img/icon/quatation-white.svg]
[mentoring.dreamstechnologies.com/html/template/assets/img/icon/search-10.svg]
[mentoring.dreamstechnologies.com/html/template/assets/img/icon/white-arrow-up.svg]
[mentoring.dreamstechnologies.com/html/template/assets/img/icon/calendar.svg]
[mentoring.dreamstechnologies.com/html/template/assets/plugins/select2/css/select2.min.css]
[mentoring.dreamstechnologies.com/html/template/assets/plugins/fancybox/jquery.fancybox.min.css]
[mentoring.dreamstechnologies.com/html/template/assets/plugins/slick/slick.css]
[mentoring.dreamstechnologies.com/html/template/assets/plugins/slick/slick-theme.css]
[mentoring.dreamstechnologies.com/html/template/assets/img/icon/quatation-icon.svg]
[mentoring.dreamstechnologies.com/html/template/profile-mentee-2.html]
[mentoring.dreamstechnologies.com/html/template/assets/css/bootstrap-datetimepicker.min.css]
[mentoring.dreamstechnologies.com/html/template/mentee-register.html]
[mentoring.dreamstechnologies.com/html/template/admin/assets/css/bootstrap.min.css]
[mentoring.dreamstechnologies.com/html/template/admin/assets/css/font-awesome.min.css]
[mentoring.dreamstechnologies.com/html/template/admin/assets/fonts/feathericon.eot]
[mentoring.dreamstechnologies.com/html/template/admin/assets/fonts/feathericond41d.eot]
[mentoring.dreamstechnologies.com/html/template/admin/assets/fonts/feathericon.woff]
[mentoring.dreamstechnologies.com/html/template/admin/assets/fonts/feathericon.ttf]
[mentoring.dreamstechnologies.com/html/template/admin/assets/css/feathericon.min.css]
[mentoring.dreamstechnologies.com/html/template/admin/assets/plugins/morris/morris.css]
[mentoring.dreamstechnologies.com/html/template/admin/assets/fonts/feathericon.svg]
[mentoring.dreamstechnologies.com/html/template/admin/assets/fonts/MaterialIcons-Regular.eot]
[mentoring.dreamstechnologies.com/html/template/admin/assets/fonts/MaterialIcons-Regular.woff2]
[mentoring.dreamstechnologies.com/html/template/admin/assets/fonts/MaterialIcons-Regular.woff]
[mentoring.dreamstechnologies.com/html/template/admin/assets/css/style.css]
[mentoring.dreamstechnologies.com/html/template/admin/profile.html]
[mentoring.dreamstechnologies.com/html/template/admin/assets/fonts/MaterialIcons-Regular.ttf]
[mentoring.dreamstechnologies.com/html/template/admin/assets/css/feather.css]
[mentoring.dreamstechnologies.com/html/template/admin/assets/plugins/select2/css/select2.min.css]
[mentoring.dreamstechnologies.com/html/template/admin/localization-details.html]
[mentoring.dreamstechnologies.com/html/template/admin/payment-settings.html]
[mentoring.dreamstechnologies.com/html/template/admin/email-settings.html]
[mentoring.dreamstechnologies.com/html/template/admin/social-settings.html]
[mentoring.dreamstechnologies.com/html/template/admin/social-links.html]
[mentoring.dreamstechnologies.com/html/template/admin/seo-settings.html]
[mentoring.dreamstechnologies.com/html/template/admin/others-settings.html]
[mentoring.dreamstechnologies.com/html/template/admin/assets/plugins/select2/js/select2.min.js]
[mentoring.dreamstechnologies.com/html/template/admin/settings.html]
[mentoring.dreamstechnologies.com/html/template/admin/assets/img/logo-white.png]
[mentoring.dreamstechnologies.com/html/template/admin/login.html]
[mentoring.dreamstechnologies.com/html/template/admin/assets/plugins/datatables/datatables.min.css]
[mentoring.dreamstechnologies.com/html/template/admin/assets/img/profiles/avatar-18.jpg]
[mentoring.dreamstechnologies.com/html/template/admin/assets/img/user/user7.jpg]
[mentoring.dreamstechnologies.com/html/template/admin/assets/img/user/user8.jpg]
[mentoring.dreamstechnologies.com/html/template/admin/assets/plugins/datatables/jquery.dataTables.min.js]
[mentoring.dreamstechnologies.com/html/template/admin/assets/plugins/datatables/datatables.min.js]
[mentoring.dreamstechnologies.com/html/template/admin/mentor.html]
[mentoring.dreamstechnologies.com/html/template/admin/assets/img/user/user5.jpg]
[mentoring.dreamstechnologies.com/html/template/admin/assets/img/user/user6.jpg]
[mentoring.dreamstechnologies.com/html/template/admin/assets/img/user/user9.jpg]
[mentoring.dreamstechnologies.com/html/template/admin/mentee.html]
[mentoring.dreamstechnologies.com/html/template/admin/booking-list.html]
[mentoring.dreamstechnologies.com/html/template/admin/assets/img/profiles/avatar-01.jpg]
[mentoring.dreamstechnologies.com/html/template/admin/categories.html]
[mentoring.dreamstechnologies.com/html/template/admin/invoice.html]
[mentoring.dreamstechnologies.com/html/template/admin/assets/img/user/user11.jpg]
[mentoring.dreamstechnologies.com/html/template/admin/assets/img/user/user12.jpg]
[mentoring.dreamstechnologies.com/html/template/admin/transactions-list.html]
[mentoring.dreamstechnologies.com/html/template/admin/assets/plugins/fontawesome/css/fontawesome.min.css]
[mentoring.dreamstechnologies.com/html/template/admin/assets/plugins/fontawesome/css/all.min.css]
[mentoring.dreamstechnologies.com/html/template/admin/assets/css/bootstrap-datetimepicker.min.css]
[mentoring.dreamstechnologies.com/html/template/admin/assets/img/icons/invoices-icon5.svg]
[mentoring.dreamstechnologies.com/html/template/admin/invoices-paid.html]
[mentoring.dreamstechnologies.com/html/template/admin/invoices-overdue.html]
[mentoring.dreamstechnologies.com/html/template/admin/invoices-draft.html]
[mentoring.dreamstechnologies.com/html/template/admin/invoices-recurring.html]
[mentoring.dreamstechnologies.com/html/template/admin/invoices-cancelled.html]
[mentoring.dreamstechnologies.com/html/template/admin/assets/img/icons/invoices-icon1.svg]
[mentoring.dreamstechnologies.com/html/template/admin/assets/img/icons/invoices-icon2.svg]
[mentoring.dreamstechnologies.com/html/template/admin/assets/img/icons/invoices-icon3.svg]
[mentoring.dreamstechnologies.com/html/template/admin/assets/img/icons/invoices-icon4.svg]
[mentoring.dreamstechnologies.com/html/template/admin/assets/img/profiles/avatar-04.jpg]
[mentoring.dreamstechnologies.com/html/template/admin/assets/img/profiles/avatar-10.jpg]
[mentoring.dreamstechnologies.com/html/template/admin/assets/img/profiles/avatar-11.jpg]
[mentoring.dreamstechnologies.com/html/template/admin/assets/js/moment.js]
[mentoring.dreamstechnologies.com/html/template/admin/assets/js/bootstrap-datetimepicker.min.js]
[mentoring.dreamstechnologies.com/html/template/admin/invoices.html]
[mentoring.dreamstechnologies.com/html/template/admin/assets/img/profiles/avatar-09.jpg]
[mentoring.dreamstechnologies.com/html/template/admin/assets/img/profiles/avatar-03.jpg]
[mentoring.dreamstechnologies.com/html/template/admin/invoice-grid.html]
[mentoring.dreamstechnologies.com/html/template/admin/assets/img/invoice-circle1.png]
[mentoring.dreamstechnologies.com/html/template/admin/assets/img/invoice-circle2.png]
[mentoring.dreamstechnologies.com/html/template/admin/assets/img/signature.png]
[mentoring.dreamstechnologies.com/html/template/admin/add-invoice.html]
[mentoring.dreamstechnologies.com/html/template/admin/edit-invoice.html]
[mentoring.dreamstechnologies.com/html/template/admin/view-invoice.html]
[mentoring.dreamstechnologies.com/html/template/admin/tax-settings.html]
[mentoring.dreamstechnologies.com/html/template/admin/invoices-settings.html]
[mentoring.dreamstechnologies.com/html/template/admin/bank-settings.html]
[mentoring.dreamstechnologies.com/html/template/admin/invoice-items.html]
[mentoring.dreamstechnologies.com/html/template/admin/invoice-category.html]
[mentoring.dreamstechnologies.com/html/template/admin/assets/img/blog/blog-01.jpg]
[mentoring.dreamstechnologies.com/html/template/admin/assets/img/blog/blog-02.jpg]
[mentoring.dreamstechnologies.com/html/template/admin/blog.html]
[mentoring.dreamstechnologies.com/html/template/admin/blog-details.html]
[mentoring.dreamstechnologies.com/html/template/admin/add-blog.html]
[mentoring.dreamstechnologies.com/html/template/admin/edit-blog.html]
[mentoring.dreamstechnologies.com/html/template/admin/register.html]
[mentoring.dreamstechnologies.com/html/template/admin/forgot-password.html]
[mentoring.dreamstechnologies.com/html/template/admin/lock-screen.html]
[mentoring.dreamstechnologies.com/html/template/admin/error-404.html]
[mentoring.dreamstechnologies.com/html/template/admin/error-500.html]
[mentoring.dreamstechnologies.com/html/template/admin/blank-page.html]
[mentoring.dreamstechnologies.com/html/template/admin/assets/img/blog/blog-03.jpg]
[mentoring.dreamstechnologies.com/html/template/admin/assets/img/profiles/avatar-13.jpg]
[mentoring.dreamstechnologies.com/html/template/admin/components.html]
[mentoring.dreamstechnologies.com/html/template/admin/assets/img/img-01.jpg]
[mentoring.dreamstechnologies.com/html/template/admin/form-basic-inputs.html]
[mentoring.dreamstechnologies.com/html/template/admin/form-input-groups.html]
[mentoring.dreamstechnologies.com/html/template/admin/form-horizontal.html]
[mentoring.dreamstechnologies.com/html/template/admin/form-vertical.html]
[mentoring.dreamstechnologies.com/html/template/admin/assets/js/jquery.maskedinput.min.js]
[mentoring.dreamstechnologies.com/html/template/admin/form-mask.html]
[mentoring.dreamstechnologies.com/html/template/admin/assets/js/mask.js]
[mentoring.dreamstechnologies.com/html/template/admin/assets/js/form-validation.js]
[mentoring.dreamstechnologies.com/html/template/admin/form-validation.html]
[mentoring.dreamstechnologies.com/html/template/admin/tables-basic.html]
[mentoring.dreamstechnologies.com/html/template/admin/data-tables.html]
[mentoring.dreamstechnologies.com/html/template/assets/plugins/daterangepicker/daterangepicker.css]
[mentoring.dreamstechnologies.com/html/template/assets/css/owl.video.play.html]
[mentoring.dreamstechnologies.com/html/template/assets/plugins/feather/fonts/feather-webfont6cfa.html]
[mentoring.dreamstechnologies.com/html/template/assets/plugins/feather/fonts/feather-webfont6cfa-2.html]
[mentoring.dreamstechnologies.com/html/template/assets/plugins/feather/fonts/feather-webfont6cfa-3.html]
[mentoring.dreamstechnologies.com/html/template/admin/assets/fonts/feathericon.svg]
[mentoring.dreamstechnologies.com/html/template/admin/assets/fonts/Feather144f.ttf]
[mentoring.dreamstechnologies.com/html/template/admin/assets/fonts/Feather144f.woff]
[mentoring.dreamstechnologies.com/html/template/admin/assets/css/feather.css]
[mentoring.dreamstechnologies.com/html/template/admin/assets/plugins/select2/css/select2.min.css]
[mentoring.dreamstechnologies.com/html/template/admin/localization-details.html]
[mentoring.dreamstechnologies.com/html/template/admin/payment-settings.html]
[mentoring.dreamstechnologies.com/html/template/admin/email-settings.html]
[mentoring.dreamstechnologies.com/html/template/admin/social-settings.html]
[mentoring.dreamstechnologies.com/html/template/admin/social-links.html]
[mentoring.dreamstechnologies.com/html/template/admin/assets/fonts/Feather144f.svg]
[mentoring.dreamstechnologies.com/html/template/admin/assets/plugins/bootstrap-tagsinput/css/bootstrap-tagsinput.css]
[mentoring.dreamstechnologies.com/html/template/admin/assets/plugins/bootstrap-tagsinput/js/bootstrap-tagsinput.js]
[mentoring.dreamstechnologies.com/html/template/admin/seo-settings.html]
[mentoring.dreamstechnologies.com/html/template/admin/assets/css/ckeditor.css]
[mentoring.dreamstechnologies.com/html/template/admin/others-settings.html]
[mentoring.dreamstechnologies.com/html/template/admin/assets/plugins/datatables/datatables.min.css]
[mentoring.dreamstechnologies.com/html/template/admin/invoice.html]
[mentoring.dreamstechnologies.com/html/template/admin/assets/plugins/fontawesome/css/fontawesome.min.css]
[mentoring.dreamstechnologies.com/html/template/admin/assets/js/ckeditor.js]
[mentoring.dreamstechnologies.com/html/template/admin/assets/plugins/fontawesome/webfonts/fa-brands-400.woff2]
[mentoring.dreamstechnologies.com/html/template/admin/assets/plugins/fontawesome/webfonts/fa-brands-400.ttf]
[mentoring.dreamstechnologies.com/html/template/admin/assets/plugins/fontawesome/webfonts/fa-regular-400.woff2]
[mentoring.dreamstechnologies.com/html/template/admin/assets/plugins/fontawesome/webfonts/fa-regular-400.ttf]
[mentoring.dreamstechnologies.com/html/template/admin/assets/plugins/fontawesome/webfonts/fa-solid-900.woff2]
[mentoring.dreamstechnologies.com/html/template/admin/assets/plugins/fontawesome/webfonts/fa-solid-900.ttf]
[mentoring.dreamstechnologies.com/html/template/admin/assets/plugins/fontawesome/webfonts/fa-v4compatibility.woff2]
[mentoring.dreamstechnologies.com/html/template/admin/assets/plugins/fontawesome/css/all.min.css]
[mentoring.dreamstechnologies.com/html/template/admin/assets/css/bootstrap-datetimepicker.min.css]
[mentoring.dreamstechnologies.com/html/template/admin/assets/img/icons/invoices-icon5.svg]
[mentoring.dreamstechnologies.com/html/template/admin/invoices-paid.html]
[mentoring.dreamstechnologies.com/html/template/admin/invoices-overdue.html]
[mentoring.dreamstechnologies.com/html/template/admin/invoices-draft.html]
[mentoring.dreamstechnologies.com/html/template/admin/invoices-recurring.html]
[mentoring.dreamstechnologies.com/html/template/admin/invoices-cancelled.html]
[mentoring.dreamstechnologies.com/html/template/admin/assets/img/icons/invoices-icon1.svg]
[mentoring.dreamstechnologies.com/html/template/admin/assets/img/icons/invoices-icon2.svg]
[mentoring.dreamstechnologies.com/html/template/admin/assets/img/icons/invoices-icon3.svg]
[mentoring.dreamstechnologies.com/html/template/admin/assets/img/icons/invoices-icon4.svg]
[mentoring.dreamstechnologies.com/html/template/admin/tax-settings.html]
[mentoring.dreamstechnologies.com/html/template/admin/bank-settings.html]
[mentoring.dreamstechnologies.com/html/template/admin/invoice-category.html]
[mentoring.dreamstechnologies.com/html/template/admin/assets/fonts/Feather144f.svg]
[mentoring.dreamstechnologies.com/html/template/admin/assets/plugins/bootstrap-tagsinput/css/bootstrap-tagsinput.css]
[mentoring.dreamstechnologies.com/html/template/admin/assets/plugins/fontawesome/webfonts/fa-v4compatibility.ttf]
[mentoring.dreamstechnologies.com/html/template/admin/assets/img/github.svg]
[mentoring.dreamstechnologies.com/html/template/admin/assets/css/ckeditor.css]
[mentoring.dreamstechnologies.com/html/template/admin/assets/img/github.html]
