[themewagon.github.io/iLanding/index.html]
[backblue.gif]
[fade.gif]
[index.html]
[themewagon.github.io/iLanding/assets/img/favicon.png]
[themewagon.github.io/iLanding/assets/img/apple-touch-icon.png]
[themewagon.github.io/iLanding/assets/vendor/bootstrap/css/bootstrap.min.css]
[themewagon.github.io/iLanding/assets/vendor/bootstrap-icons/bootstrap-icons.css]
[themewagon.github.io/iLanding/assets/vendor/aos/aos.css]
[themewagon.github.io/iLanding/assets/vendor/glightbox/css/glightbox.min.css]
[themewagon.github.io/iLanding/assets/vendor/swiper/swiper-bundle.min.css]
[themewagon.github.io/iLanding/assets/css/main.css]
[themewagon.github.io/iLanding/index-2.html]
[themewagon.github.io/iLanding/assets/img/illustration-1.webp]
[themewagon.github.io/iLanding/assets/img/avatar-1.webp]
[themewagon.github.io/iLanding/assets/img/avatar-2.webp]
[themewagon.github.io/iLanding/assets/img/avatar-3.webp]
[themewagon.github.io/iLanding/assets/img/avatar-4.webp]
[themewagon.github.io/iLanding/assets/img/avatar-5.webp]
[themewagon.github.io/iLanding/assets/img/about-5.webp]
[themewagon.github.io/iLanding/assets/img/about-2.webp]
[themewagon.github.io/iLanding/assets/img/features-illustration-1.webp]
[themewagon.github.io/iLanding/assets/img/features-illustration-2.webp]
[themewagon.github.io/iLanding/assets/img/features-illustration-3.webp]
[themewagon.github.io/iLanding/assets/img/phone-app-screen.webp]
[themewagon.github.io/iLanding/assets/img/clients/client-1.png]
[themewagon.github.io/iLanding/assets/img/clients/client-2.png]
[themewagon.github.io/iLanding/assets/img/clients/client-3.png]
[themewagon.github.io/iLanding/assets/img/clients/client-4.png]
[themewagon.github.io/iLanding/assets/img/clients/client-5.png]
[themewagon.github.io/iLanding/assets/img/clients/client-6.png]
[themewagon.github.io/iLanding/assets/img/clients/client-7.png]
[themewagon.github.io/iLanding/assets/img/clients/client-8.png]
[themewagon.github.io/iLanding/assets/img/testimonials/testimonials-1.jpg]
[themewagon.github.io/iLanding/assets/img/testimonials/testimonials-2.jpg]
[themewagon.github.io/iLanding/assets/img/testimonials/testimonials-3.jpg]
[themewagon.github.io/iLanding/assets/img/testimonials/testimonials-4.jpg]
[themewagon.github.io/iLanding/service-details.html]
[themewagon.github.io/iLanding/assets/vendor/bootstrap/js/bootstrap.bundle.min.js]
[themewagon.github.io/iLanding/assets/vendor/php-email-form/validate.js]
[themewagon.github.io/iLanding/assets/vendor/aos/aos.js]
[themewagon.github.io/iLanding/assets/vendor/glightbox/js/glightbox.min.js]
[themewagon.github.io/iLanding/assets/vendor/swiper/swiper-bundle.min.js]
[themewagon.github.io/iLanding/assets/vendor/purecounter/purecounter_vanilla.js]
[themewagon.github.io/iLanding/index.html]
[themewagon.github.io/iLanding/assets/vendor/bootstrap/css/bootstrap.min.css]
[themewagon.github.io/iLanding/assets/js/main.js]
[themewagon.github.io/iLanding/assets/vendor/bootstrap-icons/fonts/bootstrap-icons0107.woff2]
[themewagon.github.io/iLanding/assets/vendor/bootstrap-icons/fonts/bootstrap-icons0107.woff]
[themewagon.github.io/iLanding/assets/vendor/bootstrap-icons/bootstrap-icons.css]
[themewagon.github.io/iLanding/assets/vendor/aos/aos.css]
[themewagon.github.io/iLanding/assets/vendor/glightbox/css/glightbox.min.css]
[themewagon.github.io/iLanding/assets/vendor/swiper/swiper-bundle.min.css]
[themewagon.github.io/iLanding/assets/css/main.css]
[themewagon.github.io/iLanding/index-2.html]
[themewagon.github.io/iLanding/assets/img/services.jpg]
[themewagon.github.io/iLanding/service-details.html]
